Archive member included to satisfy reference by file (symbol)

.\CortexM0\ARM_GCC_541\Debug\IDAC_lab.a(IDAC.o)
                              .\CortexM0\ARM_GCC_541\Debug\main.o (IDAC_Start)
.\CortexM0\ARM_GCC_541\Debug\IDAC_lab.a(Timer.o)
                              .\CortexM0\ARM_GCC_541\Debug\main.o (Timer_Start)
.\CortexM0\ARM_GCC_541\Debug\IDAC_lab.a(isr.o)
                              .\CortexM0\ARM_GCC_541\Debug\main.o (isr_StartEx)
.\CortexM0\ARM_GCC_541\Debug\IDAC_lab.a(CyLib.o)
                              .\CortexM0\ARM_GCC_541\Debug\cyfitter_cfg.o (CyIntEnable)
.\CortexM0\ARM_GCC_541\Debug\IDAC_lab.a(CyLFClk.o)
                              .\CortexM0\ARM_GCC_541\Debug\cyfitter_cfg.o (CySysWdtIsr)
.\CortexM0\ARM_GCC_541\Debug\IDAC_lab.a(LCD.o)
                              .\CortexM0\ARM_GCC_541\Debug\main.o (LCD_PrintString)
.\CortexM0\ARM_GCC_541\Debug\IDAC_lab.a(isr_start.o)
                              .\CortexM0\ARM_GCC_541\Debug\main.o (isr_start_StartEx)
.\CortexM0\ARM_GCC_541\Debug\IDAC_lab.a(Timer_Stop.o)
                              .\CortexM0\ARM_GCC_541\Debug\main.o (Timer_Stop_Stop)
.\CortexM0\ARM_GCC_541\Debug\IDAC_lab.a(isr_stop.o)
                              .\CortexM0\ARM_GCC_541\Debug\main.o (isr_stop_StartEx)
.\CortexM0\ARM_GCC_541\Debug\IDAC_lab.a(CyBootAsmGnu.o)
                              .\CortexM0\ARM_GCC_541\Debug\IDAC_lab.a(CyLib.o) (CyDelayCycles)
c:/program files/cypress/psoc creator/4.2/psoc creator/import/gnu/arm/5.4.1/bin/../lib/gcc/arm-none-eabi/5.4.1/armv6-m\libgcc.a(_udivsi3.o)
                              .\CortexM0\ARM_GCC_541\Debug\IDAC_lab.a(CyLib.o) (__aeabi_uidiv)
c:/program files/cypress/psoc creator/4.2/psoc creator/import/gnu/arm/5.4.1/bin/../lib/gcc/arm-none-eabi/5.4.1/armv6-m\libgcc.a(_dvmd_tls.o)
                              c:/program files/cypress/psoc creator/4.2/psoc creator/import/gnu/arm/5.4.1/bin/../lib/gcc/arm-none-eabi/5.4.1/armv6-m\libgcc.a(_udivsi3.o) (__aeabi_idiv0)
c:/program files/cypress/psoc creator/4.2/psoc creator/import/gnu/arm/5.4.1/bin/../lib/gcc/arm-none-eabi/5.4.1/armv6-m\libgcc.a(_fixunssfsi.o)
                              .\CortexM0\ARM_GCC_541\Debug\main.o (__aeabi_f2uiz)
c:/program files/cypress/psoc creator/4.2/psoc creator/import/gnu/arm/5.4.1/bin/../lib/gcc/arm-none-eabi/5.4.1/armv6-m\libgcc.a(addsf3.o)
                              .\CortexM0\ARM_GCC_541\Debug\main.o (__aeabi_fadd)
c:/program files/cypress/psoc creator/4.2/psoc creator/import/gnu/arm/5.4.1/bin/../lib/gcc/arm-none-eabi/5.4.1/armv6-m\libgcc.a(mulsf3.o)
                              .\CortexM0\ARM_GCC_541\Debug\main.o (__aeabi_fmul)
c:/program files/cypress/psoc creator/4.2/psoc creator/import/gnu/arm/5.4.1/bin/../lib/gcc/arm-none-eabi/5.4.1/armv6-m\libgcc.a(subsf3.o)
                              c:/program files/cypress/psoc creator/4.2/psoc creator/import/gnu/arm/5.4.1/bin/../lib/gcc/arm-none-eabi/5.4.1/armv6-m\libgcc.a(_fixunssfsi.o) (__aeabi_fsub)
c:/program files/cypress/psoc creator/4.2/psoc creator/import/gnu/arm/5.4.1/bin/../lib/gcc/arm-none-eabi/5.4.1/armv6-m\libgcc.a(fixsfsi.o)
                              c:/program files/cypress/psoc creator/4.2/psoc creator/import/gnu/arm/5.4.1/bin/../lib/gcc/arm-none-eabi/5.4.1/armv6-m\libgcc.a(_fixunssfsi.o) (__aeabi_f2iz)
c:/program files/cypress/psoc creator/4.2/psoc creator/import/gnu/arm/5.4.1/bin/../lib/gcc/arm-none-eabi/5.4.1/armv6-m\libgcc.a(floatsisf.o)
                              .\CortexM0\ARM_GCC_541\Debug\main.o (__aeabi_i2f)
c:/program files/cypress/psoc creator/4.2/psoc creator/import/gnu/arm/5.4.1/bin/../lib/gcc/arm-none-eabi/5.4.1/armv6-m\libgcc.a(_arm_cmpsf2.o)
                              c:/program files/cypress/psoc creator/4.2/psoc creator/import/gnu/arm/5.4.1/bin/../lib/gcc/arm-none-eabi/5.4.1/armv6-m\libgcc.a(_fixunssfsi.o) (__aeabi_fcmpge)
c:/program files/cypress/psoc creator/4.2/psoc creator/import/gnu/arm/5.4.1/bin/../lib/gcc/arm-none-eabi/5.4.1/armv6-m\libgcc.a(_clzsi2.o)
                              c:/program files/cypress/psoc creator/4.2/psoc creator/import/gnu/arm/5.4.1/bin/../lib/gcc/arm-none-eabi/5.4.1/armv6-m\libgcc.a(addsf3.o) (__clzsi2)
c:/program files/cypress/psoc creator/4.2/psoc creator/import/gnu/arm/5.4.1/bin/../lib/gcc/arm-none-eabi/5.4.1/armv6-m\libgcc.a(eqsf2.o)
                              c:/program files/cypress/psoc creator/4.2/psoc creator/import/gnu/arm/5.4.1/bin/../lib/gcc/arm-none-eabi/5.4.1/armv6-m\libgcc.a(_arm_cmpsf2.o) (__eqsf2)
c:/program files/cypress/psoc creator/4.2/psoc creator/import/gnu/arm/5.4.1/bin/../lib/gcc/arm-none-eabi/5.4.1/armv6-m\libgcc.a(gesf2.o)
                              c:/program files/cypress/psoc creator/4.2/psoc creator/import/gnu/arm/5.4.1/bin/../lib/gcc/arm-none-eabi/5.4.1/armv6-m\libgcc.a(_arm_cmpsf2.o) (__gesf2)
c:/program files/cypress/psoc creator/4.2/psoc creator/import/gnu/arm/5.4.1/bin/../lib/gcc/arm-none-eabi/5.4.1/armv6-m\libgcc.a(lesf2.o)
                              c:/program files/cypress/psoc creator/4.2/psoc creator/import/gnu/arm/5.4.1/bin/../lib/gcc/arm-none-eabi/5.4.1/armv6-m\libgcc.a(_arm_cmpsf2.o) (__lesf2)
c:/program files/cypress/psoc creator/4.2/psoc creator/import/gnu/arm/5.4.1/bin/../lib/gcc/arm-none-eabi/5.4.1/../../../../arm-none-eabi/lib/armv6-m\libg_nano.a(lib_a-errno.o)
                              .\CortexM0\ARM_GCC_541\Debug\Cm0Start.o (__errno)
c:/program files/cypress/psoc creator/4.2/psoc creator/import/gnu/arm/5.4.1/bin/../lib/gcc/arm-none-eabi/5.4.1/../../../../arm-none-eabi/lib/armv6-m\libg_nano.a(lib_a-exit.o)
                              c:/program files/cypress/psoc creator/4.2/psoc creator/import/gnu/arm/5.4.1/bin/../lib/gcc/arm-none-eabi/5.4.1/../../../../arm-none-eabi/lib/armv6-m/crt0.o (exit)
c:/program files/cypress/psoc creator/4.2/psoc creator/import/gnu/arm/5.4.1/bin/../lib/gcc/arm-none-eabi/5.4.1/../../../../arm-none-eabi/lib/armv6-m\libg_nano.a(lib_a-impure.o)
                              c:/program files/cypress/psoc creator/4.2/psoc creator/import/gnu/arm/5.4.1/bin/../lib/gcc/arm-none-eabi/5.4.1/../../../../arm-none-eabi/lib/armv6-m\libg_nano.a(lib_a-exit.o) (_global_impure_ptr)
c:/program files/cypress/psoc creator/4.2/psoc creator/import/gnu/arm/5.4.1/bin/../lib/gcc/arm-none-eabi/5.4.1/../../../../arm-none-eabi/lib/armv6-m\libg_nano.a(lib_a-init.o)
                              c:/program files/cypress/psoc creator/4.2/psoc creator/import/gnu/arm/5.4.1/bin/../lib/gcc/arm-none-eabi/5.4.1/../../../../arm-none-eabi/lib/armv6-m/crt0.o (__libc_init_array)
c:/program files/cypress/psoc creator/4.2/psoc creator/import/gnu/arm/5.4.1/bin/../lib/gcc/arm-none-eabi/5.4.1/../../../../arm-none-eabi/lib/armv6-m\libg_nano.a(lib_a-memset.o)
                              c:/program files/cypress/psoc creator/4.2/psoc creator/import/gnu/arm/5.4.1/bin/../lib/gcc/arm-none-eabi/5.4.1/../../../../arm-none-eabi/lib/armv6-m/crt0.o (memset)

Discarded input sections

 .text          0x00000000        0x0 c:/program files/cypress/psoc creator/4.2/psoc creator/import/gnu/arm/5.4.1/bin/../lib/gcc/arm-none-eabi/5.4.1/armv6-m/crti.o
 .data          0x00000000        0x0 c:/program files/cypress/psoc creator/4.2/psoc creator/import/gnu/arm/5.4.1/bin/../lib/gcc/arm-none-eabi/5.4.1/armv6-m/crti.o
 .bss           0x00000000        0x0 c:/program files/cypress/psoc creator/4.2/psoc creator/import/gnu/arm/5.4.1/bin/../lib/gcc/arm-none-eabi/5.4.1/armv6-m/crti.o
 .data          0x00000000        0x4 c:/program files/cypress/psoc creator/4.2/psoc creator/import/gnu/arm/5.4.1/bin/../lib/gcc/arm-none-eabi/5.4.1/armv6-m/crtbegin.o
 .text          0x00000000       0x78 c:/program files/cypress/psoc creator/4.2/psoc creator/import/gnu/arm/5.4.1/bin/../lib/gcc/arm-none-eabi/5.4.1/../../../../arm-none-eabi/lib/armv6-m/crt0.o
 .data          0x00000000        0x0 c:/program files/cypress/psoc creator/4.2/psoc creator/import/gnu/arm/5.4.1/bin/../lib/gcc/arm-none-eabi/5.4.1/../../../../arm-none-eabi/lib/armv6-m/crt0.o
 .bss           0x00000000        0x0 c:/program files/cypress/psoc creator/4.2/psoc creator/import/gnu/arm/5.4.1/bin/../lib/gcc/arm-none-eabi/5.4.1/../../../../arm-none-eabi/lib/armv6-m/crt0.o
 .ARM.extab     0x00000000        0x0 c:/program files/cypress/psoc creator/4.2/psoc creator/import/gnu/arm/5.4.1/bin/../lib/gcc/arm-none-eabi/5.4.1/../../../../arm-none-eabi/lib/armv6-m/crt0.o
 .ARM.exidx     0x00000000        0x8 c:/program files/cypress/psoc creator/4.2/psoc creator/import/gnu/arm/5.4.1/bin/../lib/gcc/arm-none-eabi/5.4.1/../../../../arm-none-eabi/lib/armv6-m/crt0.o
 .text          0x00000000        0x0 .\CortexM0\ARM_GCC_541\Debug\main.o
 .text          0x00000000        0x0 .\CortexM0\ARM_GCC_541\Debug\cyfitter_cfg.o
 .data          0x00000000        0x0 .\CortexM0\ARM_GCC_541\Debug\cyfitter_cfg.o
 .bss           0x00000000        0x0 .\CortexM0\ARM_GCC_541\Debug\cyfitter_cfg.o
 .text          0x00000000        0x0 .\CortexM0\ARM_GCC_541\Debug\cymetadata.o
 .data          0x00000000        0x0 .\CortexM0\ARM_GCC_541\Debug\cymetadata.o
 .bss           0x00000000        0x0 .\CortexM0\ARM_GCC_541\Debug\cymetadata.o
 .text          0x00000000        0x0 .\CortexM0\ARM_GCC_541\Debug\Cm0Start.o
 .data          0x00000000        0x4 .\CortexM0\ARM_GCC_541\Debug\Cm0Start.o
 .bss           0x00000000        0x0 .\CortexM0\ARM_GCC_541\Debug\Cm0Start.o
 .text._exit    0x00000000        0xc .\CortexM0\ARM_GCC_541\Debug\Cm0Start.o
 .text._sbrk    0x00000000       0x30 .\CortexM0\ARM_GCC_541\Debug\Cm0Start.o
 .text          0x00000000        0x0 .\CortexM0\ARM_GCC_541\Debug\IDAC_lab.a(IDAC.o)
 .data          0x00000000        0x0 .\CortexM0\ARM_GCC_541\Debug\IDAC_lab.a(IDAC.o)
 .text.IDAC_Stop
                0x00000000       0x20 .\CortexM0\ARM_GCC_541\Debug\IDAC_lab.a(IDAC.o)
 .text          0x00000000        0x0 .\CortexM0\ARM_GCC_541\Debug\IDAC_lab.a(Timer.o)
 .data          0x00000000        0x0 .\CortexM0\ARM_GCC_541\Debug\IDAC_lab.a(Timer.o)
 .text.Timer_Stop
                0x00000000       0x10 .\CortexM0\ARM_GCC_541\Debug\IDAC_lab.a(Timer.o)
 .text.Timer_SoftwareCapture
                0x00000000        0xc .\CortexM0\ARM_GCC_541\Debug\IDAC_lab.a(Timer.o)
 .text.Timer_ReadControlRegister
                0x00000000        0xc .\CortexM0\ARM_GCC_541\Debug\IDAC_lab.a(Timer.o)
 .text.Timer_WriteControlRegister
                0x00000000        0xc .\CortexM0\ARM_GCC_541\Debug\IDAC_lab.a(Timer.o)
 .text.Timer_ReadPeriod
                0x00000000        0xc .\CortexM0\ARM_GCC_541\Debug\IDAC_lab.a(Timer.o)
 .text.Timer_ReadCounter
                0x00000000       0x14 .\CortexM0\ARM_GCC_541\Debug\IDAC_lab.a(Timer.o)
 .text          0x00000000        0x0 .\CortexM0\ARM_GCC_541\Debug\IDAC_lab.a(isr.o)
 .data          0x00000000        0x0 .\CortexM0\ARM_GCC_541\Debug\IDAC_lab.a(isr.o)
 .bss           0x00000000        0x0 .\CortexM0\ARM_GCC_541\Debug\IDAC_lab.a(isr.o)
 .text.isr_Interrupt
                0x00000000        0x4 .\CortexM0\ARM_GCC_541\Debug\IDAC_lab.a(isr.o)
 .text.isr_GetVector
                0x00000000        0xc .\CortexM0\ARM_GCC_541\Debug\IDAC_lab.a(isr.o)
 .text.isr_GetPriority
                0x00000000       0x10 .\CortexM0\ARM_GCC_541\Debug\IDAC_lab.a(isr.o)
 .text.isr_GetState
                0x00000000       0x10 .\CortexM0\ARM_GCC_541\Debug\IDAC_lab.a(isr.o)
 .text.isr_Start
                0x00000000       0x1c .\CortexM0\ARM_GCC_541\Debug\IDAC_lab.a(isr.o)
 .text.isr_Stop
                0x00000000       0x14 .\CortexM0\ARM_GCC_541\Debug\IDAC_lab.a(isr.o)
 .text.isr_SetPending
                0x00000000        0xc .\CortexM0\ARM_GCC_541\Debug\IDAC_lab.a(isr.o)
 .text.isr_ClearPending
                0x00000000        0xc .\CortexM0\ARM_GCC_541\Debug\IDAC_lab.a(isr.o)
 .text          0x00000000        0x0 .\CortexM0\ARM_GCC_541\Debug\IDAC_lab.a(CyLib.o)
 .bss           0x00000000       0x18 .\CortexM0\ARM_GCC_541\Debug\IDAC_lab.a(CyLib.o)
 .text.CySysClkImoStart
                0x00000000       0x14 .\CortexM0\ARM_GCC_541\Debug\IDAC_lab.a(CyLib.o)
 .text.CySysClkImoStop
                0x00000000       0x10 .\CortexM0\ARM_GCC_541\Debug\IDAC_lab.a(CyLib.o)
 .text.CySysClkWriteHfclkDirect
                0x00000000       0x20 .\CortexM0\ARM_GCC_541\Debug\IDAC_lab.a(CyLib.o)
 .text.CySysEnablePumpClock
                0x00000000       0x38 .\CortexM0\ARM_GCC_541\Debug\IDAC_lab.a(CyLib.o)
 .text.CySysClkGetSysclkSource
                0x00000000       0x1c .\CortexM0\ARM_GCC_541\Debug\IDAC_lab.a(CyLib.o)
 .text.CySysClkWriteSysclkDiv
                0x00000000       0x30 .\CortexM0\ARM_GCC_541\Debug\IDAC_lab.a(CyLib.o)
 .text.CySysLvdDisable
                0x00000000       0x20 .\CortexM0\ARM_GCC_541\Debug\IDAC_lab.a(CyLib.o)
 .text.CySysLvdGetInterruptSource
                0x00000000       0x10 .\CortexM0\ARM_GCC_541\Debug\IDAC_lab.a(CyLib.o)
 .text.CySysLvdClearInterrupt
                0x00000000        0xc .\CortexM0\ARM_GCC_541\Debug\IDAC_lab.a(CyLib.o)
 .text.CySysGetResetReason
                0x00000000       0x14 .\CortexM0\ARM_GCC_541\Debug\IDAC_lab.a(CyLib.o)
 .text.CyDisableInts
                0x00000000       0x10 .\CortexM0\ARM_GCC_541\Debug\IDAC_lab.a(CyLib.o)
 .text.CyEnableInts
                0x00000000        0xc .\CortexM0\ARM_GCC_541\Debug\IDAC_lab.a(CyLib.o)
 .text.CyIntGetState
                0x00000000       0x18 .\CortexM0\ARM_GCC_541\Debug\IDAC_lab.a(CyLib.o)
 .text.CyIntDisable
                0x00000000       0x14 .\CortexM0\ARM_GCC_541\Debug\IDAC_lab.a(CyLib.o)
 .text.CyIntSetPending
                0x00000000       0x14 .\CortexM0\ARM_GCC_541\Debug\IDAC_lab.a(CyLib.o)
 .text.CyIntClearPending
                0x00000000       0x14 .\CortexM0\ARM_GCC_541\Debug\IDAC_lab.a(CyLib.o)
 .text.CyIntSetSysVector
                0x00000000       0x20 .\CortexM0\ARM_GCC_541\Debug\IDAC_lab.a(CyLib.o)
 .text.CyIntGetSysVector
                0x00000000       0x1c .\CortexM0\ARM_GCC_541\Debug\IDAC_lab.a(CyLib.o)
 .text.CyIntGetVector
                0x00000000       0x20 .\CortexM0\ARM_GCC_541\Debug\IDAC_lab.a(CyLib.o)
 .text.CyIntSetPriority
                0x00000000       0x4c .\CortexM0\ARM_GCC_541\Debug\IDAC_lab.a(CyLib.o)
 .text.CyIntGetPriority
                0x00000000       0x2c .\CortexM0\ARM_GCC_541\Debug\IDAC_lab.a(CyLib.o)
 .text.CySoftwareReset
                0x00000000       0x18 .\CortexM0\ARM_GCC_541\Debug\IDAC_lab.a(CyLib.o)
 .text.CySysLvdEnable
                0x00000000       0x44 .\CortexM0\ARM_GCC_541\Debug\IDAC_lab.a(CyLib.o)
 .text.CyDelayFreq
                0x00000000       0x4c .\CortexM0\ARM_GCC_541\Debug\IDAC_lab.a(CyLib.o)
 .text.CySysTickStop
                0x00000000       0x10 .\CortexM0\ARM_GCC_541\Debug\IDAC_lab.a(CyLib.o)
 .text.CySysTickEnableInterrupt
                0x00000000       0x10 .\CortexM0\ARM_GCC_541\Debug\IDAC_lab.a(CyLib.o)
 .text.CySysTickEnable
                0x00000000       0x18 .\CortexM0\ARM_GCC_541\Debug\IDAC_lab.a(CyLib.o)
 .text.CySysTickDisableInterrupt
                0x00000000       0x10 .\CortexM0\ARM_GCC_541\Debug\IDAC_lab.a(CyLib.o)
 .text.CySysTickSetReload
                0x00000000       0x10 .\CortexM0\ARM_GCC_541\Debug\IDAC_lab.a(CyLib.o)
 .text.CySysTickGetReload
                0x00000000       0x10 .\CortexM0\ARM_GCC_541\Debug\IDAC_lab.a(CyLib.o)
 .text.CySysTickGetValue
                0x00000000       0x10 .\CortexM0\ARM_GCC_541\Debug\IDAC_lab.a(CyLib.o)
 .text.CySysTickGetCountFlag
                0x00000000       0x10 .\CortexM0\ARM_GCC_541\Debug\IDAC_lab.a(CyLib.o)
 .text.CySysTickServiceCallbacks
                0x00000000       0x28 .\CortexM0\ARM_GCC_541\Debug\IDAC_lab.a(CyLib.o)
 .text.CySysTickClear
                0x00000000        0xc .\CortexM0\ARM_GCC_541\Debug\IDAC_lab.a(CyLib.o)
 .text.CySysTickInit
                0x00000000       0x40 .\CortexM0\ARM_GCC_541\Debug\IDAC_lab.a(CyLib.o)
 .text.CySysTickStart
                0x00000000       0x20 .\CortexM0\ARM_GCC_541\Debug\IDAC_lab.a(CyLib.o)
 .text.CySysTickSetCallback
                0x00000000       0x10 .\CortexM0\ARM_GCC_541\Debug\IDAC_lab.a(CyLib.o)
 .text.CySysTickGetCallback
                0x00000000        0xc .\CortexM0\ARM_GCC_541\Debug\IDAC_lab.a(CyLib.o)
 .text.CyGetUniqueId
                0x00000000       0x70 .\CortexM0\ARM_GCC_541\Debug\IDAC_lab.a(CyLib.o)
 .text          0x00000000        0x0 .\CortexM0\ARM_GCC_541\Debug\IDAC_lab.a(CyLFClk.o)
 .text.CySysClkIloEnabled
                0x00000000       0x14 .\CortexM0\ARM_GCC_541\Debug\IDAC_lab.a(CyLFClk.o)
 .text.CySysClkIloStart
                0x00000000       0x14 .\CortexM0\ARM_GCC_541\Debug\IDAC_lab.a(CyLFClk.o)
 .text.CySysClkIloStartMeasurement
                0x00000000       0x34 .\CortexM0\ARM_GCC_541\Debug\IDAC_lab.a(CyLFClk.o)
 .text.CySysClkIloStopMeasurement
                0x00000000       0x14 .\CortexM0\ARM_GCC_541\Debug\IDAC_lab.a(CyLFClk.o)
 .text.CySysClkIloCompensate
                0x00000000      0x104 .\CortexM0\ARM_GCC_541\Debug\IDAC_lab.a(CyLFClk.o)
 .text.CySysWdtGetEnabledStatus
                0x00000000       0x24 .\CortexM0\ARM_GCC_541\Debug\IDAC_lab.a(CyLFClk.o)
 .text.CySysWdtSetMode
                0x00000000       0x38 .\CortexM0\ARM_GCC_541\Debug\IDAC_lab.a(CyLFClk.o)
 .text.CySysClkLfclkPosedgeRestore
                0x00000000       0x2c .\CortexM0\ARM_GCC_541\Debug\IDAC_lab.a(CyLFClk.o)
 .text.CySysWdtGetMode
                0x00000000       0x14 .\CortexM0\ARM_GCC_541\Debug\IDAC_lab.a(CyLFClk.o)
 .text.CySysWdtSetClearOnMatch
                0x00000000       0x34 .\CortexM0\ARM_GCC_541\Debug\IDAC_lab.a(CyLFClk.o)
 .text.CySysWdtGetClearOnMatch
                0x00000000       0x24 .\CortexM0\ARM_GCC_541\Debug\IDAC_lab.a(CyLFClk.o)
 .text.CySysWdtEnable
                0x00000000       0x40 .\CortexM0\ARM_GCC_541\Debug\IDAC_lab.a(CyLFClk.o)
 .text.CySysWdtDisable
                0x00000000       0x44 .\CortexM0\ARM_GCC_541\Debug\IDAC_lab.a(CyLFClk.o)
 .text.CySysWdtSetCascade
                0x00000000       0x34 .\CortexM0\ARM_GCC_541\Debug\IDAC_lab.a(CyLFClk.o)
 .text.CySysWdtGetCascade
                0x00000000       0x14 .\CortexM0\ARM_GCC_541\Debug\IDAC_lab.a(CyLFClk.o)
 .text.CySysWdtSetMatch
                0x00000000       0x38 .\CortexM0\ARM_GCC_541\Debug\IDAC_lab.a(CyLFClk.o)
 .text.CySysWdtSetToggleBit
                0x00000000       0x30 .\CortexM0\ARM_GCC_541\Debug\IDAC_lab.a(CyLFClk.o)
 .text.CySysWdtGetToggleBit
                0x00000000       0x10 .\CortexM0\ARM_GCC_541\Debug\IDAC_lab.a(CyLFClk.o)
 .text.CySysWdtGetMatch
                0x00000000       0x20 .\CortexM0\ARM_GCC_541\Debug\IDAC_lab.a(CyLFClk.o)
 .text.CySysWdtGetCount
                0x00000000       0x3c .\CortexM0\ARM_GCC_541\Debug\IDAC_lab.a(CyLFClk.o)
 .text.CySysClkLfclkPosedgeCatch
                0x00000000       0x74 .\CortexM0\ARM_GCC_541\Debug\IDAC_lab.a(CyLFClk.o)
 .text.CySysClkIloStop
                0x00000000       0x38 .\CortexM0\ARM_GCC_541\Debug\IDAC_lab.a(CyLFClk.o)
 .text.CySysWdtGetInterruptSource
                0x00000000       0x14 .\CortexM0\ARM_GCC_541\Debug\IDAC_lab.a(CyLFClk.o)
 .text.CySysWdtResetCounters
                0x00000000       0x20 .\CortexM0\ARM_GCC_541\Debug\IDAC_lab.a(CyLFClk.o)
 .text.CySysWdtSetInterruptCallback
                0x00000000       0x20 .\CortexM0\ARM_GCC_541\Debug\IDAC_lab.a(CyLFClk.o)
 .text.CySysWdtGetInterruptCallback
                0x00000000       0x20 .\CortexM0\ARM_GCC_541\Debug\IDAC_lab.a(CyLFClk.o)
 .text.CySysWdtEnableCounterIsr
                0x00000000       0x34 .\CortexM0\ARM_GCC_541\Debug\IDAC_lab.a(CyLFClk.o)
 .text.CySysWdtDisableCounterIsr
                0x00000000       0x28 .\CortexM0\ARM_GCC_541\Debug\IDAC_lab.a(CyLFClk.o)
 .text.CySysWatchdogFeed
                0x00000000       0x60 .\CortexM0\ARM_GCC_541\Debug\IDAC_lab.a(CyLFClk.o)
 .text.CySysTimerDelayUntilMatch
                0x00000000       0x6c .\CortexM0\ARM_GCC_541\Debug\IDAC_lab.a(CyLFClk.o)
 .text.CySysTimerDelay
                0x00000000       0x3c .\CortexM0\ARM_GCC_541\Debug\IDAC_lab.a(CyLFClk.o)
 .rodata        0x00000000        0xc .\CortexM0\ARM_GCC_541\Debug\IDAC_lab.a(CyLFClk.o)
 .text          0x00000000        0x0 .\CortexM0\ARM_GCC_541\Debug\IDAC_lab.a(LCD.o)
 .data          0x00000000        0x0 .\CortexM0\ARM_GCC_541\Debug\IDAC_lab.a(LCD.o)
 .bss           0x00000000        0x2 .\CortexM0\ARM_GCC_541\Debug\IDAC_lab.a(LCD.o)
 .text.LCD_PutChar
                0x00000000        0x8 .\CortexM0\ARM_GCC_541\Debug\IDAC_lab.a(LCD.o)
 .text.LCD_Enable
                0x00000000       0x14 .\CortexM0\ARM_GCC_541\Debug\IDAC_lab.a(LCD.o)
 .text.LCD_Start
                0x00000000       0x20 .\CortexM0\ARM_GCC_541\Debug\IDAC_lab.a(LCD.o)
 .text.LCD_Stop
                0x00000000       0x14 .\CortexM0\ARM_GCC_541\Debug\IDAC_lab.a(LCD.o)
 .text.LCD_PrintInt8
                0x00000000       0x20 .\CortexM0\ARM_GCC_541\Debug\IDAC_lab.a(LCD.o)
 .text.LCD_PrintInt16
                0x00000000       0x14 .\CortexM0\ARM_GCC_541\Debug\IDAC_lab.a(LCD.o)
 .text.LCD_PrintInt32
                0x00000000       0x1c .\CortexM0\ARM_GCC_541\Debug\IDAC_lab.a(LCD.o)
 .text.LCD_PrintU32Number
                0x00000000       0x4c .\CortexM0\ARM_GCC_541\Debug\IDAC_lab.a(LCD.o)
 .rodata        0x00000000       0x10 .\CortexM0\ARM_GCC_541\Debug\IDAC_lab.a(LCD.o)
 .text          0x00000000        0x0 .\CortexM0\ARM_GCC_541\Debug\IDAC_lab.a(isr_start.o)
 .data          0x00000000        0x0 .\CortexM0\ARM_GCC_541\Debug\IDAC_lab.a(isr_start.o)
 .bss           0x00000000        0x0 .\CortexM0\ARM_GCC_541\Debug\IDAC_lab.a(isr_start.o)
 .text.isr_start_Interrupt
                0x00000000        0x4 .\CortexM0\ARM_GCC_541\Debug\IDAC_lab.a(isr_start.o)
 .text.isr_start_GetVector
                0x00000000        0xc .\CortexM0\ARM_GCC_541\Debug\IDAC_lab.a(isr_start.o)
 .text.isr_start_GetPriority
                0x00000000       0x10 .\CortexM0\ARM_GCC_541\Debug\IDAC_lab.a(isr_start.o)
 .text.isr_start_GetState
                0x00000000       0x14 .\CortexM0\ARM_GCC_541\Debug\IDAC_lab.a(isr_start.o)
 .text.isr_start_Start
                0x00000000       0x1c .\CortexM0\ARM_GCC_541\Debug\IDAC_lab.a(isr_start.o)
 .text.isr_start_Stop
                0x00000000       0x14 .\CortexM0\ARM_GCC_541\Debug\IDAC_lab.a(isr_start.o)
 .text.isr_start_SetPending
                0x00000000        0xc .\CortexM0\ARM_GCC_541\Debug\IDAC_lab.a(isr_start.o)
 .text.isr_start_ClearPending
                0x00000000        0xc .\CortexM0\ARM_GCC_541\Debug\IDAC_lab.a(isr_start.o)
 .text          0x00000000        0x0 .\CortexM0\ARM_GCC_541\Debug\IDAC_lab.a(Timer_Stop.o)
 .data          0x00000000        0x0 .\CortexM0\ARM_GCC_541\Debug\IDAC_lab.a(Timer_Stop.o)
 .text.Timer_Stop_SoftwareCapture
                0x00000000        0xc .\CortexM0\ARM_GCC_541\Debug\IDAC_lab.a(Timer_Stop.o)
 .text.Timer_Stop_ReadControlRegister
                0x00000000        0xc .\CortexM0\ARM_GCC_541\Debug\IDAC_lab.a(Timer_Stop.o)
 .text.Timer_Stop_WriteControlRegister
                0x00000000        0xc .\CortexM0\ARM_GCC_541\Debug\IDAC_lab.a(Timer_Stop.o)
 .text.Timer_Stop_ReadPeriod
                0x00000000        0xc .\CortexM0\ARM_GCC_541\Debug\IDAC_lab.a(Timer_Stop.o)
 .text.Timer_Stop_ReadCounter
                0x00000000       0x14 .\CortexM0\ARM_GCC_541\Debug\IDAC_lab.a(Timer_Stop.o)
 .text          0x00000000        0x0 .\CortexM0\ARM_GCC_541\Debug\IDAC_lab.a(isr_stop.o)
 .data          0x00000000        0x0 .\CortexM0\ARM_GCC_541\Debug\IDAC_lab.a(isr_stop.o)
 .bss           0x00000000        0x0 .\CortexM0\ARM_GCC_541\Debug\IDAC_lab.a(isr_stop.o)
 .text.isr_stop_Interrupt
                0x00000000        0x4 .\CortexM0\ARM_GCC_541\Debug\IDAC_lab.a(isr_stop.o)
 .text.isr_stop_GetVector
                0x00000000        0xc .\CortexM0\ARM_GCC_541\Debug\IDAC_lab.a(isr_stop.o)
 .text.isr_stop_GetPriority
                0x00000000        0xc .\CortexM0\ARM_GCC_541\Debug\IDAC_lab.a(isr_stop.o)
 .text.isr_stop_GetState
                0x00000000       0x14 .\CortexM0\ARM_GCC_541\Debug\IDAC_lab.a(isr_stop.o)
 .text.isr_stop_Start
                0x00000000       0x1c .\CortexM0\ARM_GCC_541\Debug\IDAC_lab.a(isr_stop.o)
 .text.isr_stop_Stop
                0x00000000       0x14 .\CortexM0\ARM_GCC_541\Debug\IDAC_lab.a(isr_stop.o)
 .text.isr_stop_SetPending
                0x00000000        0xc .\CortexM0\ARM_GCC_541\Debug\IDAC_lab.a(isr_stop.o)
 .text.isr_stop_ClearPending
                0x00000000        0xc .\CortexM0\ARM_GCC_541\Debug\IDAC_lab.a(isr_stop.o)
 .data          0x00000000        0x0 .\CortexM0\ARM_GCC_541\Debug\IDAC_lab.a(CyBootAsmGnu.o)
 .bss           0x00000000        0x0 .\CortexM0\ARM_GCC_541\Debug\IDAC_lab.a(CyBootAsmGnu.o)
 .text          0x00000000      0x114 c:/program files/cypress/psoc creator/4.2/psoc creator/import/gnu/arm/5.4.1/bin/../lib/gcc/arm-none-eabi/5.4.1/armv6-m\libgcc.a(_udivsi3.o)
 .data          0x00000000        0x0 c:/program files/cypress/psoc creator/4.2/psoc creator/import/gnu/arm/5.4.1/bin/../lib/gcc/arm-none-eabi/5.4.1/armv6-m\libgcc.a(_udivsi3.o)
 .bss           0x00000000        0x0 c:/program files/cypress/psoc creator/4.2/psoc creator/import/gnu/arm/5.4.1/bin/../lib/gcc/arm-none-eabi/5.4.1/armv6-m\libgcc.a(_udivsi3.o)
 .text          0x00000000        0x4 c:/program files/cypress/psoc creator/4.2/psoc creator/import/gnu/arm/5.4.1/bin/../lib/gcc/arm-none-eabi/5.4.1/armv6-m\libgcc.a(_dvmd_tls.o)
 .data          0x00000000        0x0 c:/program files/cypress/psoc creator/4.2/psoc creator/import/gnu/arm/5.4.1/bin/../lib/gcc/arm-none-eabi/5.4.1/armv6-m\libgcc.a(_dvmd_tls.o)
 .bss           0x00000000        0x0 c:/program files/cypress/psoc creator/4.2/psoc creator/import/gnu/arm/5.4.1/bin/../lib/gcc/arm-none-eabi/5.4.1/armv6-m\libgcc.a(_dvmd_tls.o)
 .data          0x00000000        0x0 c:/program files/cypress/psoc creator/4.2/psoc creator/import/gnu/arm/5.4.1/bin/../lib/gcc/arm-none-eabi/5.4.1/armv6-m\libgcc.a(_fixunssfsi.o)
 .bss           0x00000000        0x0 c:/program files/cypress/psoc creator/4.2/psoc creator/import/gnu/arm/5.4.1/bin/../lib/gcc/arm-none-eabi/5.4.1/armv6-m\libgcc.a(_fixunssfsi.o)
 .data          0x00000000        0x0 c:/program files/cypress/psoc creator/4.2/psoc creator/import/gnu/arm/5.4.1/bin/../lib/gcc/arm-none-eabi/5.4.1/armv6-m\libgcc.a(addsf3.o)
 .bss           0x00000000        0x0 c:/program files/cypress/psoc creator/4.2/psoc creator/import/gnu/arm/5.4.1/bin/../lib/gcc/arm-none-eabi/5.4.1/armv6-m\libgcc.a(addsf3.o)
 .data          0x00000000        0x0 c:/program files/cypress/psoc creator/4.2/psoc creator/import/gnu/arm/5.4.1/bin/../lib/gcc/arm-none-eabi/5.4.1/armv6-m\libgcc.a(mulsf3.o)
 .bss           0x00000000        0x0 c:/program files/cypress/psoc creator/4.2/psoc creator/import/gnu/arm/5.4.1/bin/../lib/gcc/arm-none-eabi/5.4.1/armv6-m\libgcc.a(mulsf3.o)
 .data          0x00000000        0x0 c:/program files/cypress/psoc creator/4.2/psoc creator/import/gnu/arm/5.4.1/bin/../lib/gcc/arm-none-eabi/5.4.1/armv6-m\libgcc.a(subsf3.o)
 .bss           0x00000000        0x0 c:/program files/cypress/psoc creator/4.2/psoc creator/import/gnu/arm/5.4.1/bin/../lib/gcc/arm-none-eabi/5.4.1/armv6-m\libgcc.a(subsf3.o)
 .data          0x00000000        0x0 c:/program files/cypress/psoc creator/4.2/psoc creator/import/gnu/arm/5.4.1/bin/../lib/gcc/arm-none-eabi/5.4.1/armv6-m\libgcc.a(fixsfsi.o)
 .bss           0x00000000        0x0 c:/program files/cypress/psoc creator/4.2/psoc creator/import/gnu/arm/5.4.1/bin/../lib/gcc/arm-none-eabi/5.4.1/armv6-m\libgcc.a(fixsfsi.o)
 .data          0x00000000        0x0 c:/program files/cypress/psoc creator/4.2/psoc creator/import/gnu/arm/5.4.1/bin/../lib/gcc/arm-none-eabi/5.4.1/armv6-m\libgcc.a(floatsisf.o)
 .bss           0x00000000        0x0 c:/program files/cypress/psoc creator/4.2/psoc creator/import/gnu/arm/5.4.1/bin/../lib/gcc/arm-none-eabi/5.4.1/armv6-m\libgcc.a(floatsisf.o)
 .data          0x00000000        0x0 c:/program files/cypress/psoc creator/4.2/psoc creator/import/gnu/arm/5.4.1/bin/../lib/gcc/arm-none-eabi/5.4.1/armv6-m\libgcc.a(_arm_cmpsf2.o)
 .bss           0x00000000        0x0 c:/program files/cypress/psoc creator/4.2/psoc creator/import/gnu/arm/5.4.1/bin/../lib/gcc/arm-none-eabi/5.4.1/armv6-m\libgcc.a(_arm_cmpsf2.o)
 .data          0x00000000        0x0 c:/program files/cypress/psoc creator/4.2/psoc creator/import/gnu/arm/5.4.1/bin/../lib/gcc/arm-none-eabi/5.4.1/armv6-m\libgcc.a(_clzsi2.o)
 .bss           0x00000000        0x0 c:/program files/cypress/psoc creator/4.2/psoc creator/import/gnu/arm/5.4.1/bin/../lib/gcc/arm-none-eabi/5.4.1/armv6-m\libgcc.a(_clzsi2.o)
 .data          0x00000000        0x0 c:/program files/cypress/psoc creator/4.2/psoc creator/import/gnu/arm/5.4.1/bin/../lib/gcc/arm-none-eabi/5.4.1/armv6-m\libgcc.a(eqsf2.o)
 .bss           0x00000000        0x0 c:/program files/cypress/psoc creator/4.2/psoc creator/import/gnu/arm/5.4.1/bin/../lib/gcc/arm-none-eabi/5.4.1/armv6-m\libgcc.a(eqsf2.o)
 .data          0x00000000        0x0 c:/program files/cypress/psoc creator/4.2/psoc creator/import/gnu/arm/5.4.1/bin/../lib/gcc/arm-none-eabi/5.4.1/armv6-m\libgcc.a(gesf2.o)
 .bss           0x00000000        0x0 c:/program files/cypress/psoc creator/4.2/psoc creator/import/gnu/arm/5.4.1/bin/../lib/gcc/arm-none-eabi/5.4.1/armv6-m\libgcc.a(gesf2.o)
 .data          0x00000000        0x0 c:/program files/cypress/psoc creator/4.2/psoc creator/import/gnu/arm/5.4.1/bin/../lib/gcc/arm-none-eabi/5.4.1/armv6-m\libgcc.a(lesf2.o)
 .bss           0x00000000        0x0 c:/program files/cypress/psoc creator/4.2/psoc creator/import/gnu/arm/5.4.1/bin/../lib/gcc/arm-none-eabi/5.4.1/armv6-m\libgcc.a(lesf2.o)
 .text          0x00000000        0x0 c:/program files/cypress/psoc creator/4.2/psoc creator/import/gnu/arm/5.4.1/bin/../lib/gcc/arm-none-eabi/5.4.1/../../../../arm-none-eabi/lib/armv6-m\libg_nano.a(lib_a-errno.o)
 .data          0x00000000        0x0 c:/program files/cypress/psoc creator/4.2/psoc creator/import/gnu/arm/5.4.1/bin/../lib/gcc/arm-none-eabi/5.4.1/../../../../arm-none-eabi/lib/armv6-m\libg_nano.a(lib_a-errno.o)
 .bss           0x00000000        0x0 c:/program files/cypress/psoc creator/4.2/psoc creator/import/gnu/arm/5.4.1/bin/../lib/gcc/arm-none-eabi/5.4.1/../../../../arm-none-eabi/lib/armv6-m\libg_nano.a(lib_a-errno.o)
 .text          0x00000000        0x0 c:/program files/cypress/psoc creator/4.2/psoc creator/import/gnu/arm/5.4.1/bin/../lib/gcc/arm-none-eabi/5.4.1/../../../../arm-none-eabi/lib/armv6-m\libg_nano.a(lib_a-exit.o)
 .data          0x00000000        0x0 c:/program files/cypress/psoc creator/4.2/psoc creator/import/gnu/arm/5.4.1/bin/../lib/gcc/arm-none-eabi/5.4.1/../../../../arm-none-eabi/lib/armv6-m\libg_nano.a(lib_a-exit.o)
 .bss           0x00000000        0x0 c:/program files/cypress/psoc creator/4.2/psoc creator/import/gnu/arm/5.4.1/bin/../lib/gcc/arm-none-eabi/5.4.1/../../../../arm-none-eabi/lib/armv6-m\libg_nano.a(lib_a-exit.o)
 .text.exit     0x00000000       0x2c c:/program files/cypress/psoc creator/4.2/psoc creator/import/gnu/arm/5.4.1/bin/../lib/gcc/arm-none-eabi/5.4.1/../../../../arm-none-eabi/lib/armv6-m\libg_nano.a(lib_a-exit.o)
 .text          0x00000000        0x0 c:/program files/cypress/psoc creator/4.2/psoc creator/import/gnu/arm/5.4.1/bin/../lib/gcc/arm-none-eabi/5.4.1/../../../../arm-none-eabi/lib/armv6-m\libg_nano.a(lib_a-impure.o)
 .data          0x00000000        0x0 c:/program files/cypress/psoc creator/4.2/psoc creator/import/gnu/arm/5.4.1/bin/../lib/gcc/arm-none-eabi/5.4.1/../../../../arm-none-eabi/lib/armv6-m\libg_nano.a(lib_a-impure.o)
 .bss           0x00000000        0x0 c:/program files/cypress/psoc creator/4.2/psoc creator/import/gnu/arm/5.4.1/bin/../lib/gcc/arm-none-eabi/5.4.1/../../../../arm-none-eabi/lib/armv6-m\libg_nano.a(lib_a-impure.o)
 .rodata._global_impure_ptr
                0x00000000        0x4 c:/program files/cypress/psoc creator/4.2/psoc creator/import/gnu/arm/5.4.1/bin/../lib/gcc/arm-none-eabi/5.4.1/../../../../arm-none-eabi/lib/armv6-m\libg_nano.a(lib_a-impure.o)
 .text          0x00000000        0x0 c:/program files/cypress/psoc creator/4.2/psoc creator/import/gnu/arm/5.4.1/bin/../lib/gcc/arm-none-eabi/5.4.1/../../../../arm-none-eabi/lib/armv6-m\libg_nano.a(lib_a-init.o)
 .data          0x00000000        0x0 c:/program files/cypress/psoc creator/4.2/psoc creator/import/gnu/arm/5.4.1/bin/../lib/gcc/arm-none-eabi/5.4.1/../../../../arm-none-eabi/lib/armv6-m\libg_nano.a(lib_a-init.o)
 .bss           0x00000000        0x0 c:/program files/cypress/psoc creator/4.2/psoc creator/import/gnu/arm/5.4.1/bin/../lib/gcc/arm-none-eabi/5.4.1/../../../../arm-none-eabi/lib/armv6-m\libg_nano.a(lib_a-init.o)
 .text          0x00000000        0x0 c:/program files/cypress/psoc creator/4.2/psoc creator/import/gnu/arm/5.4.1/bin/../lib/gcc/arm-none-eabi/5.4.1/../../../../arm-none-eabi/lib/armv6-m\libg_nano.a(lib_a-memset.o)
 .data          0x00000000        0x0 c:/program files/cypress/psoc creator/4.2/psoc creator/import/gnu/arm/5.4.1/bin/../lib/gcc/arm-none-eabi/5.4.1/../../../../arm-none-eabi/lib/armv6-m\libg_nano.a(lib_a-memset.o)
 .bss           0x00000000        0x0 c:/program files/cypress/psoc creator/4.2/psoc creator/import/gnu/arm/5.4.1/bin/../lib/gcc/arm-none-eabi/5.4.1/../../../../arm-none-eabi/lib/armv6-m\libg_nano.a(lib_a-memset.o)
 .text          0x00000000        0x0 c:/program files/cypress/psoc creator/4.2/psoc creator/import/gnu/arm/5.4.1/bin/../lib/gcc/arm-none-eabi/5.4.1/armv6-m/crtend.o
 .data          0x00000000        0x0 c:/program files/cypress/psoc creator/4.2/psoc creator/import/gnu/arm/5.4.1/bin/../lib/gcc/arm-none-eabi/5.4.1/armv6-m/crtend.o
 .bss           0x00000000        0x0 c:/program files/cypress/psoc creator/4.2/psoc creator/import/gnu/arm/5.4.1/bin/../lib/gcc/arm-none-eabi/5.4.1/armv6-m/crtend.o
 .text          0x00000000        0x0 c:/program files/cypress/psoc creator/4.2/psoc creator/import/gnu/arm/5.4.1/bin/../lib/gcc/arm-none-eabi/5.4.1/armv6-m/crtn.o
 .data          0x00000000        0x0 c:/program files/cypress/psoc creator/4.2/psoc creator/import/gnu/arm/5.4.1/bin/../lib/gcc/arm-none-eabi/5.4.1/armv6-m/crtn.o
 .bss           0x00000000        0x0 c:/program files/cypress/psoc creator/4.2/psoc creator/import/gnu/arm/5.4.1/bin/../lib/gcc/arm-none-eabi/5.4.1/armv6-m/crtn.o

Memory Configuration

Name             Origin             Length             Attributes
rom              0x00000000         0x00008000         xr
ram              0x20000000         0x00001000         xrw
*default*        0x00000000         0xffffffff

Linker script and memory map

LOAD c:/program files/cypress/psoc creator/4.2/psoc creator/import/gnu/arm/5.4.1/bin/../lib/gcc/arm-none-eabi/5.4.1/armv6-m/crti.o
LOAD c:/program files/cypress/psoc creator/4.2/psoc creator/import/gnu/arm/5.4.1/bin/../lib/gcc/arm-none-eabi/5.4.1/armv6-m/crtbegin.o
LOAD c:/program files/cypress/psoc creator/4.2/psoc creator/import/gnu/arm/5.4.1/bin/../lib/gcc/arm-none-eabi/5.4.1/../../../../arm-none-eabi/lib/armv6-m/crt0.o
START GROUP
LOAD .\CortexM0\ARM_GCC_541\Debug\main.o
LOAD .\CortexM0\ARM_GCC_541\Debug\cyfitter_cfg.o
LOAD .\CortexM0\ARM_GCC_541\Debug\cymetadata.o
LOAD .\CortexM0\ARM_GCC_541\Debug\Cm0Start.o
LOAD .\CortexM0\ARM_GCC_541\Debug\IDAC_lab.a
END GROUP
START GROUP
LOAD c:/program files/cypress/psoc creator/4.2/psoc creator/import/gnu/arm/5.4.1/bin/../lib/gcc/arm-none-eabi/5.4.1/armv6-m\libgcc.a
LOAD c:/program files/cypress/psoc creator/4.2/psoc creator/import/gnu/arm/5.4.1/bin/../lib/gcc/arm-none-eabi/5.4.1/../../../../arm-none-eabi/lib/armv6-m\libg_nano.a
LOAD c:/program files/cypress/psoc creator/4.2/psoc creator/import/gnu/arm/5.4.1/bin/../lib/gcc/arm-none-eabi/5.4.1/../../../../arm-none-eabi/lib/armv6-m\libc_nano.a
END GROUP
START GROUP
LOAD c:/program files/cypress/psoc creator/4.2/psoc creator/import/gnu/arm/5.4.1/bin/../lib/gcc/arm-none-eabi/5.4.1/armv6-m\libgcc.a
LOAD c:/program files/cypress/psoc creator/4.2/psoc creator/import/gnu/arm/5.4.1/bin/../lib/gcc/arm-none-eabi/5.4.1/../../../../arm-none-eabi/lib/armv6-m\libc_nano.a
END GROUP
LOAD c:/program files/cypress/psoc creator/4.2/psoc creator/import/gnu/arm/5.4.1/bin/../lib/gcc/arm-none-eabi/5.4.1/armv6-m/crtend.o
LOAD c:/program files/cypress/psoc creator/4.2/psoc creator/import/gnu/arm/5.4.1/bin/../lib/gcc/arm-none-eabi/5.4.1/armv6-m/crtn.o
START GROUP
LOAD c:/program files/cypress/psoc creator/4.2/psoc creator/import/gnu/arm/5.4.1/bin/../lib/gcc/arm-none-eabi/5.4.1/armv6-m\libgcc.a
LOAD c:/program files/cypress/psoc creator/4.2/psoc creator/import/gnu/arm/5.4.1/bin/../lib/gcc/arm-none-eabi/5.4.1/../../../../arm-none-eabi/lib/armv6-m\libc.a
LOAD c:/program files/cypress/psoc creator/4.2/psoc creator/import/gnu/arm/5.4.1/bin/../lib/gcc/arm-none-eabi/5.4.1/../../../../arm-none-eabi/lib/armv6-m\libnosys.a
END GROUP
                0x00000000                CY_APPL_ORIGIN = 0x0
                0x00000080                CY_FLASH_ROW_SIZE = 0x80
                0x00000001                CY_APPL_NUM = 0x1
                0x00000001                CY_APPL_MAX = 0x1
                0x00000040                CY_METADATA_SIZE = 0x40
                0x00000000                CY_APPL_LOADABLE = 0x0
                0x00000000                CY_CHECKSUM_EXCLUDE_SIZE = ALIGN (0x0, CY_FLASH_ROW_SIZE)
                0x00000000                CY_APP_FOR_STACK_AND_COPIER = 0x0
                [!provide]                PROVIDE (__cy_heap_start, _end)
                0x00000001                PROVIDE (__cy_region_num, ((__cy_regions_end - __cy_regions) / 0x10))
                0x20001000                PROVIDE (__cy_stack, (ORIGIN (ram) + LENGTH (ram)))
                [!provide]                PROVIDE (__cy_heap_end, (__cy_stack - 0x400))

.cybootloader   0x00000000        0x0
 *(.cybootloader)
                0x00000000                appl1_start = CY_APPL_ORIGIN?CY_APPL_ORIGIN:ALIGN (CY_FLASH_ROW_SIZE)
                0x00003f80                appl2_start = (appl1_start + ALIGN ((((LENGTH (rom) - appl1_start) - (0x2 * CY_FLASH_ROW_SIZE)) / 0x2), CY_FLASH_ROW_SIZE))
                0x00000000                appl_start = (CY_APPL_NUM == 0x1)?appl1_start:appl2_start
                0x00000001                cy_project_type_bootloader = (appl_start == 0x0)?0x1:0x0
                0x00000000                cy_project_type_app_for_stack_and_copier = (CY_APP_FOR_STACK_AND_COPIER == 0x1)?0x1:0x0

.text           0x00000000     0x1858
 CREATE_OBJECT_SYMBOLS
                0x00000000                PROVIDE (__cy_interrupt_vector, RomVectors)
 *(.romvectors)
 .romvectors    0x00000000       0x10 .\CortexM0\ARM_GCC_541\Debug\Cm0Start.o
                0x00000000                RomVectors
                0x00000001                ASSERT ((. != __cy_interrupt_vector), No interrupt vector)
                0x00000001                ASSERT (CY_APPL_ORIGIN?(SIZEOF (.cybootloader) <= CY_APPL_ORIGIN):0x1, Wrong image location)
                0x00000010                PROVIDE (__cy_reset, Reset)
 *(.text.Reset)
 .text.Reset    0x00000010        0x8 .\CortexM0\ARM_GCC_541\Debug\Cm0Start.o
                0x00000010                Reset
                0x00000001                ASSERT ((. != __cy_reset), No reset code)
 *(.psocinit)
 .psocinit      0x00000018      0x154 .\CortexM0\ARM_GCC_541\Debug\cyfitter_cfg.o
                0x00000074                cyfitter_cfg
                0x0000016c                . = MAX (., 0x100)
 *(.text .text.* .gnu.linkonce.t.*)
 .text          0x0000016c       0x60 c:/program files/cypress/psoc creator/4.2/psoc creator/import/gnu/arm/5.4.1/bin/../lib/gcc/arm-none-eabi/5.4.1/armv6-m/crtbegin.o
 .text.MySinusDac
                0x000001cc       0x54 .\CortexM0\ARM_GCC_541\Debug\main.o
                0x000001cc                MySinusDac
 .text.BtnStart
                0x00000220       0x28 .\CortexM0\ARM_GCC_541\Debug\main.o
                0x00000220                BtnStart
 .text.TimerStop
                0x00000248       0x24 .\CortexM0\ARM_GCC_541\Debug\main.o
                0x00000248                TimerStop
 .text.main     0x0000026c       0x44 .\CortexM0\ARM_GCC_541\Debug\main.o
                0x0000026c                main
 .text.cfg_write_bytes32
                0x000002b0       0x34 .\CortexM0\ARM_GCC_541\Debug\cyfitter_cfg.o
 .text.CYMEMZERO
                0x000002e4        0xc .\CortexM0\ARM_GCC_541\Debug\cyfitter_cfg.o
 .text.SetAnalogRoutingPumps
                0x000002f0       0x40 .\CortexM0\ARM_GCC_541\Debug\cyfitter_cfg.o
                0x000002f0                SetAnalogRoutingPumps
 .text.AnalogSetDefault
                0x00000330        0xc .\CortexM0\ARM_GCC_541\Debug\cyfitter_cfg.o
 .text.IntDefaultHandler
                0x0000033c       0x10 .\CortexM0\ARM_GCC_541\Debug\Cm0Start.o
                0x0000033c                IntDefaultHandler
 .text.Start_c  0x0000034c       0x48 .\CortexM0\ARM_GCC_541\Debug\Cm0Start.o
                0x0000034c                Start_c
 .text.initialize_psoc
                0x00000394       0x40 .\CortexM0\ARM_GCC_541\Debug\Cm0Start.o
                0x00000394                initialize_psoc
 .text.IDAC_Init
                0x000003d4       0x58 .\CortexM0\ARM_GCC_541\Debug\IDAC_lab.a(IDAC.o)
                0x000003d4                IDAC_Init
 .text.IDAC_Enable
                0x0000042c       0x2c .\CortexM0\ARM_GCC_541\Debug\IDAC_lab.a(IDAC.o)
                0x0000042c                IDAC_Enable
 .text.IDAC_Start
                0x00000458       0x20 .\CortexM0\ARM_GCC_541\Debug\IDAC_lab.a(IDAC.o)
                0x00000458                IDAC_Start
 .text.IDAC_SetValue
                0x00000478       0x20 .\CortexM0\ARM_GCC_541\Debug\IDAC_lab.a(IDAC.o)
                0x00000478                IDAC_SetValue
 .text.Timer_Enable
                0x00000498       0x14 .\CortexM0\ARM_GCC_541\Debug\IDAC_lab.a(Timer.o)
                0x00000498                Timer_Enable
 .text.Timer_SetInterruptMode
                0x000004ac        0xc .\CortexM0\ARM_GCC_541\Debug\IDAC_lab.a(Timer.o)
                0x000004ac                Timer_SetInterruptMode
 .text.Timer_ReadStatusRegister
                0x000004b8        0xc .\CortexM0\ARM_GCC_541\Debug\IDAC_lab.a(Timer.o)
                0x000004b8                Timer_ReadStatusRegister
 .text.Timer_WritePeriod
                0x000004c4        0xc .\CortexM0\ARM_GCC_541\Debug\IDAC_lab.a(Timer.o)
                0x000004c4                Timer_WritePeriod
 .text.Timer_ReadCapture
                0x000004d0        0xc .\CortexM0\ARM_GCC_541\Debug\IDAC_lab.a(Timer.o)
                0x000004d0                Timer_ReadCapture
 .text.Timer_WriteCounter
                0x000004dc        0xc .\CortexM0\ARM_GCC_541\Debug\IDAC_lab.a(Timer.o)
                0x000004dc                Timer_WriteCounter
 .text.Timer_ClearFIFO
                0x000004e8       0x14 .\CortexM0\ARM_GCC_541\Debug\IDAC_lab.a(Timer.o)
                0x000004e8                Timer_ClearFIFO
 .text.Timer_Init
                0x000004fc       0x38 .\CortexM0\ARM_GCC_541\Debug\IDAC_lab.a(Timer.o)
                0x000004fc                Timer_Init
 .text.Timer_Start
                0x00000534       0x20 .\CortexM0\ARM_GCC_541\Debug\IDAC_lab.a(Timer.o)
                0x00000534                Timer_Start
 .text.isr_SetVector
                0x00000554        0xc .\CortexM0\ARM_GCC_541\Debug\IDAC_lab.a(isr.o)
                0x00000554                isr_SetVector
 .text.isr_SetPriority
                0x00000560       0x20 .\CortexM0\ARM_GCC_541\Debug\IDAC_lab.a(isr.o)
                0x00000560                isr_SetPriority
 .text.isr_Enable
                0x00000580        0xc .\CortexM0\ARM_GCC_541\Debug\IDAC_lab.a(isr.o)
                0x00000580                isr_Enable
 .text.isr_Disable
                0x0000058c        0xc .\CortexM0\ARM_GCC_541\Debug\IDAC_lab.a(isr.o)
                0x0000058c                isr_Disable
 .text.isr_StartEx
                0x00000598       0x1c .\CortexM0\ARM_GCC_541\Debug\IDAC_lab.a(isr.o)
                0x00000598                isr_StartEx
 .text.CyIntEnable
                0x000005b4       0x14 .\CortexM0\ARM_GCC_541\Debug\IDAC_lab.a(CyLib.o)
                0x000005b4                CyIntEnable
 .text.CyHalt   0x000005c8        0x4 .\CortexM0\ARM_GCC_541\Debug\IDAC_lab.a(CyLib.o)
                0x000005c8                CyHalt
 .text.CyIntSetVector
                0x000005cc       0x24 .\CortexM0\ARM_GCC_541\Debug\IDAC_lab.a(CyLib.o)
                0x000005cc                CyIntSetVector
 .text.CyDelay  0x000005f0       0x30 .\CortexM0\ARM_GCC_541\Debug\IDAC_lab.a(CyLib.o)
                0x000005f0                CyDelay
 .text.CyDelayUs
                0x00000620       0x14 .\CortexM0\ARM_GCC_541\Debug\IDAC_lab.a(CyLib.o)
                0x00000620                CyDelayUs
 .text.CySysClkWriteImoFreq
                0x00000634      0x164 .\CortexM0\ARM_GCC_541\Debug\IDAC_lab.a(CyLib.o)
                0x00000634                CySysClkWriteImoFreq
 .text.CySysWdtLocked
                0x00000798       0x14 .\CortexM0\ARM_GCC_541\Debug\IDAC_lab.a(CyLFClk.o)
 .text.CySysWdtLock
                0x000007ac       0x1c .\CortexM0\ARM_GCC_541\Debug\IDAC_lab.a(CyLFClk.o)
                0x000007ac                CySysWdtLock
 .text.CySysWdtUnlock
                0x000007c8       0x30 .\CortexM0\ARM_GCC_541\Debug\IDAC_lab.a(CyLFClk.o)
                0x000007c8                CySysWdtUnlock
 .text.CySysWdtClearInterrupt
                0x000007f8       0x4c .\CortexM0\ARM_GCC_541\Debug\IDAC_lab.a(CyLFClk.o)
                0x000007f8                CySysWdtClearInterrupt
 .text.CySysWdtIsr
                0x00000844       0xa4 .\CortexM0\ARM_GCC_541\Debug\IDAC_lab.a(CyLFClk.o)
                0x00000844                CySysWdtIsr
 .text.LCD_WrCntrlNib
                0x000008e8       0x34 .\CortexM0\ARM_GCC_541\Debug\IDAC_lab.a(LCD.o)
 .text.LCD_WrDatNib
                0x0000091c       0x44 .\CortexM0\ARM_GCC_541\Debug\IDAC_lab.a(LCD.o)
 .text.LCD_IsReady
                0x00000960       0xb4 .\CortexM0\ARM_GCC_541\Debug\IDAC_lab.a(LCD.o)
                0x00000960                LCD_IsReady
 .text.LCD_WriteData
                0x00000a14       0x18 .\CortexM0\ARM_GCC_541\Debug\IDAC_lab.a(LCD.o)
                0x00000a14                LCD_WriteData
 .text.LCD_PrintString
                0x00000a2c       0x1c .\CortexM0\ARM_GCC_541\Debug\IDAC_lab.a(LCD.o)
                0x00000a2c                LCD_PrintString
 .text.LCD_WriteControl
                0x00000a48       0x18 .\CortexM0\ARM_GCC_541\Debug\IDAC_lab.a(LCD.o)
                0x00000a48                LCD_WriteControl
 .text.LCD_Init
                0x00000a60       0x6c .\CortexM0\ARM_GCC_541\Debug\IDAC_lab.a(LCD.o)
                0x00000a60                LCD_Init
 .text.LCD_Position
                0x00000acc       0x3c .\CortexM0\ARM_GCC_541\Debug\IDAC_lab.a(LCD.o)
                0x00000acc                LCD_Position
 .text.isr_start_SetVector
                0x00000b08        0xc .\CortexM0\ARM_GCC_541\Debug\IDAC_lab.a(isr_start.o)
                0x00000b08                isr_start_SetVector
 .text.isr_start_SetPriority
                0x00000b14       0x24 .\CortexM0\ARM_GCC_541\Debug\IDAC_lab.a(isr_start.o)
                0x00000b14                isr_start_SetPriority
 .text.isr_start_Enable
                0x00000b38        0xc .\CortexM0\ARM_GCC_541\Debug\IDAC_lab.a(isr_start.o)
                0x00000b38                isr_start_Enable
 .text.isr_start_Disable
                0x00000b44        0xc .\CortexM0\ARM_GCC_541\Debug\IDAC_lab.a(isr_start.o)
                0x00000b44                isr_start_Disable
 .text.isr_start_StartEx
                0x00000b50       0x1c .\CortexM0\ARM_GCC_541\Debug\IDAC_lab.a(isr_start.o)
                0x00000b50                isr_start_StartEx
 .text.Timer_Stop_Enable
                0x00000b6c       0x14 .\CortexM0\ARM_GCC_541\Debug\IDAC_lab.a(Timer_Stop.o)
                0x00000b6c                Timer_Stop_Enable
 .text.Timer_Stop_Stop
                0x00000b80       0x10 .\CortexM0\ARM_GCC_541\Debug\IDAC_lab.a(Timer_Stop.o)
                0x00000b80                Timer_Stop_Stop
 .text.Timer_Stop_SetInterruptMode
                0x00000b90        0xc .\CortexM0\ARM_GCC_541\Debug\IDAC_lab.a(Timer_Stop.o)
                0x00000b90                Timer_Stop_SetInterruptMode
 .text.Timer_Stop_ReadStatusRegister
                0x00000b9c        0xc .\CortexM0\ARM_GCC_541\Debug\IDAC_lab.a(Timer_Stop.o)
                0x00000b9c                Timer_Stop_ReadStatusRegister
 .text.Timer_Stop_WritePeriod
                0x00000ba8        0xc .\CortexM0\ARM_GCC_541\Debug\IDAC_lab.a(Timer_Stop.o)
                0x00000ba8                Timer_Stop_WritePeriod
 .text.Timer_Stop_ReadCapture
                0x00000bb4        0xc .\CortexM0\ARM_GCC_541\Debug\IDAC_lab.a(Timer_Stop.o)
                0x00000bb4                Timer_Stop_ReadCapture
 .text.Timer_Stop_WriteCounter
                0x00000bc0        0xc .\CortexM0\ARM_GCC_541\Debug\IDAC_lab.a(Timer_Stop.o)
                0x00000bc0                Timer_Stop_WriteCounter
 .text.Timer_Stop_ClearFIFO
                0x00000bcc       0x14 .\CortexM0\ARM_GCC_541\Debug\IDAC_lab.a(Timer_Stop.o)
                0x00000bcc                Timer_Stop_ClearFIFO
 .text.Timer_Stop_Init
                0x00000be0       0x38 .\CortexM0\ARM_GCC_541\Debug\IDAC_lab.a(Timer_Stop.o)
                0x00000be0                Timer_Stop_Init
 .text.Timer_Stop_Start
                0x00000c18       0x20 .\CortexM0\ARM_GCC_541\Debug\IDAC_lab.a(Timer_Stop.o)
                0x00000c18                Timer_Stop_Start
 .text.isr_stop_SetVector
                0x00000c38        0xc .\CortexM0\ARM_GCC_541\Debug\IDAC_lab.a(isr_stop.o)
                0x00000c38                isr_stop_SetVector
 .text.isr_stop_SetPriority
                0x00000c44       0x20 .\CortexM0\ARM_GCC_541\Debug\IDAC_lab.a(isr_stop.o)
                0x00000c44                isr_stop_SetPriority
 .text.isr_stop_Enable
                0x00000c64        0xc .\CortexM0\ARM_GCC_541\Debug\IDAC_lab.a(isr_stop.o)
                0x00000c64                isr_stop_Enable
 .text.isr_stop_Disable
                0x00000c70        0xc .\CortexM0\ARM_GCC_541\Debug\IDAC_lab.a(isr_stop.o)
                0x00000c70                isr_stop_Disable
 .text.isr_stop_StartEx
                0x00000c7c       0x1c .\CortexM0\ARM_GCC_541\Debug\IDAC_lab.a(isr_stop.o)
                0x00000c7c                isr_stop_StartEx
 .text          0x00000c98       0x24 .\CortexM0\ARM_GCC_541\Debug\IDAC_lab.a(CyBootAsmGnu.o)
                0x00000c98                CyDelayCycles
                0x00000cac                CyEnterCriticalSection
                0x00000cb4                CyExitCriticalSection
 .text          0x00000cbc       0x30 c:/program files/cypress/psoc creator/4.2/psoc creator/import/gnu/arm/5.4.1/bin/../lib/gcc/arm-none-eabi/5.4.1/armv6-m\libgcc.a(_fixunssfsi.o)
                0x00000cbc                __fixunssfsi
                0x00000cbc                __aeabi_f2uiz
 .text          0x00000cec      0x2ec c:/program files/cypress/psoc creator/4.2/psoc creator/import/gnu/arm/5.4.1/bin/../lib/gcc/arm-none-eabi/5.4.1/armv6-m\libgcc.a(addsf3.o)
                0x00000cec                __aeabi_fadd
 .text          0x00000fd8      0x228 c:/program files/cypress/psoc creator/4.2/psoc creator/import/gnu/arm/5.4.1/bin/../lib/gcc/arm-none-eabi/5.4.1/armv6-m\libgcc.a(mulsf3.o)
                0x00000fd8                __aeabi_fmul
 .text          0x00001200      0x30c c:/program files/cypress/psoc creator/4.2/psoc creator/import/gnu/arm/5.4.1/bin/../lib/gcc/arm-none-eabi/5.4.1/armv6-m\libgcc.a(subsf3.o)
                0x00001200                __aeabi_fsub
 .text          0x0000150c       0x44 c:/program files/cypress/psoc creator/4.2/psoc creator/import/gnu/arm/5.4.1/bin/../lib/gcc/arm-none-eabi/5.4.1/armv6-m\libgcc.a(fixsfsi.o)
                0x0000150c                __aeabi_f2iz
 .text          0x00001550       0x90 c:/program files/cypress/psoc creator/4.2/psoc creator/import/gnu/arm/5.4.1/bin/../lib/gcc/arm-none-eabi/5.4.1/armv6-m\libgcc.a(floatsisf.o)
                0x00001550                __aeabi_i2f
 .text          0x000015e0       0x74 c:/program files/cypress/psoc creator/4.2/psoc creator/import/gnu/arm/5.4.1/bin/../lib/gcc/arm-none-eabi/5.4.1/armv6-m\libgcc.a(_arm_cmpsf2.o)
                0x000015e0                __aeabi_cfrcmple
                0x000015e8                __aeabi_cfcmpeq
                0x000015e8                __aeabi_cfcmple
                0x000015f8                __aeabi_fcmpeq
                0x00001604                __aeabi_fcmplt
                0x00001618                __aeabi_fcmple
                0x0000162c                __aeabi_fcmpgt
                0x00001640                __aeabi_fcmpge
 .text          0x00001654       0x3c c:/program files/cypress/psoc creator/4.2/psoc creator/import/gnu/arm/5.4.1/bin/../lib/gcc/arm-none-eabi/5.4.1/armv6-m\libgcc.a(_clzsi2.o)
                0x00001654                __clzsi2
 .text          0x00001690       0x50 c:/program files/cypress/psoc creator/4.2/psoc creator/import/gnu/arm/5.4.1/bin/../lib/gcc/arm-none-eabi/5.4.1/armv6-m\libgcc.a(eqsf2.o)
                0x00001690                __eqsf2
                0x00001690                __nesf2
 .text          0x000016e0       0x88 c:/program files/cypress/psoc creator/4.2/psoc creator/import/gnu/arm/5.4.1/bin/../lib/gcc/arm-none-eabi/5.4.1/armv6-m\libgcc.a(gesf2.o)
                0x000016e0                __gesf2
                0x000016e0                __gtsf2
 .text          0x00001768       0x88 c:/program files/cypress/psoc creator/4.2/psoc creator/import/gnu/arm/5.4.1/bin/../lib/gcc/arm-none-eabi/5.4.1/armv6-m\libgcc.a(lesf2.o)
                0x00001768                __ltsf2
                0x00001768                __lesf2
 .text.__errno  0x000017f0        0xc c:/program files/cypress/psoc creator/4.2/psoc creator/import/gnu/arm/5.4.1/bin/../lib/gcc/arm-none-eabi/5.4.1/../../../../arm-none-eabi/lib/armv6-m\libg_nano.a(lib_a-errno.o)
                0x000017f0                __errno
 .text.__libc_init_array
                0x000017fc       0x4c c:/program files/cypress/psoc creator/4.2/psoc creator/import/gnu/arm/5.4.1/bin/../lib/gcc/arm-none-eabi/5.4.1/../../../../arm-none-eabi/lib/armv6-m\libg_nano.a(lib_a-init.o)
                0x000017fc                __libc_init_array
 .text.memset   0x00001848       0x10 c:/program files/cypress/psoc creator/4.2/psoc creator/import/gnu/arm/5.4.1/bin/../lib/gcc/arm-none-eabi/5.4.1/../../../../arm-none-eabi/lib/armv6-m\libg_nano.a(lib_a-memset.o)
                0x00001848                memset
 *(.plt)
 *(.gnu.warning)
 *(.glue_7t)
 .glue_7t       0x00001858        0x0 linker stubs
 *(.glue_7)
 .glue_7        0x00001858        0x0 linker stubs
 *(.vfp11_veneer)
 .vfp11_veneer  0x00001858        0x0 linker stubs
 *(.bootloader)
 *(.ARM.extab* .gnu.linkonce.armextab.*)
 *(.gcc_except_table)

.v4_bx          0x00001858        0x0
 .v4_bx         0x00001858        0x0 linker stubs

.iplt           0x00001858        0x0
 .iplt          0x00001858        0x0 c:/program files/cypress/psoc creator/4.2/psoc creator/import/gnu/arm/5.4.1/bin/../lib/gcc/arm-none-eabi/5.4.1/armv6-m/crtbegin.o

.eh_frame_hdr
 *(.eh_frame_hdr)

.eh_frame       0x00001858        0x4
 *(.eh_frame)
 .eh_frame      0x00001858        0x0 c:/program files/cypress/psoc creator/4.2/psoc creator/import/gnu/arm/5.4.1/bin/../lib/gcc/arm-none-eabi/5.4.1/armv6-m/crtbegin.o
 .eh_frame      0x00001858        0x4 c:/program files/cypress/psoc creator/4.2/psoc creator/import/gnu/arm/5.4.1/bin/../lib/gcc/arm-none-eabi/5.4.1/armv6-m/crtend.o
                [!provide]                PROVIDE (__exidx_start, .)

.ARM.exidx
 *(.ARM.exidx* .gnu.linkonce.armexidx.*)
                0x0000185c                __exidx_end = .

.rodata         0x0000185c      0x28c
 *(.rodata .rodata.* .gnu.linkonce.r.*)
 .rodata        0x0000185c       0x14 .\CortexM0\ARM_GCC_541\Debug\main.o
                0x0000185c                sinus
 .rodata.str1.4
                0x00001870       0x1c .\CortexM0\ARM_GCC_541\Debug\main.o
                                 0x1b (size before relaxing)
 .rodata        0x0000188c      0x1b4 .\CortexM0\ARM_GCC_541\Debug\cyfitter_cfg.o
 .rodata        0x00001a40       0x2e .\CortexM0\ARM_GCC_541\Debug\IDAC_lab.a(CyLib.o)
                0x00001a40                cyImoFreqMhz2Reg
 *fill*         0x00001a6e        0x2 
 .rodata        0x00001a70       0x40 c:/program files/cypress/psoc creator/4.2/psoc creator/import/gnu/arm/5.4.1/bin/../lib/gcc/arm-none-eabi/5.4.1/armv6-m\libgcc.a(mulsf3.o)
 .rodata.str1.1
                0x00001ab0        0x2 c:/program files/cypress/psoc creator/4.2/psoc creator/import/gnu/arm/5.4.1/bin/../lib/gcc/arm-none-eabi/5.4.1/../../../../arm-none-eabi/lib/armv6-m\libg_nano.a(lib_a-impure.o)
                0x00001ab4                . = ALIGN (0x4)
 *fill*         0x00001ab2        0x2 
 *(.init)
 .init          0x00001ab4        0x4 c:/program files/cypress/psoc creator/4.2/psoc creator/import/gnu/arm/5.4.1/bin/../lib/gcc/arm-none-eabi/5.4.1/armv6-m/crti.o
                0x00001ab4                _init
 .init          0x00001ab8        0x8 c:/program files/cypress/psoc creator/4.2/psoc creator/import/gnu/arm/5.4.1/bin/../lib/gcc/arm-none-eabi/5.4.1/armv6-m/crtn.o
                0x00001ac0                . = ALIGN (0x4)
                0x00001ac0                __preinit_array_start = .
 *(.preinit_array)
                0x00001ac0                __preinit_array_end = .
                0x00001ac0                . = ALIGN (0x4)
                0x00001ac0                __init_array_start = .
 *(SORT(.init_array.*))
 *(.init_array)
 .init_array    0x00001ac0        0x4 c:/program files/cypress/psoc creator/4.2/psoc creator/import/gnu/arm/5.4.1/bin/../lib/gcc/arm-none-eabi/5.4.1/armv6-m/crtbegin.o
 .init_array    0x00001ac4        0x4 .\CortexM0\ARM_GCC_541\Debug\Cm0Start.o
                0x00001ac8                __init_array_end = .
                0x00001ac8                . = ALIGN (0x4)
 *(.fini)
 .fini          0x00001ac8        0x4 c:/program files/cypress/psoc creator/4.2/psoc creator/import/gnu/arm/5.4.1/bin/../lib/gcc/arm-none-eabi/5.4.1/armv6-m/crti.o
                0x00001ac8                _fini
 .fini          0x00001acc        0x8 c:/program files/cypress/psoc creator/4.2/psoc creator/import/gnu/arm/5.4.1/bin/../lib/gcc/arm-none-eabi/5.4.1/armv6-m/crtn.o
                0x00001ad4                . = ALIGN (0x4)
                0x00001ad4                __fini_array_start = .
 *(.fini_array)
 .fini_array    0x00001ad4        0x4 c:/program files/cypress/psoc creator/4.2/psoc creator/import/gnu/arm/5.4.1/bin/../lib/gcc/arm-none-eabi/5.4.1/armv6-m/crtbegin.o
 *(SORT(.fini_array.*))
                0x00001ad8                __fini_array_end = .
                0x00001ad8                . = ALIGN (0x4)
 *crtbegin.o(.ctors)
 *(EXCLUDE_FILE(*crtend.o) .ctors)
 *(SORT(.ctors.*))
 *crtend.o(.ctors)
                0x00001ad8                . = ALIGN (0x4)
 *crtbegin.o(.dtors)
 *(EXCLUDE_FILE(*crtend.o) .dtors)
 *(SORT(.dtors.*))
 *crtend.o(.dtors)
                0x00001ad8                . = ALIGN (0x4)
                0x00001ad8                __cy_regions = .
                0x00001ad8        0x4 LONG 0x1ae8 __cy_region_init_ram
                0x00001adc        0x4 LONG 0x200000c0 __cy_region_start_data
                0x00001ae0        0x4 LONG 0x88 __cy_region_init_size_ram
                0x00001ae4        0x4 LONG 0x58 __cy_region_zero_size_ram
                0x00001ae8                __cy_regions_end = .
                0x00001ae8                . = ALIGN (0x8)
                0x00001ae8                _etext = .

.cy_checksum_exclude
                0x00001ae8        0x0
 *(.cy_checksum_exclude)

.ramvectors     0x20000000       0xc0
                0x20000000                __cy_region_start_ram = .
 *(.ramvectors)
 .ramvectors    0x20000000       0xc0 .\CortexM0\ARM_GCC_541\Debug\Cm0Start.o
                0x20000000                CyRamVectors

.noinit
 *(.noinit)

.data           0x200000c0       0x88 load address 0x00001ae8
                0x200000c0                __cy_region_start_data = .
 *(.jcr)
 .jcr           0x200000c0        0x0 c:/program files/cypress/psoc creator/4.2/psoc creator/import/gnu/arm/5.4.1/bin/../lib/gcc/arm-none-eabi/5.4.1/armv6-m/crtbegin.o
 .jcr           0x200000c0        0x4 c:/program files/cypress/psoc creator/4.2/psoc creator/import/gnu/arm/5.4.1/bin/../lib/gcc/arm-none-eabi/5.4.1/armv6-m/crtend.o
 *(.got.plt)
 *(.got)
 *(.shdata)
 *(.data .data.* .gnu.linkonce.d.*)
 .data          0x200000c4        0x4 .\CortexM0\ARM_GCC_541\Debug\main.o
                0x200000c4                k
 .data          0x200000c8       0x14 .\CortexM0\ARM_GCC_541\Debug\IDAC_lab.a(CyLib.o)
                0x200000c8                CySysClkPumpConfig
                0x200000cc                cydelay32kMs
                0x200000d0                cydelayFreqKhz
                0x200000d4                cydelayFreqMhz
                0x200000d8                cydelayFreqHz
 .data          0x200000dc        0x4 .\CortexM0\ARM_GCC_541\Debug\IDAC_lab.a(CyLFClk.o)
 .data.impure_data
                0x200000e0       0x60 c:/program files/cypress/psoc creator/4.2/psoc creator/import/gnu/arm/5.4.1/bin/../lib/gcc/arm-none-eabi/5.4.1/../../../../arm-none-eabi/lib/armv6-m\libg_nano.a(lib_a-impure.o)
 .data._impure_ptr
                0x20000140        0x4 c:/program files/cypress/psoc creator/4.2/psoc creator/import/gnu/arm/5.4.1/bin/../lib/gcc/arm-none-eabi/5.4.1/../../../../arm-none-eabi/lib/armv6-m\libg_nano.a(lib_a-impure.o)
                0x20000140                _impure_ptr
                0x20000148                . = ALIGN (0x8)
 *fill*         0x20000144        0x4 
 *(.ram)
                0x20000148                _edata = .

.igot.plt       0x20000148        0x0 load address 0x00001b70
 .igot.plt      0x20000148        0x0 c:/program files/cypress/psoc creator/4.2/psoc creator/import/gnu/arm/5.4.1/bin/../lib/gcc/arm-none-eabi/5.4.1/armv6-m/crtbegin.o

.bss            0x20000148       0x58 load address 0x00001b70
                0x20000148                PROVIDE (__bss_start__, .)
 *(.shbss)
 *(.bss .bss.* .gnu.linkonce.b.*)
 .bss           0x20000148       0x1c c:/program files/cypress/psoc creator/4.2/psoc creator/import/gnu/arm/5.4.1/bin/../lib/gcc/arm-none-eabi/5.4.1/armv6-m/crtbegin.o
 .bss           0x20000164        0xc .\CortexM0\ARM_GCC_541\Debug\main.o
                0x20000164                n
                0x20000168                y
                0x2000016c                n1
 .bss           0x20000170        0x4 .\CortexM0\ARM_GCC_541\Debug\IDAC_lab.a(IDAC.o)
                0x20000170                IDAC_initVar
 .bss           0x20000174        0x1 .\CortexM0\ARM_GCC_541\Debug\IDAC_lab.a(Timer.o)
                0x20000174                Timer_initVar
 *fill*         0x20000175        0x3 
 .bss           0x20000178       0x20 .\CortexM0\ARM_GCC_541\Debug\IDAC_lab.a(CyLFClk.o)
 .bss           0x20000198        0x1 .\CortexM0\ARM_GCC_541\Debug\IDAC_lab.a(Timer_Stop.o)
                0x20000198                Timer_Stop_initVar
 *(COMMON)
                0x200001a0                . = ALIGN (0x8)
 *fill*         0x20000199        0x7 
 *(.ram.b)
                0x200001a0                _end = .
                0x200001a0                __end = .
                0x200001a0                PROVIDE (end, .)
                0x200001a0                PROVIDE (__bss_end__, .)
                0x00001ae8                __cy_region_init_ram = LOADADDR (.data)
                0x00000088                __cy_region_init_size_ram = (_edata - ADDR (.data))
                0x00000058                __cy_region_zero_size_ram = (_end - _edata)

.heap           0x200001a0       0x80 load address 0x00001b70
                0x200001a0                . = _end
                0x20000220                . = (. + 0x80)
 *fill*         0x200001a0       0x80 
                0x20000220                __cy_heap_limit = .

.stack          0x20000c00      0x400
                0x20000c00                __cy_stack_limit = .
                0x20001000                . = (. + 0x400)
 *fill*         0x20000c00      0x400 
                0x00000001                ASSERT ((__cy_stack_limit >= __cy_heap_limit), region RAM overflowed with stack)
                0x00000000                cy_checksum_exclude_size = (CY_APPL_LOADABLE == 0x1)?SIZEOF (.cy_checksum_exclude):0x0
                0x00000001                ASSERT ((cy_checksum_exclude_size <= CY_CHECKSUM_EXCLUDE_SIZE), CY_BOOT: Section .cy_checksum_exclude size exceedes specified limit.)
                0x00007fc0                cyloadermeta_start = (cy_project_type_bootloader || cy_project_type_app_for_stack_and_copier)?(LENGTH (rom) - CY_METADATA_SIZE):0xf0000000

.cyloadermeta
 *(.cyloadermeta)
                0x00007fc0                cyloadablemeta_start = cy_project_type_app_for_stack_and_copier?((LENGTH (rom) - CY_FLASH_ROW_SIZE) - CY_METADATA_SIZE):((LENGTH (rom) - (CY_FLASH_ROW_SIZE * (CY_APPL_NUM - 0x1))) - CY_METADATA_SIZE)

.cyloadablemeta
 *(.cyloadablemeta)

.cyflashprotect
                0x90400000       0x20
 *(.cyflashprotect)
 .cyflashprotect
                0x90400000       0x20 .\CortexM0\ARM_GCC_541\Debug\cymetadata.o
                0x90400000                cy_meta_flashprotect

.cymeta         0x90500000        0xc
 *(.cymeta)
 .cymeta        0x90500000        0xc .\CortexM0\ARM_GCC_541\Debug\cymetadata.o
                0x90500000                cy_metadata

.cychipprotect  0x90600000        0x1
 *(.cychipprotect)
 .cychipprotect
                0x90600000        0x1 .\CortexM0\ARM_GCC_541\Debug\cymetadata.o
                0x90600000                cy_meta_chipprotect

.rel.dyn        0x00001b70        0x0 load address 0x90600004
 .rel.iplt      0x00001b70        0x0 c:/program files/cypress/psoc creator/4.2/psoc creator/import/gnu/arm/5.4.1/bin/../lib/gcc/arm-none-eabi/5.4.1/armv6-m/crtbegin.o

.stab
 *(.stab)

.stabstr
 *(.stabstr)

.debug
 *(.debug)

.line
 *(.line)

.debug_srcinfo
 *(.debug_srcinfo)

.debug_sfnames
 *(.debug_sfnames)

.debug_aranges  0x00000000      0x730
 *(.debug_aranges)
 .debug_aranges
                0x00000000       0x38 .\CortexM0\ARM_GCC_541\Debug\main.o
 .debug_aranges
                0x00000038       0x48 .\CortexM0\ARM_GCC_541\Debug\cyfitter_cfg.o
 .debug_aranges
                0x00000080       0x18 .\CortexM0\ARM_GCC_541\Debug\cymetadata.o
 .debug_aranges
                0x00000098       0x48 .\CortexM0\ARM_GCC_541\Debug\Cm0Start.o
 .debug_aranges
                0x000000e0       0x40 .\CortexM0\ARM_GCC_541\Debug\IDAC_lab.a(IDAC.o)
 .debug_aranges
                0x00000120       0x90 .\CortexM0\ARM_GCC_541\Debug\IDAC_lab.a(Timer.o)
 .debug_aranges
                0x000001b0       0x80 .\CortexM0\ARM_GCC_541\Debug\IDAC_lab.a(isr.o)
 .debug_aranges
                0x00000230      0x180 .\CortexM0\ARM_GCC_541\Debug\IDAC_lab.a(CyLib.o)
 .debug_aranges
                0x000003b0      0x138 .\CortexM0\ARM_GCC_541\Debug\IDAC_lab.a(CyLFClk.o)
 .debug_aranges
                0x000004e8       0x98 .\CortexM0\ARM_GCC_541\Debug\IDAC_lab.a(LCD.o)
 .debug_aranges
                0x00000580       0x80 .\CortexM0\ARM_GCC_541\Debug\IDAC_lab.a(isr_start.o)
 .debug_aranges
                0x00000600       0x90 .\CortexM0\ARM_GCC_541\Debug\IDAC_lab.a(Timer_Stop.o)
 .debug_aranges
                0x00000690       0x80 .\CortexM0\ARM_GCC_541\Debug\IDAC_lab.a(isr_stop.o)
 .debug_aranges
                0x00000710       0x20 .\CortexM0\ARM_GCC_541\Debug\IDAC_lab.a(CyBootAsmGnu.o)

.debug_pubnames
 *(.debug_pubnames)

.debug_info     0x00000000     0x3c3f
 *(.debug_info .gnu.linkonce.wi.*)
 .debug_info    0x00000000      0x303 .\CortexM0\ARM_GCC_541\Debug\main.o
 .debug_info    0x00000303      0x404 .\CortexM0\ARM_GCC_541\Debug\cyfitter_cfg.o
 .debug_info    0x00000707       0xf8 .\CortexM0\ARM_GCC_541\Debug\cymetadata.o
 .debug_info    0x000007ff      0x3a2 .\CortexM0\ARM_GCC_541\Debug\Cm0Start.o
 .debug_info    0x00000ba1      0x221 .\CortexM0\ARM_GCC_541\Debug\IDAC_lab.a(IDAC.o)
 .debug_info    0x00000dc2      0x2ee .\CortexM0\ARM_GCC_541\Debug\IDAC_lab.a(Timer.o)
 .debug_info    0x000010b0      0x305 .\CortexM0\ARM_GCC_541\Debug\IDAC_lab.a(isr.o)
 .debug_info    0x000013b5      0xaec .\CortexM0\ARM_GCC_541\Debug\IDAC_lab.a(CyLib.o)
 .debug_info    0x00001ea1      0xcfe .\CortexM0\ARM_GCC_541\Debug\IDAC_lab.a(CyLFClk.o)
 .debug_info    0x00002b9f      0x721 .\CortexM0\ARM_GCC_541\Debug\IDAC_lab.a(LCD.o)
 .debug_info    0x000032c0      0x305 .\CortexM0\ARM_GCC_541\Debug\IDAC_lab.a(isr_start.o)
 .debug_info    0x000035c5      0x2ee .\CortexM0\ARM_GCC_541\Debug\IDAC_lab.a(Timer_Stop.o)
 .debug_info    0x000038b3      0x305 .\CortexM0\ARM_GCC_541\Debug\IDAC_lab.a(isr_stop.o)
 .debug_info    0x00003bb8       0x87 .\CortexM0\ARM_GCC_541\Debug\IDAC_lab.a(CyBootAsmGnu.o)

.debug_abbrev   0x00000000     0x1253
 *(.debug_abbrev)
 .debug_abbrev  0x00000000      0x114 .\CortexM0\ARM_GCC_541\Debug\main.o
 .debug_abbrev  0x00000114      0x1cf .\CortexM0\ARM_GCC_541\Debug\cyfitter_cfg.o
 .debug_abbrev  0x000002e3       0x5d .\CortexM0\ARM_GCC_541\Debug\cymetadata.o
 .debug_abbrev  0x00000340      0x1d7 .\CortexM0\ARM_GCC_541\Debug\Cm0Start.o
 .debug_abbrev  0x00000517       0xa3 .\CortexM0\ARM_GCC_541\Debug\IDAC_lab.a(IDAC.o)
 .debug_abbrev  0x000005ba      0x12b .\CortexM0\ARM_GCC_541\Debug\IDAC_lab.a(Timer.o)
 .debug_abbrev  0x000006e5      0x19a .\CortexM0\ARM_GCC_541\Debug\IDAC_lab.a(isr.o)
 .debug_abbrev  0x0000087f      0x1e0 .\CortexM0\ARM_GCC_541\Debug\IDAC_lab.a(CyLib.o)
 .debug_abbrev  0x00000a5f      0x210 .\CortexM0\ARM_GCC_541\Debug\IDAC_lab.a(CyLFClk.o)
 .debug_abbrev  0x00000c6f      0x171 .\CortexM0\ARM_GCC_541\Debug\IDAC_lab.a(LCD.o)
 .debug_abbrev  0x00000de0      0x19a .\CortexM0\ARM_GCC_541\Debug\IDAC_lab.a(isr_start.o)
 .debug_abbrev  0x00000f7a      0x12b .\CortexM0\ARM_GCC_541\Debug\IDAC_lab.a(Timer_Stop.o)
 .debug_abbrev  0x000010a5      0x19a .\CortexM0\ARM_GCC_541\Debug\IDAC_lab.a(isr_stop.o)
 .debug_abbrev  0x0000123f       0x14 .\CortexM0\ARM_GCC_541\Debug\IDAC_lab.a(CyBootAsmGnu.o)

.debug_line     0x00000000     0x18a1
 *(.debug_line)
 .debug_line    0x00000000       0xf8 .\CortexM0\ARM_GCC_541\Debug\main.o
 .debug_line    0x000000f8      0x189 .\CortexM0\ARM_GCC_541\Debug\cyfitter_cfg.o
 .debug_line    0x00000281      0x135 .\CortexM0\ARM_GCC_541\Debug\cymetadata.o
 .debug_line    0x000003b6      0x229 .\CortexM0\ARM_GCC_541\Debug\Cm0Start.o
 .debug_line    0x000005df       0xc2 .\CortexM0\ARM_GCC_541\Debug\IDAC_lab.a(IDAC.o)
 .debug_line    0x000006a1      0x179 .\CortexM0\ARM_GCC_541\Debug\IDAC_lab.a(Timer.o)
 .debug_line    0x0000081a      0x14b .\CortexM0\ARM_GCC_541\Debug\IDAC_lab.a(isr.o)
 .debug_line    0x00000965      0x460 .\CortexM0\ARM_GCC_541\Debug\IDAC_lab.a(CyLib.o)
 .debug_line    0x00000dc5      0x466 .\CortexM0\ARM_GCC_541\Debug\IDAC_lab.a(CyLFClk.o)
 .debug_line    0x0000122b      0x1e6 .\CortexM0\ARM_GCC_541\Debug\IDAC_lab.a(LCD.o)
 .debug_line    0x00001411      0x155 .\CortexM0\ARM_GCC_541\Debug\IDAC_lab.a(isr_start.o)
 .debug_line    0x00001566      0x17e .\CortexM0\ARM_GCC_541\Debug\IDAC_lab.a(Timer_Stop.o)
 .debug_line    0x000016e4      0x154 .\CortexM0\ARM_GCC_541\Debug\IDAC_lab.a(isr_stop.o)
 .debug_line    0x00001838       0x69 .\CortexM0\ARM_GCC_541\Debug\IDAC_lab.a(CyBootAsmGnu.o)

.debug_frame    0x00000000     0x13d0
 *(.debug_frame)
 .debug_frame   0x00000000       0x84 .\CortexM0\ARM_GCC_541\Debug\main.o
 .debug_frame   0x00000084       0xb8 .\CortexM0\ARM_GCC_541\Debug\cyfitter_cfg.o
 .debug_frame   0x0000013c       0xbc .\CortexM0\ARM_GCC_541\Debug\Cm0Start.o
 .debug_frame   0x000001f8       0x9c .\CortexM0\ARM_GCC_541\Debug\IDAC_lab.a(IDAC.o)
 .debug_frame   0x00000294      0x124 .\CortexM0\ARM_GCC_541\Debug\IDAC_lab.a(Timer.o)
 .debug_frame   0x000003b8      0x110 .\CortexM0\ARM_GCC_541\Debug\IDAC_lab.a(isr.o)
 .debug_frame   0x000004c8      0x3e0 .\CortexM0\ARM_GCC_541\Debug\IDAC_lab.a(CyLib.o)
 .debug_frame   0x000008a8      0x3a8 .\CortexM0\ARM_GCC_541\Debug\IDAC_lab.a(CyLFClk.o)
 .debug_frame   0x00000c50      0x1f0 .\CortexM0\ARM_GCC_541\Debug\IDAC_lab.a(LCD.o)
 .debug_frame   0x00000e40      0x110 .\CortexM0\ARM_GCC_541\Debug\IDAC_lab.a(isr_start.o)
 .debug_frame   0x00000f50      0x124 .\CortexM0\ARM_GCC_541\Debug\IDAC_lab.a(Timer_Stop.o)
 .debug_frame   0x00001074      0x110 .\CortexM0\ARM_GCC_541\Debug\IDAC_lab.a(isr_stop.o)
 .debug_frame   0x00001184       0x20 c:/program files/cypress/psoc creator/4.2/psoc creator/import/gnu/arm/5.4.1/bin/../lib/gcc/arm-none-eabi/5.4.1/armv6-m\libgcc.a(_udivsi3.o)
 .debug_frame   0x000011a4       0x28 c:/program files/cypress/psoc creator/4.2/psoc creator/import/gnu/arm/5.4.1/bin/../lib/gcc/arm-none-eabi/5.4.1/armv6-m\libgcc.a(_fixunssfsi.o)
 .debug_frame   0x000011cc       0x30 c:/program files/cypress/psoc creator/4.2/psoc creator/import/gnu/arm/5.4.1/bin/../lib/gcc/arm-none-eabi/5.4.1/armv6-m\libgcc.a(addsf3.o)
 .debug_frame   0x000011fc       0x38 c:/program files/cypress/psoc creator/4.2/psoc creator/import/gnu/arm/5.4.1/bin/../lib/gcc/arm-none-eabi/5.4.1/armv6-m\libgcc.a(mulsf3.o)
 .debug_frame   0x00001234       0x30 c:/program files/cypress/psoc creator/4.2/psoc creator/import/gnu/arm/5.4.1/bin/../lib/gcc/arm-none-eabi/5.4.1/armv6-m\libgcc.a(subsf3.o)
 .debug_frame   0x00001264       0x20 c:/program files/cypress/psoc creator/4.2/psoc creator/import/gnu/arm/5.4.1/bin/../lib/gcc/arm-none-eabi/5.4.1/armv6-m\libgcc.a(fixsfsi.o)
 .debug_frame   0x00001284       0x2c c:/program files/cypress/psoc creator/4.2/psoc creator/import/gnu/arm/5.4.1/bin/../lib/gcc/arm-none-eabi/5.4.1/armv6-m\libgcc.a(floatsisf.o)
 .debug_frame   0x000012b0       0x2c c:/program files/cypress/psoc creator/4.2/psoc creator/import/gnu/arm/5.4.1/bin/../lib/gcc/arm-none-eabi/5.4.1/armv6-m\libgcc.a(eqsf2.o)
 .debug_frame   0x000012dc       0x30 c:/program files/cypress/psoc creator/4.2/psoc creator/import/gnu/arm/5.4.1/bin/../lib/gcc/arm-none-eabi/5.4.1/armv6-m\libgcc.a(gesf2.o)
 .debug_frame   0x0000130c       0x30 c:/program files/cypress/psoc creator/4.2/psoc creator/import/gnu/arm/5.4.1/bin/../lib/gcc/arm-none-eabi/5.4.1/armv6-m\libgcc.a(lesf2.o)
 .debug_frame   0x0000133c       0x20 c:/program files/cypress/psoc creator/4.2/psoc creator/import/gnu/arm/5.4.1/bin/../lib/gcc/arm-none-eabi/5.4.1/../../../../arm-none-eabi/lib/armv6-m\libg_nano.a(lib_a-errno.o)
 .debug_frame   0x0000135c       0x28 c:/program files/cypress/psoc creator/4.2/psoc creator/import/gnu/arm/5.4.1/bin/../lib/gcc/arm-none-eabi/5.4.1/../../../../arm-none-eabi/lib/armv6-m\libg_nano.a(lib_a-exit.o)
 .debug_frame   0x00001384       0x2c c:/program files/cypress/psoc creator/4.2/psoc creator/import/gnu/arm/5.4.1/bin/../lib/gcc/arm-none-eabi/5.4.1/../../../../arm-none-eabi/lib/armv6-m\libg_nano.a(lib_a-init.o)
 .debug_frame   0x000013b0       0x20 c:/program files/cypress/psoc creator/4.2/psoc creator/import/gnu/arm/5.4.1/bin/../lib/gcc/arm-none-eabi/5.4.1/../../../../arm-none-eabi/lib/armv6-m\libg_nano.a(lib_a-memset.o)

.debug_str      0x00000000     0x167c
 *(.debug_str)
 .debug_str     0x00000000      0x20f .\CortexM0\ARM_GCC_541\Debug\main.o
                                0x255 (size before relaxing)
 .debug_str     0x0000020f      0x152 .\CortexM0\ARM_GCC_541\Debug\cyfitter_cfg.o
                                0x2f4 (size before relaxing)
 .debug_str     0x00000361       0x63 .\CortexM0\ARM_GCC_541\Debug\cymetadata.o
                                0x1bf (size before relaxing)
 .debug_str     0x000003c4      0x13a .\CortexM0\ARM_GCC_541\Debug\Cm0Start.o
                                0x2f8 (size before relaxing)
 .debug_str     0x000004fe       0xa1 .\CortexM0\ARM_GCC_541\Debug\IDAC_lab.a(IDAC.o)
                                0x24a (size before relaxing)
 .debug_str     0x0000059f      0x175 .\CortexM0\ARM_GCC_541\Debug\IDAC_lab.a(Timer.o)
                                0x332 (size before relaxing)
 .debug_str     0x00000714       0xd6 .\CortexM0\ARM_GCC_541\Debug\IDAC_lab.a(isr.o)
                                0x2c5 (size before relaxing)
 .debug_str     0x000007ea      0x485 .\CortexM0\ARM_GCC_541\Debug\IDAC_lab.a(CyLib.o)
                                0x6ad (size before relaxing)
 .debug_str     0x00000c6f      0x527 .\CortexM0\ARM_GCC_541\Debug\IDAC_lab.a(CyLFClk.o)
                                0x734 (size before relaxing)
 .debug_str     0x00001196      0x14c .\CortexM0\ARM_GCC_541\Debug\IDAC_lab.a(LCD.o)
                                0x323 (size before relaxing)
 .debug_str     0x000012e2      0x10c .\CortexM0\ARM_GCC_541\Debug\IDAC_lab.a(isr_start.o)
                                0x319 (size before relaxing)
 .debug_str     0x000013ee      0x18f .\CortexM0\ARM_GCC_541\Debug\IDAC_lab.a(Timer_Stop.o)
                                0x38c (size before relaxing)
 .debug_str     0x0000157d       0xff .\CortexM0\ARM_GCC_541\Debug\IDAC_lab.a(isr_stop.o)
                                0x30b (size before relaxing)

.debug_loc      0x00000000     0x1841
 *(.debug_loc)
 .debug_loc     0x00000000       0x13 .\CortexM0\ARM_GCC_541\Debug\main.o
 .debug_loc     0x00000013      0x14d .\CortexM0\ARM_GCC_541\Debug\cyfitter_cfg.o
 .debug_loc     0x00000160      0x14f .\CortexM0\ARM_GCC_541\Debug\Cm0Start.o
 .debug_loc     0x000002af       0xb5 .\CortexM0\ARM_GCC_541\Debug\IDAC_lab.a(IDAC.o)
 .debug_loc     0x00000364       0x13 .\CortexM0\ARM_GCC_541\Debug\IDAC_lab.a(Timer.o)
 .debug_loc     0x00000377       0x82 .\CortexM0\ARM_GCC_541\Debug\IDAC_lab.a(isr.o)
 .debug_loc     0x000003f9      0x599 .\CortexM0\ARM_GCC_541\Debug\IDAC_lab.a(CyLib.o)
 .debug_loc     0x00000992      0x9b5 .\CortexM0\ARM_GCC_541\Debug\IDAC_lab.a(CyLFClk.o)
 .debug_loc     0x00001347      0x3e3 .\CortexM0\ARM_GCC_541\Debug\IDAC_lab.a(LCD.o)
 .debug_loc     0x0000172a       0x82 .\CortexM0\ARM_GCC_541\Debug\IDAC_lab.a(isr_start.o)
 .debug_loc     0x000017ac       0x13 .\CortexM0\ARM_GCC_541\Debug\IDAC_lab.a(Timer_Stop.o)
 .debug_loc     0x000017bf       0x82 .\CortexM0\ARM_GCC_541\Debug\IDAC_lab.a(isr_stop.o)

.debug_macinfo
 *(.debug_macinfo)

.debug_ranges   0x00000000      0x638
 *(.debug_ranges)
 .debug_ranges  0x00000000       0x28 .\CortexM0\ARM_GCC_541\Debug\main.o
 .debug_ranges  0x00000028       0x38 .\CortexM0\ARM_GCC_541\Debug\cyfitter_cfg.o
 .debug_ranges  0x00000060       0x38 .\CortexM0\ARM_GCC_541\Debug\Cm0Start.o
 .debug_ranges  0x00000098       0x30 .\CortexM0\ARM_GCC_541\Debug\IDAC_lab.a(IDAC.o)
 .debug_ranges  0x000000c8       0x80 .\CortexM0\ARM_GCC_541\Debug\IDAC_lab.a(Timer.o)
 .debug_ranges  0x00000148       0x70 .\CortexM0\ARM_GCC_541\Debug\IDAC_lab.a(isr.o)
 .debug_ranges  0x000001b8      0x170 .\CortexM0\ARM_GCC_541\Debug\IDAC_lab.a(CyLib.o)
 .debug_ranges  0x00000328      0x128 .\CortexM0\ARM_GCC_541\Debug\IDAC_lab.a(CyLFClk.o)
 .debug_ranges  0x00000450       0x88 .\CortexM0\ARM_GCC_541\Debug\IDAC_lab.a(LCD.o)
 .debug_ranges  0x000004d8       0x70 .\CortexM0\ARM_GCC_541\Debug\IDAC_lab.a(isr_start.o)
 .debug_ranges  0x00000548       0x80 .\CortexM0\ARM_GCC_541\Debug\IDAC_lab.a(Timer_Stop.o)
 .debug_ranges  0x000005c8       0x70 .\CortexM0\ARM_GCC_541\Debug\IDAC_lab.a(isr_stop.o)

.comment        0x00000000       0x6e
 .comment       0x00000000       0x6e .\CortexM0\ARM_GCC_541\Debug\main.o
                                 0x6f (size before relaxing)
 .comment       0x0000006e       0x6f .\CortexM0\ARM_GCC_541\Debug\cyfitter_cfg.o
 .comment       0x0000006e       0x6f .\CortexM0\ARM_GCC_541\Debug\cymetadata.o
 .comment       0x0000006e       0x6f .\CortexM0\ARM_GCC_541\Debug\Cm0Start.o
 .comment       0x0000006e       0x6f .\CortexM0\ARM_GCC_541\Debug\IDAC_lab.a(IDAC.o)
 .comment       0x0000006e       0x6f .\CortexM0\ARM_GCC_541\Debug\IDAC_lab.a(Timer.o)
 .comment       0x0000006e       0x6f .\CortexM0\ARM_GCC_541\Debug\IDAC_lab.a(isr.o)
 .comment       0x0000006e       0x6f .\CortexM0\ARM_GCC_541\Debug\IDAC_lab.a(CyLib.o)
 .comment       0x0000006e       0x6f .\CortexM0\ARM_GCC_541\Debug\IDAC_lab.a(CyLFClk.o)
 .comment       0x0000006e       0x6f .\CortexM0\ARM_GCC_541\Debug\IDAC_lab.a(LCD.o)
 .comment       0x0000006e       0x6f .\CortexM0\ARM_GCC_541\Debug\IDAC_lab.a(isr_start.o)
 .comment       0x0000006e       0x6f .\CortexM0\ARM_GCC_541\Debug\IDAC_lab.a(Timer_Stop.o)
 .comment       0x0000006e       0x6f .\CortexM0\ARM_GCC_541\Debug\IDAC_lab.a(isr_stop.o)

.debug_weaknames
 *(.debug_weaknames)

.debug_funcnames
 *(.debug_funcnames)

.debug_typenames
 *(.debug_typenames)

.debug_varnames
 *(.debug_varnames)

.note.gnu.arm.ident
 *(.note.gnu.arm.ident)

.ARM.attributes
                0x00000000       0x28
 *(.ARM.attributes)
 .ARM.attributes
                0x00000000       0x1e c:/program files/cypress/psoc creator/4.2/psoc creator/import/gnu/arm/5.4.1/bin/../lib/gcc/arm-none-eabi/5.4.1/armv6-m/crti.o
 .ARM.attributes
                0x0000001e       0x2c c:/program files/cypress/psoc creator/4.2/psoc creator/import/gnu/arm/5.4.1/bin/../lib/gcc/arm-none-eabi/5.4.1/armv6-m/crtbegin.o
 .ARM.attributes
                0x0000004a       0x1b c:/program files/cypress/psoc creator/4.2/psoc creator/import/gnu/arm/5.4.1/bin/../lib/gcc/arm-none-eabi/5.4.1/../../../../arm-none-eabi/lib/armv6-m/crt0.o
 .ARM.attributes
                0x00000065       0x31 .\CortexM0\ARM_GCC_541\Debug\main.o
 .ARM.attributes
                0x00000096       0x31 .\CortexM0\ARM_GCC_541\Debug\cyfitter_cfg.o
 .ARM.attributes
                0x000000c7       0x31 .\CortexM0\ARM_GCC_541\Debug\cymetadata.o
 .ARM.attributes
                0x000000f8       0x31 .\CortexM0\ARM_GCC_541\Debug\Cm0Start.o
 .ARM.attributes
                0x00000129       0x31 .\CortexM0\ARM_GCC_541\Debug\IDAC_lab.a(IDAC.o)
 .ARM.attributes
                0x0000015a       0x31 .\CortexM0\ARM_GCC_541\Debug\IDAC_lab.a(Timer.o)
 .ARM.attributes
                0x0000018b       0x31 .\CortexM0\ARM_GCC_541\Debug\IDAC_lab.a(isr.o)
 .ARM.attributes
                0x000001bc       0x31 .\CortexM0\ARM_GCC_541\Debug\IDAC_lab.a(CyLib.o)
 .ARM.attributes
                0x000001ed       0x31 .\CortexM0\ARM_GCC_541\Debug\IDAC_lab.a(CyLFClk.o)
 .ARM.attributes
                0x0000021e       0x31 .\CortexM0\ARM_GCC_541\Debug\IDAC_lab.a(LCD.o)
 .ARM.attributes
                0x0000024f       0x31 .\CortexM0\ARM_GCC_541\Debug\IDAC_lab.a(isr_start.o)
 .ARM.attributes
                0x00000280       0x31 .\CortexM0\ARM_GCC_541\Debug\IDAC_lab.a(Timer_Stop.o)
 .ARM.attributes
                0x000002b1       0x31 .\CortexM0\ARM_GCC_541\Debug\IDAC_lab.a(isr_stop.o)
 .ARM.attributes
                0x000002e2       0x21 .\CortexM0\ARM_GCC_541\Debug\IDAC_lab.a(CyBootAsmGnu.o)
 .ARM.attributes
                0x00000303       0x1e c:/program files/cypress/psoc creator/4.2/psoc creator/import/gnu/arm/5.4.1/bin/../lib/gcc/arm-none-eabi/5.4.1/armv6-m\libgcc.a(_udivsi3.o)
 .ARM.attributes
                0x00000321       0x1e c:/program files/cypress/psoc creator/4.2/psoc creator/import/gnu/arm/5.4.1/bin/../lib/gcc/arm-none-eabi/5.4.1/armv6-m\libgcc.a(_dvmd_tls.o)
 .ARM.attributes
                0x0000033f       0x2c c:/program files/cypress/psoc creator/4.2/psoc creator/import/gnu/arm/5.4.1/bin/../lib/gcc/arm-none-eabi/5.4.1/armv6-m\libgcc.a(_fixunssfsi.o)
 .ARM.attributes
                0x0000036b       0x2c c:/program files/cypress/psoc creator/4.2/psoc creator/import/gnu/arm/5.4.1/bin/../lib/gcc/arm-none-eabi/5.4.1/armv6-m\libgcc.a(addsf3.o)
 .ARM.attributes
                0x00000397       0x2c c:/program files/cypress/psoc creator/4.2/psoc creator/import/gnu/arm/5.4.1/bin/../lib/gcc/arm-none-eabi/5.4.1/armv6-m\libgcc.a(mulsf3.o)
 .ARM.attributes
                0x000003c3       0x2c c:/program files/cypress/psoc creator/4.2/psoc creator/import/gnu/arm/5.4.1/bin/../lib/gcc/arm-none-eabi/5.4.1/armv6-m\libgcc.a(subsf3.o)
 .ARM.attributes
                0x000003ef       0x2c c:/program files/cypress/psoc creator/4.2/psoc creator/import/gnu/arm/5.4.1/bin/../lib/gcc/arm-none-eabi/5.4.1/armv6-m\libgcc.a(fixsfsi.o)
 .ARM.attributes
                0x0000041b       0x2c c:/program files/cypress/psoc creator/4.2/psoc creator/import/gnu/arm/5.4.1/bin/../lib/gcc/arm-none-eabi/5.4.1/armv6-m\libgcc.a(floatsisf.o)
 .ARM.attributes
                0x00000447       0x1e c:/program files/cypress/psoc creator/4.2/psoc creator/import/gnu/arm/5.4.1/bin/../lib/gcc/arm-none-eabi/5.4.1/armv6-m\libgcc.a(_arm_cmpsf2.o)
 .ARM.attributes
                0x00000465       0x1e c:/program files/cypress/psoc creator/4.2/psoc creator/import/gnu/arm/5.4.1/bin/../lib/gcc/arm-none-eabi/5.4.1/armv6-m\libgcc.a(_clzsi2.o)
 .ARM.attributes
                0x00000483       0x2c c:/program files/cypress/psoc creator/4.2/psoc creator/import/gnu/arm/5.4.1/bin/../lib/gcc/arm-none-eabi/5.4.1/armv6-m\libgcc.a(eqsf2.o)
 .ARM.attributes
                0x000004af       0x2c c:/program files/cypress/psoc creator/4.2/psoc creator/import/gnu/arm/5.4.1/bin/../lib/gcc/arm-none-eabi/5.4.1/armv6-m\libgcc.a(gesf2.o)
 .ARM.attributes
                0x000004db       0x2c c:/program files/cypress/psoc creator/4.2/psoc creator/import/gnu/arm/5.4.1/bin/../lib/gcc/arm-none-eabi/5.4.1/armv6-m\libgcc.a(lesf2.o)
 .ARM.attributes
                0x00000507       0x2c c:/program files/cypress/psoc creator/4.2/psoc creator/import/gnu/arm/5.4.1/bin/../lib/gcc/arm-none-eabi/5.4.1/../../../../arm-none-eabi/lib/armv6-m\libg_nano.a(lib_a-errno.o)
 .ARM.attributes
                0x00000533       0x2c c:/program files/cypress/psoc creator/4.2/psoc creator/import/gnu/arm/5.4.1/bin/../lib/gcc/arm-none-eabi/5.4.1/../../../../arm-none-eabi/lib/armv6-m\libg_nano.a(lib_a-exit.o)
 .ARM.attributes
                0x0000055f       0x2c c:/program files/cypress/psoc creator/4.2/psoc creator/import/gnu/arm/5.4.1/bin/../lib/gcc/arm-none-eabi/5.4.1/../../../../arm-none-eabi/lib/armv6-m\libg_nano.a(lib_a-impure.o)
 .ARM.attributes
                0x0000058b       0x2c c:/program files/cypress/psoc creator/4.2/psoc creator/import/gnu/arm/5.4.1/bin/../lib/gcc/arm-none-eabi/5.4.1/../../../../arm-none-eabi/lib/armv6-m\libg_nano.a(lib_a-init.o)
 .ARM.attributes
                0x000005b7       0x2c c:/program files/cypress/psoc creator/4.2/psoc creator/import/gnu/arm/5.4.1/bin/../lib/gcc/arm-none-eabi/5.4.1/../../../../arm-none-eabi/lib/armv6-m\libg_nano.a(lib_a-memset.o)
 .ARM.attributes
                0x000005e3       0x2c c:/program files/cypress/psoc creator/4.2/psoc creator/import/gnu/arm/5.4.1/bin/../lib/gcc/arm-none-eabi/5.4.1/armv6-m/crtend.o
 .ARM.attributes
                0x0000060f       0x1e c:/program files/cypress/psoc creator/4.2/psoc creator/import/gnu/arm/5.4.1/bin/../lib/gcc/arm-none-eabi/5.4.1/armv6-m/crtn.o

/DISCARD/
 *(.note.GNU-stack)
OUTPUT(C:\Users\Student_2\Desktop\Micro\IDAC_lab\IDAC_lab.cydsn\CortexM0\ARM_GCC_541\Debug\IDAC_lab.elf elf32-littlearm)
