Archive member included to satisfy reference by file (symbol)

.\CortexM0\ARM_GCC_541\Debug\IDAC_lab.a(IDAC.o)
                              .\CortexM0\ARM_GCC_541\Debug\main.o (IDAC_Start)
.\CortexM0\ARM_GCC_541\Debug\IDAC_lab.a(Timer.o)
                              .\CortexM0\ARM_GCC_541\Debug\main.o (Timer_Start)
.\CortexM0\ARM_GCC_541\Debug\IDAC_lab.a(isr.o)
                              .\CortexM0\ARM_GCC_541\Debug\main.o (isr_StartEx)
.\CortexM0\ARM_GCC_541\Debug\IDAC_lab.a(CyLib.o)
                              .\CortexM0\ARM_GCC_541\Debug\cyfitter_cfg.o (CyIntEnable)
.\CortexM0\ARM_GCC_541\Debug\IDAC_lab.a(CyLFClk.o)
                              .\CortexM0\ARM_GCC_541\Debug\cyfitter_cfg.o (CySysWdtIsr)
.\CortexM0\ARM_GCC_541\Debug\IDAC_lab.a(LCD.o)
                              .\CortexM0\ARM_GCC_541\Debug\main.o (LCD_PrintString)
.\CortexM0\ARM_GCC_541\Debug\IDAC_lab.a(isr_start.o)
                              .\CortexM0\ARM_GCC_541\Debug\main.o (isr_start_Enable)
.\CortexM0\ARM_GCC_541\Debug\IDAC_lab.a(Timer_Stop.o)
                              .\CortexM0\ARM_GCC_541\Debug\main.o (Timer_Stop_Stop)
.\CortexM0\ARM_GCC_541\Debug\IDAC_lab.a(isr_stop.o)
                              .\CortexM0\ARM_GCC_541\Debug\main.o (isr_stop_Enable)
.\CortexM0\ARM_GCC_541\Debug\IDAC_lab.a(Pin_Mode.o)
                              .\CortexM0\ARM_GCC_541\Debug\main.o (Pin_Mode_Read)
.\CortexM0\ARM_GCC_541\Debug\IDAC_lab.a(CyBootAsmGnu.o)
                              .\CortexM0\ARM_GCC_541\Debug\IDAC_lab.a(CyLib.o) (CyDelayCycles)
c:/program files/cypress/psoc creator/4.2/psoc creator/import/gnu/arm/5.4.1/bin/../lib/gcc/arm-none-eabi/5.4.1/armv6-m\libgcc.a(_udivsi3.o)
                              .\CortexM0\ARM_GCC_541\Debug\IDAC_lab.a(CyLib.o) (__aeabi_uidiv)
c:/program files/cypress/psoc creator/4.2/psoc creator/import/gnu/arm/5.4.1/bin/../lib/gcc/arm-none-eabi/5.4.1/armv6-m\libgcc.a(_dvmd_tls.o)
                              c:/program files/cypress/psoc creator/4.2/psoc creator/import/gnu/arm/5.4.1/bin/../lib/gcc/arm-none-eabi/5.4.1/armv6-m\libgcc.a(_udivsi3.o) (__aeabi_idiv0)
c:/program files/cypress/psoc creator/4.2/psoc creator/import/gnu/arm/5.4.1/bin/../lib/gcc/arm-none-eabi/5.4.1/armv6-m\libgcc.a(_fixunssfsi.o)
                              .\CortexM0\ARM_GCC_541\Debug\main.o (__aeabi_f2uiz)
c:/program files/cypress/psoc creator/4.2/psoc creator/import/gnu/arm/5.4.1/bin/../lib/gcc/arm-none-eabi/5.4.1/armv6-m\libgcc.a(addsf3.o)
                              .\CortexM0\ARM_GCC_541\Debug\main.o (__aeabi_fadd)
c:/program files/cypress/psoc creator/4.2/psoc creator/import/gnu/arm/5.4.1/bin/../lib/gcc/arm-none-eabi/5.4.1/armv6-m\libgcc.a(mulsf3.o)
                              .\CortexM0\ARM_GCC_541\Debug\main.o (__aeabi_fmul)
c:/program files/cypress/psoc creator/4.2/psoc creator/import/gnu/arm/5.4.1/bin/../lib/gcc/arm-none-eabi/5.4.1/armv6-m\libgcc.a(subsf3.o)
                              c:/program files/cypress/psoc creator/4.2/psoc creator/import/gnu/arm/5.4.1/bin/../lib/gcc/arm-none-eabi/5.4.1/armv6-m\libgcc.a(_fixunssfsi.o) (__aeabi_fsub)
c:/program files/cypress/psoc creator/4.2/psoc creator/import/gnu/arm/5.4.1/bin/../lib/gcc/arm-none-eabi/5.4.1/armv6-m\libgcc.a(fixsfsi.o)
                              c:/program files/cypress/psoc creator/4.2/psoc creator/import/gnu/arm/5.4.1/bin/../lib/gcc/arm-none-eabi/5.4.1/armv6-m\libgcc.a(_fixunssfsi.o) (__aeabi_f2iz)
c:/program files/cypress/psoc creator/4.2/psoc creator/import/gnu/arm/5.4.1/bin/../lib/gcc/arm-none-eabi/5.4.1/armv6-m\libgcc.a(floatsisf.o)
                              .\CortexM0\ARM_GCC_541\Debug\main.o (__aeabi_i2f)
c:/program files/cypress/psoc creator/4.2/psoc creator/import/gnu/arm/5.4.1/bin/../lib/gcc/arm-none-eabi/5.4.1/armv6-m\libgcc.a(_arm_cmpsf2.o)
                              c:/program files/cypress/psoc creator/4.2/psoc creator/import/gnu/arm/5.4.1/bin/../lib/gcc/arm-none-eabi/5.4.1/armv6-m\libgcc.a(_fixunssfsi.o) (__aeabi_fcmpge)
c:/program files/cypress/psoc creator/4.2/psoc creator/import/gnu/arm/5.4.1/bin/../lib/gcc/arm-none-eabi/5.4.1/armv6-m\libgcc.a(_clzsi2.o)
                              c:/program files/cypress/psoc creator/4.2/psoc creator/import/gnu/arm/5.4.1/bin/../lib/gcc/arm-none-eabi/5.4.1/armv6-m\libgcc.a(addsf3.o) (__clzsi2)
c:/program files/cypress/psoc creator/4.2/psoc creator/import/gnu/arm/5.4.1/bin/../lib/gcc/arm-none-eabi/5.4.1/armv6-m\libgcc.a(eqsf2.o)
                              c:/program files/cypress/psoc creator/4.2/psoc creator/import/gnu/arm/5.4.1/bin/../lib/gcc/arm-none-eabi/5.4.1/armv6-m\libgcc.a(_arm_cmpsf2.o) (__eqsf2)
c:/program files/cypress/psoc creator/4.2/psoc creator/import/gnu/arm/5.4.1/bin/../lib/gcc/arm-none-eabi/5.4.1/armv6-m\libgcc.a(gesf2.o)
                              c:/program files/cypress/psoc creator/4.2/psoc creator/import/gnu/arm/5.4.1/bin/../lib/gcc/arm-none-eabi/5.4.1/armv6-m\libgcc.a(_arm_cmpsf2.o) (__gesf2)
c:/program files/cypress/psoc creator/4.2/psoc creator/import/gnu/arm/5.4.1/bin/../lib/gcc/arm-none-eabi/5.4.1/armv6-m\libgcc.a(lesf2.o)
                              c:/program files/cypress/psoc creator/4.2/psoc creator/import/gnu/arm/5.4.1/bin/../lib/gcc/arm-none-eabi/5.4.1/armv6-m\libgcc.a(_arm_cmpsf2.o) (__lesf2)
c:/program files/cypress/psoc creator/4.2/psoc creator/import/gnu/arm/5.4.1/bin/../lib/gcc/arm-none-eabi/5.4.1/../../../../arm-none-eabi/lib/armv6-m\libg_nano.a(lib_a-errno.o)
                              .\CortexM0\ARM_GCC_541\Debug\Cm0Start.o (__errno)
c:/program files/cypress/psoc creator/4.2/psoc creator/import/gnu/arm/5.4.1/bin/../lib/gcc/arm-none-eabi/5.4.1/../../../../arm-none-eabi/lib/armv6-m\libg_nano.a(lib_a-exit.o)
                              c:/program files/cypress/psoc creator/4.2/psoc creator/import/gnu/arm/5.4.1/bin/../lib/gcc/arm-none-eabi/5.4.1/../../../../arm-none-eabi/lib/armv6-m/crt0.o (exit)
c:/program files/cypress/psoc creator/4.2/psoc creator/import/gnu/arm/5.4.1/bin/../lib/gcc/arm-none-eabi/5.4.1/../../../../arm-none-eabi/lib/armv6-m\libg_nano.a(lib_a-impure.o)
                              c:/program files/cypress/psoc creator/4.2/psoc creator/import/gnu/arm/5.4.1/bin/../lib/gcc/arm-none-eabi/5.4.1/../../../../arm-none-eabi/lib/armv6-m\libg_nano.a(lib_a-exit.o) (_global_impure_ptr)
c:/program files/cypress/psoc creator/4.2/psoc creator/import/gnu/arm/5.4.1/bin/../lib/gcc/arm-none-eabi/5.4.1/../../../../arm-none-eabi/lib/armv6-m\libg_nano.a(lib_a-init.o)
                              c:/program files/cypress/psoc creator/4.2/psoc creator/import/gnu/arm/5.4.1/bin/../lib/gcc/arm-none-eabi/5.4.1/../../../../arm-none-eabi/lib/armv6-m/crt0.o (__libc_init_array)
c:/program files/cypress/psoc creator/4.2/psoc creator/import/gnu/arm/5.4.1/bin/../lib/gcc/arm-none-eabi/5.4.1/../../../../arm-none-eabi/lib/armv6-m\libg_nano.a(lib_a-memset.o)
                              c:/program files/cypress/psoc creator/4.2/psoc creator/import/gnu/arm/5.4.1/bin/../lib/gcc/arm-none-eabi/5.4.1/../../../../arm-none-eabi/lib/armv6-m/crt0.o (memset)

Allocating common symbols
Common symbol       size              file

pinVal              0x1               .\CortexM0\ARM_GCC_541\Debug\main.o

Discarded input sections

 .text          0x00000000        0x0 c:/program files/cypress/psoc creator/4.2/psoc creator/import/gnu/arm/5.4.1/bin/../lib/gcc/arm-none-eabi/5.4.1/armv6-m/crti.o
 .data          0x00000000        0x0 c:/program files/cypress/psoc creator/4.2/psoc creator/import/gnu/arm/5.4.1/bin/../lib/gcc/arm-none-eabi/5.4.1/armv6-m/crti.o
 .bss           0x00000000        0x0 c:/program files/cypress/psoc creator/4.2/psoc creator/import/gnu/arm/5.4.1/bin/../lib/gcc/arm-none-eabi/5.4.1/armv6-m/crti.o
 .data          0x00000000        0x4 c:/program files/cypress/psoc creator/4.2/psoc creator/import/gnu/arm/5.4.1/bin/../lib/gcc/arm-none-eabi/5.4.1/armv6-m/crtbegin.o
 .text          0x00000000       0x78 c:/program files/cypress/psoc creator/4.2/psoc creator/import/gnu/arm/5.4.1/bin/../lib/gcc/arm-none-eabi/5.4.1/../../../../arm-none-eabi/lib/armv6-m/crt0.o
 .data          0x00000000        0x0 c:/program files/cypress/psoc creator/4.2/psoc creator/import/gnu/arm/5.4.1/bin/../lib/gcc/arm-none-eabi/5.4.1/../../../../arm-none-eabi/lib/armv6-m/crt0.o
 .bss           0x00000000        0x0 c:/program files/cypress/psoc creator/4.2/psoc creator/import/gnu/arm/5.4.1/bin/../lib/gcc/arm-none-eabi/5.4.1/../../../../arm-none-eabi/lib/armv6-m/crt0.o
 .ARM.extab     0x00000000        0x0 c:/program files/cypress/psoc creator/4.2/psoc creator/import/gnu/arm/5.4.1/bin/../lib/gcc/arm-none-eabi/5.4.1/../../../../arm-none-eabi/lib/armv6-m/crt0.o
 .ARM.exidx     0x00000000        0x8 c:/program files/cypress/psoc creator/4.2/psoc creator/import/gnu/arm/5.4.1/bin/../lib/gcc/arm-none-eabi/5.4.1/../../../../arm-none-eabi/lib/armv6-m/crt0.o
 .text          0x00000000        0x0 .\CortexM0\ARM_GCC_541\Debug\main.o
 .text          0x00000000        0x0 .\CortexM0\ARM_GCC_541\Debug\cyfitter_cfg.o
 .data          0x00000000        0x0 .\CortexM0\ARM_GCC_541\Debug\cyfitter_cfg.o
 .bss           0x00000000        0x0 .\CortexM0\ARM_GCC_541\Debug\cyfitter_cfg.o
 .text          0x00000000        0x0 .\CortexM0\ARM_GCC_541\Debug\cymetadata.o
 .data          0x00000000        0x0 .\CortexM0\ARM_GCC_541\Debug\cymetadata.o
 .bss           0x00000000        0x0 .\CortexM0\ARM_GCC_541\Debug\cymetadata.o
 .text          0x00000000        0x0 .\CortexM0\ARM_GCC_541\Debug\Cm0Start.o
 .data          0x00000000        0x4 .\CortexM0\ARM_GCC_541\Debug\Cm0Start.o
 .bss           0x00000000        0x0 .\CortexM0\ARM_GCC_541\Debug\Cm0Start.o
 .text._exit    0x00000000        0xc .\CortexM0\ARM_GCC_541\Debug\Cm0Start.o
 .text._sbrk    0x00000000       0x30 .\CortexM0\ARM_GCC_541\Debug\Cm0Start.o
 .text          0x00000000        0x0 .\CortexM0\ARM_GCC_541\Debug\IDAC_lab.a(IDAC.o)
 .data          0x00000000        0x0 .\CortexM0\ARM_GCC_541\Debug\IDAC_lab.a(IDAC.o)
 .text.IDAC_Stop
                0x00000000       0x20 .\CortexM0\ARM_GCC_541\Debug\IDAC_lab.a(IDAC.o)
 .text          0x00000000        0x0 .\CortexM0\ARM_GCC_541\Debug\IDAC_lab.a(Timer.o)
 .data          0x00000000        0x0 .\CortexM0\ARM_GCC_541\Debug\IDAC_lab.a(Timer.o)
 .text.Timer_Stop
                0x00000000       0x10 .\CortexM0\ARM_GCC_541\Debug\IDAC_lab.a(Timer.o)
 .text.Timer_SoftwareCapture
                0x00000000        0xc .\CortexM0\ARM_GCC_541\Debug\IDAC_lab.a(Timer.o)
 .text.Timer_ReadControlRegister
                0x00000000        0xc .\CortexM0\ARM_GCC_541\Debug\IDAC_lab.a(Timer.o)
 .text.Timer_WriteControlRegister
                0x00000000        0xc .\CortexM0\ARM_GCC_541\Debug\IDAC_lab.a(Timer.o)
 .text.Timer_ReadPeriod
                0x00000000        0xc .\CortexM0\ARM_GCC_541\Debug\IDAC_lab.a(Timer.o)
 .text.Timer_ReadCounter
                0x00000000       0x14 .\CortexM0\ARM_GCC_541\Debug\IDAC_lab.a(Timer.o)
 .text          0x00000000        0x0 .\CortexM0\ARM_GCC_541\Debug\IDAC_lab.a(isr.o)
 .data          0x00000000        0x0 .\CortexM0\ARM_GCC_541\Debug\IDAC_lab.a(isr.o)
 .bss           0x00000000        0x0 .\CortexM0\ARM_GCC_541\Debug\IDAC_lab.a(isr.o)
 .text.isr_Interrupt
                0x00000000        0x4 .\CortexM0\ARM_GCC_541\Debug\IDAC_lab.a(isr.o)
 .text.isr_GetVector
                0x00000000        0xc .\CortexM0\ARM_GCC_541\Debug\IDAC_lab.a(isr.o)
 .text.isr_GetPriority
                0x00000000       0x10 .\CortexM0\ARM_GCC_541\Debug\IDAC_lab.a(isr.o)
 .text.isr_GetState
                0x00000000       0x10 .\CortexM0\ARM_GCC_541\Debug\IDAC_lab.a(isr.o)
 .text.isr_Start
                0x00000000       0x1c .\CortexM0\ARM_GCC_541\Debug\IDAC_lab.a(isr.o)
 .text.isr_Stop
                0x00000000       0x14 .\CortexM0\ARM_GCC_541\Debug\IDAC_lab.a(isr.o)
 .text.isr_SetPending
                0x00000000        0xc .\CortexM0\ARM_GCC_541\Debug\IDAC_lab.a(isr.o)
 .text.isr_ClearPending
                0x00000000        0xc .\CortexM0\ARM_GCC_541\Debug\IDAC_lab.a(isr.o)
 .text          0x00000000        0x0 .\CortexM0\ARM_GCC_541\Debug\IDAC_lab.a(CyLib.o)
 .bss           0x00000000       0x18 .\CortexM0\ARM_GCC_541\Debug\IDAC_lab.a(CyLib.o)
 .text.CySysClkImoStart
                0x00000000       0x14 .\CortexM0\ARM_GCC_541\Debug\IDAC_lab.a(CyLib.o)
 .text.CySysClkImoStop
                0x00000000       0x10 .\CortexM0\ARM_GCC_541\Debug\IDAC_lab.a(CyLib.o)
 .text.CySysClkWriteHfclkDirect
                0x00000000       0x20 .\CortexM0\ARM_GCC_541\Debug\IDAC_lab.a(CyLib.o)
 .text.CySysEnablePumpClock
                0x00000000       0x38 .\CortexM0\ARM_GCC_541\Debug\IDAC_lab.a(CyLib.o)
 .text.CySysClkGetSysclkSource
                0x00000000       0x1c .\CortexM0\ARM_GCC_541\Debug\IDAC_lab.a(CyLib.o)
 .text.CySysClkWriteSysclkDiv
                0x00000000       0x30 .\CortexM0\ARM_GCC_541\Debug\IDAC_lab.a(CyLib.o)
 .text.CySysLvdDisable
                0x00000000       0x20 .\CortexM0\ARM_GCC_541\Debug\IDAC_lab.a(CyLib.o)
 .text.CySysLvdGetInterruptSource
                0x00000000       0x10 .\CortexM0\ARM_GCC_541\Debug\IDAC_lab.a(CyLib.o)
 .text.CySysLvdClearInterrupt
                0x00000000        0xc .\CortexM0\ARM_GCC_541\Debug\IDAC_lab.a(CyLib.o)
 .text.CySysGetResetReason
                0x00000000       0x14 .\CortexM0\ARM_GCC_541\Debug\IDAC_lab.a(CyLib.o)
 .text.CyDisableInts
                0x00000000       0x10 .\CortexM0\ARM_GCC_541\Debug\IDAC_lab.a(CyLib.o)
 .text.CyEnableInts
                0x00000000        0xc .\CortexM0\ARM_GCC_541\Debug\IDAC_lab.a(CyLib.o)
 .text.CyIntGetState
                0x00000000       0x18 .\CortexM0\ARM_GCC_541\Debug\IDAC_lab.a(CyLib.o)
 .text.CyIntDisable
                0x00000000       0x14 .\CortexM0\ARM_GCC_541\Debug\IDAC_lab.a(CyLib.o)
 .text.CyIntSetPending
                0x00000000       0x14 .\CortexM0\ARM_GCC_541\Debug\IDAC_lab.a(CyLib.o)
 .text.CyIntClearPending
                0x00000000       0x14 .\CortexM0\ARM_GCC_541\Debug\IDAC_lab.a(CyLib.o)
 .text.CyIntSetSysVector
                0x00000000       0x20 .\CortexM0\ARM_GCC_541\Debug\IDAC_lab.a(CyLib.o)
 .text.CyIntGetSysVector
                0x00000000       0x1c .\CortexM0\ARM_GCC_541\Debug\IDAC_lab.a(CyLib.o)
 .text.CyIntGetVector
                0x00000000       0x20 .\CortexM0\ARM_GCC_541\Debug\IDAC_lab.a(CyLib.o)
 .text.CyIntSetPriority
                0x00000000       0x4c .\CortexM0\ARM_GCC_541\Debug\IDAC_lab.a(CyLib.o)
 .text.CyIntGetPriority
                0x00000000       0x2c .\CortexM0\ARM_GCC_541\Debug\IDAC_lab.a(CyLib.o)
 .text.CySoftwareReset
                0x00000000       0x18 .\CortexM0\ARM_GCC_541\Debug\IDAC_lab.a(CyLib.o)
 .text.CySysLvdEnable
                0x00000000       0x44 .\CortexM0\ARM_GCC_541\Debug\IDAC_lab.a(CyLib.o)
 .text.CyDelayFreq
                0x00000000       0x4c .\CortexM0\ARM_GCC_541\Debug\IDAC_lab.a(CyLib.o)
 .text.CySysTickStop
                0x00000000       0x10 .\CortexM0\ARM_GCC_541\Debug\IDAC_lab.a(CyLib.o)
 .text.CySysTickEnableInterrupt
                0x00000000       0x10 .\CortexM0\ARM_GCC_541\Debug\IDAC_lab.a(CyLib.o)
 .text.CySysTickEnable
                0x00000000       0x18 .\CortexM0\ARM_GCC_541\Debug\IDAC_lab.a(CyLib.o)
 .text.CySysTickDisableInterrupt
                0x00000000       0x10 .\CortexM0\ARM_GCC_541\Debug\IDAC_lab.a(CyLib.o)
 .text.CySysTickSetReload
                0x00000000       0x10 .\CortexM0\ARM_GCC_541\Debug\IDAC_lab.a(CyLib.o)
 .text.CySysTickGetReload
                0x00000000       0x10 .\CortexM0\ARM_GCC_541\Debug\IDAC_lab.a(CyLib.o)
 .text.CySysTickGetValue
                0x00000000       0x10 .\CortexM0\ARM_GCC_541\Debug\IDAC_lab.a(CyLib.o)
 .text.CySysTickGetCountFlag
                0x00000000       0x10 .\CortexM0\ARM_GCC_541\Debug\IDAC_lab.a(CyLib.o)
 .text.CySysTickServiceCallbacks
                0x00000000       0x28 .\CortexM0\ARM_GCC_541\Debug\IDAC_lab.a(CyLib.o)
 .text.CySysTickClear
                0x00000000        0xc .\CortexM0\ARM_GCC_541\Debug\IDAC_lab.a(CyLib.o)
 .text.CySysTickInit
                0x00000000       0x40 .\CortexM0\ARM_GCC_541\Debug\IDAC_lab.a(CyLib.o)
 .text.CySysTickStart
                0x00000000       0x20 .\CortexM0\ARM_GCC_541\Debug\IDAC_lab.a(CyLib.o)
 .text.CySysTickSetCallback
                0x00000000       0x10 .\CortexM0\ARM_GCC_541\Debug\IDAC_lab.a(CyLib.o)
 .text.CySysTickGetCallback
                0x00000000        0xc .\CortexM0\ARM_GCC_541\Debug\IDAC_lab.a(CyLib.o)
 .text.CyGetUniqueId
                0x00000000       0x70 .\CortexM0\ARM_GCC_541\Debug\IDAC_lab.a(CyLib.o)
 .text          0x00000000        0x0 .\CortexM0\ARM_GCC_541\Debug\IDAC_lab.a(CyLFClk.o)
 .text.CySysClkIloEnabled
                0x00000000       0x14 .\CortexM0\ARM_GCC_541\Debug\IDAC_lab.a(CyLFClk.o)
 .text.CySysClkIloStart
                0x00000000       0x14 .\CortexM0\ARM_GCC_541\Debug\IDAC_lab.a(CyLFClk.o)
 .text.CySysClkIloStartMeasurement
                0x00000000       0x34 .\CortexM0\ARM_GCC_541\Debug\IDAC_lab.a(CyLFClk.o)
 .text.CySysClkIloStopMeasurement
                0x00000000       0x14 .\CortexM0\ARM_GCC_541\Debug\IDAC_lab.a(CyLFClk.o)
 .text.CySysClkIloCompensate
                0x00000000      0x104 .\CortexM0\ARM_GCC_541\Debug\IDAC_lab.a(CyLFClk.o)
 .text.CySysWdtGetEnabledStatus
                0x00000000       0x24 .\CortexM0\ARM_GCC_541\Debug\IDAC_lab.a(CyLFClk.o)
 .text.CySysWdtSetMode
                0x00000000       0x38 .\CortexM0\ARM_GCC_541\Debug\IDAC_lab.a(CyLFClk.o)
 .text.CySysClkLfclkPosedgeRestore
                0x00000000       0x2c .\CortexM0\ARM_GCC_541\Debug\IDAC_lab.a(CyLFClk.o)
 .text.CySysWdtGetMode
                0x00000000       0x14 .\CortexM0\ARM_GCC_541\Debug\IDAC_lab.a(CyLFClk.o)
 .text.CySysWdtSetClearOnMatch
                0x00000000       0x34 .\CortexM0\ARM_GCC_541\Debug\IDAC_lab.a(CyLFClk.o)
 .text.CySysWdtGetClearOnMatch
                0x00000000       0x24 .\CortexM0\ARM_GCC_541\Debug\IDAC_lab.a(CyLFClk.o)
 .text.CySysWdtEnable
                0x00000000       0x40 .\CortexM0\ARM_GCC_541\Debug\IDAC_lab.a(CyLFClk.o)
 .text.CySysWdtDisable
                0x00000000       0x44 .\CortexM0\ARM_GCC_541\Debug\IDAC_lab.a(CyLFClk.o)
 .text.CySysWdtSetCascade
                0x00000000       0x34 .\CortexM0\ARM_GCC_541\Debug\IDAC_lab.a(CyLFClk.o)
 .text.CySysWdtGetCascade
                0x00000000       0x14 .\CortexM0\ARM_GCC_541\Debug\IDAC_lab.a(CyLFClk.o)
 .text.CySysWdtSetMatch
                0x00000000       0x38 .\CortexM0\ARM_GCC_541\Debug\IDAC_lab.a(CyLFClk.o)
 .text.CySysWdtSetToggleBit
                0x00000000       0x30 .\CortexM0\ARM_GCC_541\Debug\IDAC_lab.a(CyLFClk.o)
 .text.CySysWdtGetToggleBit
                0x00000000       0x10 .\CortexM0\ARM_GCC_541\Debug\IDAC_lab.a(CyLFClk.o)
 .text.CySysWdtGetMatch
                0x00000000       0x20 .\CortexM0\ARM_GCC_541\Debug\IDAC_lab.a(CyLFClk.o)
 .text.CySysWdtGetCount
                0x00000000       0x3c .\CortexM0\ARM_GCC_541\Debug\IDAC_lab.a(CyLFClk.o)
 .text.CySysClkLfclkPosedgeCatch
                0x00000000       0x74 .\CortexM0\ARM_GCC_541\Debug\IDAC_lab.a(CyLFClk.o)
 .text.CySysClkIloStop
                0x00000000       0x38 .\CortexM0\ARM_GCC_541\Debug\IDAC_lab.a(CyLFClk.o)
 .text.CySysWdtGetInterruptSource
                0x00000000       0x14 .\CortexM0\ARM_GCC_541\Debug\IDAC_lab.a(CyLFClk.o)
 .text.CySysWdtResetCounters
                0x00000000       0x20 .\CortexM0\ARM_GCC_541\Debug\IDAC_lab.a(CyLFClk.o)
 .text.CySysWdtSetInterruptCallback
                0x00000000       0x20 .\CortexM0\ARM_GCC_541\Debug\IDAC_lab.a(CyLFClk.o)
 .text.CySysWdtGetInterruptCallback
                0x00000000       0x20 .\CortexM0\ARM_GCC_541\Debug\IDAC_lab.a(CyLFClk.o)
 .text.CySysWdtEnableCounterIsr
                0x00000000       0x34 .\CortexM0\ARM_GCC_541\Debug\IDAC_lab.a(CyLFClk.o)
 .text.CySysWdtDisableCounterIsr
                0x00000000       0x28 .\CortexM0\ARM_GCC_541\Debug\IDAC_lab.a(CyLFClk.o)
 .text.CySysWatchdogFeed
                0x00000000       0x60 .\CortexM0\ARM_GCC_541\Debug\IDAC_lab.a(CyLFClk.o)
 .text.CySysTimerDelayUntilMatch
                0x00000000       0x6c .\CortexM0\ARM_GCC_541\Debug\IDAC_lab.a(CyLFClk.o)
 .text.CySysTimerDelay
                0x00000000       0x3c .\CortexM0\ARM_GCC_541\Debug\IDAC_lab.a(CyLFClk.o)
 .rodata        0x00000000        0xc .\CortexM0\ARM_GCC_541\Debug\IDAC_lab.a(CyLFClk.o)
 .text          0x00000000        0x0 .\CortexM0\ARM_GCC_541\Debug\IDAC_lab.a(LCD.o)
 .data          0x00000000        0x0 .\CortexM0\ARM_GCC_541\Debug\IDAC_lab.a(LCD.o)
 .bss           0x00000000        0x2 .\CortexM0\ARM_GCC_541\Debug\IDAC_lab.a(LCD.o)
 .text.LCD_PutChar
                0x00000000        0x8 .\CortexM0\ARM_GCC_541\Debug\IDAC_lab.a(LCD.o)
 .text.LCD_Enable
                0x00000000       0x14 .\CortexM0\ARM_GCC_541\Debug\IDAC_lab.a(LCD.o)
 .text.LCD_Start
                0x00000000       0x20 .\CortexM0\ARM_GCC_541\Debug\IDAC_lab.a(LCD.o)
 .text.LCD_Stop
                0x00000000       0x14 .\CortexM0\ARM_GCC_541\Debug\IDAC_lab.a(LCD.o)
 .text.LCD_PrintInt8
                0x00000000       0x20 .\CortexM0\ARM_GCC_541\Debug\IDAC_lab.a(LCD.o)
 .text.LCD_PrintInt16
                0x00000000       0x14 .\CortexM0\ARM_GCC_541\Debug\IDAC_lab.a(LCD.o)
 .text.LCD_PrintInt32
                0x00000000       0x1c .\CortexM0\ARM_GCC_541\Debug\IDAC_lab.a(LCD.o)
 .text.LCD_PrintU32Number
                0x00000000       0x4c .\CortexM0\ARM_GCC_541\Debug\IDAC_lab.a(LCD.o)
 .rodata        0x00000000       0x10 .\CortexM0\ARM_GCC_541\Debug\IDAC_lab.a(LCD.o)
 .text          0x00000000        0x0 .\CortexM0\ARM_GCC_541\Debug\IDAC_lab.a(isr_start.o)
 .data          0x00000000        0x0 .\CortexM0\ARM_GCC_541\Debug\IDAC_lab.a(isr_start.o)
 .bss           0x00000000        0x0 .\CortexM0\ARM_GCC_541\Debug\IDAC_lab.a(isr_start.o)
 .text.isr_start_Interrupt
                0x00000000        0x4 .\CortexM0\ARM_GCC_541\Debug\IDAC_lab.a(isr_start.o)
 .text.isr_start_GetVector
                0x00000000        0xc .\CortexM0\ARM_GCC_541\Debug\IDAC_lab.a(isr_start.o)
 .text.isr_start_GetPriority
                0x00000000       0x10 .\CortexM0\ARM_GCC_541\Debug\IDAC_lab.a(isr_start.o)
 .text.isr_start_GetState
                0x00000000       0x14 .\CortexM0\ARM_GCC_541\Debug\IDAC_lab.a(isr_start.o)
 .text.isr_start_Start
                0x00000000       0x1c .\CortexM0\ARM_GCC_541\Debug\IDAC_lab.a(isr_start.o)
 .text.isr_start_Stop
                0x00000000       0x14 .\CortexM0\ARM_GCC_541\Debug\IDAC_lab.a(isr_start.o)
 .text.isr_start_SetPending
                0x00000000        0xc .\CortexM0\ARM_GCC_541\Debug\IDAC_lab.a(isr_start.o)
 .text.isr_start_ClearPending
                0x00000000        0xc .\CortexM0\ARM_GCC_541\Debug\IDAC_lab.a(isr_start.o)
 .text          0x00000000        0x0 .\CortexM0\ARM_GCC_541\Debug\IDAC_lab.a(Timer_Stop.o)
 .data          0x00000000        0x0 .\CortexM0\ARM_GCC_541\Debug\IDAC_lab.a(Timer_Stop.o)
 .text.Timer_Stop_SoftwareCapture
                0x00000000        0xc .\CortexM0\ARM_GCC_541\Debug\IDAC_lab.a(Timer_Stop.o)
 .text.Timer_Stop_ReadControlRegister
                0x00000000        0xc .\CortexM0\ARM_GCC_541\Debug\IDAC_lab.a(Timer_Stop.o)
 .text.Timer_Stop_WriteControlRegister
                0x00000000        0xc .\CortexM0\ARM_GCC_541\Debug\IDAC_lab.a(Timer_Stop.o)
 .text.Timer_Stop_ReadPeriod
                0x00000000        0xc .\CortexM0\ARM_GCC_541\Debug\IDAC_lab.a(Timer_Stop.o)
 .text.Timer_Stop_ReadCounter
                0x00000000       0x14 .\CortexM0\ARM_GCC_541\Debug\IDAC_lab.a(Timer_Stop.o)
 .text          0x00000000        0x0 .\CortexM0\ARM_GCC_541\Debug\IDAC_lab.a(isr_stop.o)
 .data          0x00000000        0x0 .\CortexM0\ARM_GCC_541\Debug\IDAC_lab.a(isr_stop.o)
 .bss           0x00000000        0x0 .\CortexM0\ARM_GCC_541\Debug\IDAC_lab.a(isr_stop.o)
 .text.isr_stop_Interrupt
                0x00000000        0x4 .\CortexM0\ARM_GCC_541\Debug\IDAC_lab.a(isr_stop.o)
 .text.isr_stop_GetVector
                0x00000000        0xc .\CortexM0\ARM_GCC_541\Debug\IDAC_lab.a(isr_stop.o)
 .text.isr_stop_GetPriority
                0x00000000        0xc .\CortexM0\ARM_GCC_541\Debug\IDAC_lab.a(isr_stop.o)
 .text.isr_stop_GetState
                0x00000000       0x14 .\CortexM0\ARM_GCC_541\Debug\IDAC_lab.a(isr_stop.o)
 .text.isr_stop_Start
                0x00000000       0x1c .\CortexM0\ARM_GCC_541\Debug\IDAC_lab.a(isr_stop.o)
 .text.isr_stop_Stop
                0x00000000       0x14 .\CortexM0\ARM_GCC_541\Debug\IDAC_lab.a(isr_stop.o)
 .text.isr_stop_SetPending
                0x00000000        0xc .\CortexM0\ARM_GCC_541\Debug\IDAC_lab.a(isr_stop.o)
 .text.isr_stop_ClearPending
                0x00000000        0xc .\CortexM0\ARM_GCC_541\Debug\IDAC_lab.a(isr_stop.o)
 .text          0x00000000        0x0 .\CortexM0\ARM_GCC_541\Debug\IDAC_lab.a(Pin_Mode.o)
 .data          0x00000000        0x0 .\CortexM0\ARM_GCC_541\Debug\IDAC_lab.a(Pin_Mode.o)
 .bss           0x00000000        0x0 .\CortexM0\ARM_GCC_541\Debug\IDAC_lab.a(Pin_Mode.o)
 .text.Pin_Mode_SetDriveMode
                0x00000000       0x14 .\CortexM0\ARM_GCC_541\Debug\IDAC_lab.a(Pin_Mode.o)
 .text.Pin_Mode_Write
                0x00000000       0x18 .\CortexM0\ARM_GCC_541\Debug\IDAC_lab.a(Pin_Mode.o)
 .text.Pin_Mode_ReadDataReg
                0x00000000       0x10 .\CortexM0\ARM_GCC_541\Debug\IDAC_lab.a(Pin_Mode.o)
 .text.Pin_Mode_SetInterruptMode
                0x00000000       0x14 .\CortexM0\ARM_GCC_541\Debug\IDAC_lab.a(Pin_Mode.o)
 .text.Pin_Mode_ClearInterrupt
                0x00000000       0x14 .\CortexM0\ARM_GCC_541\Debug\IDAC_lab.a(Pin_Mode.o)
 .data          0x00000000        0x0 .\CortexM0\ARM_GCC_541\Debug\IDAC_lab.a(CyBootAsmGnu.o)
 .bss           0x00000000        0x0 .\CortexM0\ARM_GCC_541\Debug\IDAC_lab.a(CyBootAsmGnu.o)
 .text          0x00000000      0x114 c:/program files/cypress/psoc creator/4.2/psoc creator/import/gnu/arm/5.4.1/bin/../lib/gcc/arm-none-eabi/5.4.1/armv6-m\libgcc.a(_udivsi3.o)
 .data          0x00000000        0x0 c:/program files/cypress/psoc creator/4.2/psoc creator/import/gnu/arm/5.4.1/bin/../lib/gcc/arm-none-eabi/5.4.1/armv6-m\libgcc.a(_udivsi3.o)
 .bss           0x00000000        0x0 c:/program files/cypress/psoc creator/4.2/psoc creator/import/gnu/arm/5.4.1/bin/../lib/gcc/arm-none-eabi/5.4.1/armv6-m\libgcc.a(_udivsi3.o)
 .text          0x00000000        0x4 c:/program files/cypress/psoc creator/4.2/psoc creator/import/gnu/arm/5.4.1/bin/../lib/gcc/arm-none-eabi/5.4.1/armv6-m\libgcc.a(_dvmd_tls.o)
 .data          0x00000000        0x0 c:/program files/cypress/psoc creator/4.2/psoc creator/import/gnu/arm/5.4.1/bin/../lib/gcc/arm-none-eabi/5.4.1/armv6-m\libgcc.a(_dvmd_tls.o)
 .bss           0x00000000        0x0 c:/program files/cypress/psoc creator/4.2/psoc creator/import/gnu/arm/5.4.1/bin/../lib/gcc/arm-none-eabi/5.4.1/armv6-m\libgcc.a(_dvmd_tls.o)
 .data          0x00000000        0x0 c:/program files/cypress/psoc creator/4.2/psoc creator/import/gnu/arm/5.4.1/bin/../lib/gcc/arm-none-eabi/5.4.1/armv6-m\libgcc.a(_fixunssfsi.o)
 .bss           0x00000000        0x0 c:/program files/cypress/psoc creator/4.2/psoc creator/import/gnu/arm/5.4.1/bin/../lib/gcc/arm-none-eabi/5.4.1/armv6-m\libgcc.a(_fixunssfsi.o)
 .data          0x00000000        0x0 c:/program files/cypress/psoc creator/4.2/psoc creator/import/gnu/arm/5.4.1/bin/../lib/gcc/arm-none-eabi/5.4.1/armv6-m\libgcc.a(addsf3.o)
 .bss           0x00000000        0x0 c:/program files/cypress/psoc creator/4.2/psoc creator/import/gnu/arm/5.4.1/bin/../lib/gcc/arm-none-eabi/5.4.1/armv6-m\libgcc.a(addsf3.o)
 .data          0x00000000        0x0 c:/program files/cypress/psoc creator/4.2/psoc creator/import/gnu/arm/5.4.1/bin/../lib/gcc/arm-none-eabi/5.4.1/armv6-m\libgcc.a(mulsf3.o)
 .bss           0x00000000        0x0 c:/program files/cypress/psoc creator/4.2/psoc creator/import/gnu/arm/5.4.1/bin/../lib/gcc/arm-none-eabi/5.4.1/armv6-m\libgcc.a(mulsf3.o)
 .data          0x00000000        0x0 c:/program files/cypress/psoc creator/4.2/psoc creator/import/gnu/arm/5.4.1/bin/../lib/gcc/arm-none-eabi/5.4.1/armv6-m\libgcc.a(subsf3.o)
 .bss           0x00000000        0x0 c:/program files/cypress/psoc creator/4.2/psoc creator/import/gnu/arm/5.4.1/bin/../lib/gcc/arm-none-eabi/5.4.1/armv6-m\libgcc.a(subsf3.o)
 .data          0x00000000        0x0 c:/program files/cypress/psoc creator/4.2/psoc creator/import/gnu/arm/5.4.1/bin/../lib/gcc/arm-none-eabi/5.4.1/armv6-m\libgcc.a(fixsfsi.o)
 .bss           0x00000000        0x0 c:/program files/cypress/psoc creator/4.2/psoc creator/import/gnu/arm/5.4.1/bin/../lib/gcc/arm-none-eabi/5.4.1/armv6-m\libgcc.a(fixsfsi.o)
 .data          0x00000000        0x0 c:/program files/cypress/psoc creator/4.2/psoc creator/import/gnu/arm/5.4.1/bin/../lib/gcc/arm-none-eabi/5.4.1/armv6-m\libgcc.a(floatsisf.o)
 .bss           0x00000000        0x0 c:/program files/cypress/psoc creator/4.2/psoc creator/import/gnu/arm/5.4.1/bin/../lib/gcc/arm-none-eabi/5.4.1/armv6-m\libgcc.a(floatsisf.o)
 .data          0x00000000        0x0 c:/program files/cypress/psoc creator/4.2/psoc creator/import/gnu/arm/5.4.1/bin/../lib/gcc/arm-none-eabi/5.4.1/armv6-m\libgcc.a(_arm_cmpsf2.o)
 .bss           0x00000000        0x0 c:/program files/cypress/psoc creator/4.2/psoc creator/import/gnu/arm/5.4.1/bin/../lib/gcc/arm-none-eabi/5.4.1/armv6-m\libgcc.a(_arm_cmpsf2.o)
 .data          0x00000000        0x0 c:/program files/cypress/psoc creator/4.2/psoc creator/import/gnu/arm/5.4.1/bin/../lib/gcc/arm-none-eabi/5.4.1/armv6-m\libgcc.a(_clzsi2.o)
 .bss           0x00000000        0x0 c:/program files/cypress/psoc creator/4.2/psoc creator/import/gnu/arm/5.4.1/bin/../lib/gcc/arm-none-eabi/5.4.1/armv6-m\libgcc.a(_clzsi2.o)
 .data          0x00000000        0x0 c:/program files/cypress/psoc creator/4.2/psoc creator/import/gnu/arm/5.4.1/bin/../lib/gcc/arm-none-eabi/5.4.1/armv6-m\libgcc.a(eqsf2.o)
 .bss           0x00000000        0x0 c:/program files/cypress/psoc creator/4.2/psoc creator/import/gnu/arm/5.4.1/bin/../lib/gcc/arm-none-eabi/5.4.1/armv6-m\libgcc.a(eqsf2.o)
 .data          0x00000000        0x0 c:/program files/cypress/psoc creator/4.2/psoc creator/import/gnu/arm/5.4.1/bin/../lib/gcc/arm-none-eabi/5.4.1/armv6-m\libgcc.a(gesf2.o)
 .bss           0x00000000        0x0 c:/program files/cypress/psoc creator/4.2/psoc creator/import/gnu/arm/5.4.1/bin/../lib/gcc/arm-none-eabi/5.4.1/armv6-m\libgcc.a(gesf2.o)
 .data          0x00000000        0x0 c:/program files/cypress/psoc creator/4.2/psoc creator/import/gnu/arm/5.4.1/bin/../lib/gcc/arm-none-eabi/5.4.1/armv6-m\libgcc.a(lesf2.o)
 .bss           0x00000000        0x0 c:/program files/cypress/psoc creator/4.2/psoc creator/import/gnu/arm/5.4.1/bin/../lib/gcc/arm-none-eabi/5.4.1/armv6-m\libgcc.a(lesf2.o)
 .text          0x00000000        0x0 c:/program files/cypress/psoc creator/4.2/psoc creator/import/gnu/arm/5.4.1/bin/../lib/gcc/arm-none-eabi/5.4.1/../../../../arm-none-eabi/lib/armv6-m\libg_nano.a(lib_a-errno.o)
 .data          0x00000000        0x0 c:/program files/cypress/psoc creator/4.2/psoc creator/import/gnu/arm/5.4.1/bin/../lib/gcc/arm-none-eabi/5.4.1/../../../../arm-none-eabi/lib/armv6-m\libg_nano.a(lib_a-errno.o)
 .bss           0x00000000        0x0 c:/program files/cypress/psoc creator/4.2/psoc creator/import/gnu/arm/5.4.1/bin/../lib/gcc/arm-none-eabi/5.4.1/../../../../arm-none-eabi/lib/armv6-m\libg_nano.a(lib_a-errno.o)
 .text          0x00000000        0x0 c:/program files/cypress/psoc creator/4.2/psoc creator/import/gnu/arm/5.4.1/bin/../lib/gcc/arm-none-eabi/5.4.1/../../../../arm-none-eabi/lib/armv6-m\libg_nano.a(lib_a-exit.o)
 .data          0x00000000        0x0 c:/program files/cypress/psoc creator/4.2/psoc creator/import/gnu/arm/5.4.1/bin/../lib/gcc/arm-none-eabi/5.4.1/../../../../arm-none-eabi/lib/armv6-m\libg_nano.a(lib_a-exit.o)
 .bss           0x00000000        0x0 c:/program files/cypress/psoc creator/4.2/psoc creator/import/gnu/arm/5.4.1/bin/../lib/gcc/arm-none-eabi/5.4.1/../../../../arm-none-eabi/lib/armv6-m\libg_nano.a(lib_a-exit.o)
 .text.exit     0x00000000       0x2c c:/program files/cypress/psoc creator/4.2/psoc creator/import/gnu/arm/5.4.1/bin/../lib/gcc/arm-none-eabi/5.4.1/../../../../arm-none-eabi/lib/armv6-m\libg_nano.a(lib_a-exit.o)
 .text          0x00000000        0x0 c:/program files/cypress/psoc creator/4.2/psoc creator/import/gnu/arm/5.4.1/bin/../lib/gcc/arm-none-eabi/5.4.1/../../../../arm-none-eabi/lib/armv6-m\libg_nano.a(lib_a-impure.o)
 .data          0x00000000        0x0 c:/program files/cypress/psoc creator/4.2/psoc creator/import/gnu/arm/5.4.1/bin/../lib/gcc/arm-none-eabi/5.4.1/../../../../arm-none-eabi/lib/armv6-m\libg_nano.a(lib_a-impure.o)
 .bss           0x00000000        0x0 c:/program files/cypress/psoc creator/4.2/psoc creator/import/gnu/arm/5.4.1/bin/../lib/gcc/arm-none-eabi/5.4.1/../../../../arm-none-eabi/lib/armv6-m\libg_nano.a(lib_a-impure.o)
 .rodata._global_impure_ptr
                0x00000000        0x4 c:/program files/cypress/psoc creator/4.2/psoc creator/import/gnu/arm/5.4.1/bin/../lib/gcc/arm-none-eabi/5.4.1/../../../../arm-none-eabi/lib/armv6-m\libg_nano.a(lib_a-impure.o)
 .text          0x00000000        0x0 c:/program files/cypress/psoc creator/4.2/psoc creator/import/gnu/arm/5.4.1/bin/../lib/gcc/arm-none-eabi/5.4.1/../../../../arm-none-eabi/lib/armv6-m\libg_nano.a(lib_a-init.o)
 .data          0x00000000        0x0 c:/program files/cypress/psoc creator/4.2/psoc creator/import/gnu/arm/5.4.1/bin/../lib/gcc/arm-none-eabi/5.4.1/../../../../arm-none-eabi/lib/armv6-m\libg_nano.a(lib_a-init.o)
 .bss           0x00000000        0x0 c:/program files/cypress/psoc creator/4.2/psoc creator/import/gnu/arm/5.4.1/bin/../lib/gcc/arm-none-eabi/5.4.1/../../../../arm-none-eabi/lib/armv6-m\libg_nano.a(lib_a-init.o)
 .text          0x00000000        0x0 c:/program files/cypress/psoc creator/4.2/psoc creator/import/gnu/arm/5.4.1/bin/../lib/gcc/arm-none-eabi/5.4.1/../../../../arm-none-eabi/lib/armv6-m\libg_nano.a(lib_a-memset.o)
 .data          0x00000000        0x0 c:/program files/cypress/psoc creator/4.2/psoc creator/import/gnu/arm/5.4.1/bin/../lib/gcc/arm-none-eabi/5.4.1/../../../../arm-none-eabi/lib/armv6-m\libg_nano.a(lib_a-memset.o)
 .bss           0x00000000        0x0 c:/program files/cypress/psoc creator/4.2/psoc creator/import/gnu/arm/5.4.1/bin/../lib/gcc/arm-none-eabi/5.4.1/../../../../arm-none-eabi/lib/armv6-m\libg_nano.a(lib_a-memset.o)
 .text          0x00000000        0x0 c:/program files/cypress/psoc creator/4.2/psoc creator/import/gnu/arm/5.4.1/bin/../lib/gcc/arm-none-eabi/5.4.1/armv6-m/crtend.o
 .data          0x00000000        0x0 c:/program files/cypress/psoc creator/4.2/psoc creator/import/gnu/arm/5.4.1/bin/../lib/gcc/arm-none-eabi/5.4.1/armv6-m/crtend.o
 .bss           0x00000000        0x0 c:/program files/cypress/psoc creator/4.2/psoc creator/import/gnu/arm/5.4.1/bin/../lib/gcc/arm-none-eabi/5.4.1/armv6-m/crtend.o
 .text          0x00000000        0x0 c:/program files/cypress/psoc creator/4.2/psoc creator/import/gnu/arm/5.4.1/bin/../lib/gcc/arm-none-eabi/5.4.1/armv6-m/crtn.o
 .data          0x00000000        0x0 c:/program files/cypress/psoc creator/4.2/psoc creator/import/gnu/arm/5.4.1/bin/../lib/gcc/arm-none-eabi/5.4.1/armv6-m/crtn.o
 .bss           0x00000000        0x0 c:/program files/cypress/psoc creator/4.2/psoc creator/import/gnu/arm/5.4.1/bin/../lib/gcc/arm-none-eabi/5.4.1/armv6-m/crtn.o

Memory Configuration

Name             Origin             Length             Attributes
rom              0x00000000         0x00008000         xr
ram              0x20000000         0x00001000         xrw
*default*        0x00000000         0xffffffff

Linker script and memory map

LOAD c:/program files/cypress/psoc creator/4.2/psoc creator/import/gnu/arm/5.4.1/bin/../lib/gcc/arm-none-eabi/5.4.1/armv6-m/crti.o
LOAD c:/program files/cypress/psoc creator/4.2/psoc creator/import/gnu/arm/5.4.1/bin/../lib/gcc/arm-none-eabi/5.4.1/armv6-m/crtbegin.o
LOAD c:/program files/cypress/psoc creator/4.2/psoc creator/import/gnu/arm/5.4.1/bin/../lib/gcc/arm-none-eabi/5.4.1/../../../../arm-none-eabi/lib/armv6-m/crt0.o
START GROUP
LOAD .\CortexM0\ARM_GCC_541\Debug\main.o
LOAD .\CortexM0\ARM_GCC_541\Debug\cyfitter_cfg.o
LOAD .\CortexM0\ARM_GCC_541\Debug\cymetadata.o
LOAD .\CortexM0\ARM_GCC_541\Debug\Cm0Start.o
LOAD .\CortexM0\ARM_GCC_541\Debug\IDAC_lab.a
END GROUP
START GROUP
LOAD c:/program files/cypress/psoc creator/4.2/psoc creator/import/gnu/arm/5.4.1/bin/../lib/gcc/arm-none-eabi/5.4.1/armv6-m\libgcc.a
LOAD c:/program files/cypress/psoc creator/4.2/psoc creator/import/gnu/arm/5.4.1/bin/../lib/gcc/arm-none-eabi/5.4.1/../../../../arm-none-eabi/lib/armv6-m\libg_nano.a
LOAD c:/program files/cypress/psoc creator/4.2/psoc creator/import/gnu/arm/5.4.1/bin/../lib/gcc/arm-none-eabi/5.4.1/../../../../arm-none-eabi/lib/armv6-m\libc_nano.a
END GROUP
START GROUP
LOAD c:/program files/cypress/psoc creator/4.2/psoc creator/import/gnu/arm/5.4.1/bin/../lib/gcc/arm-none-eabi/5.4.1/armv6-m\libgcc.a
LOAD c:/program files/cypress/psoc creator/4.2/psoc creator/import/gnu/arm/5.4.1/bin/../lib/gcc/arm-none-eabi/5.4.1/../../../../arm-none-eabi/lib/armv6-m\libc_nano.a
END GROUP
LOAD c:/program files/cypress/psoc creator/4.2/psoc creator/import/gnu/arm/5.4.1/bin/../lib/gcc/arm-none-eabi/5.4.1/armv6-m/crtend.o
LOAD c:/program files/cypress/psoc creator/4.2/psoc creator/import/gnu/arm/5.4.1/bin/../lib/gcc/arm-none-eabi/5.4.1/armv6-m/crtn.o
START GROUP
LOAD c:/program files/cypress/psoc creator/4.2/psoc creator/import/gnu/arm/5.4.1/bin/../lib/gcc/arm-none-eabi/5.4.1/armv6-m\libgcc.a
LOAD c:/program files/cypress/psoc creator/4.2/psoc creator/import/gnu/arm/5.4.1/bin/../lib/gcc/arm-none-eabi/5.4.1/../../../../arm-none-eabi/lib/armv6-m\libc.a
LOAD c:/program files/cypress/psoc creator/4.2/psoc creator/import/gnu/arm/5.4.1/bin/../lib/gcc/arm-none-eabi/5.4.1/../../../../arm-none-eabi/lib/armv6-m\libnosys.a
END GROUP
                0x00000000                CY_APPL_ORIGIN = 0x0
                0x00000080                CY_FLASH_ROW_SIZE = 0x80
                0x00000001                CY_APPL_NUM = 0x1
                0x00000001                CY_APPL_MAX = 0x1
                0x00000040                CY_METADATA_SIZE = 0x40
                0x00000000                CY_APPL_LOADABLE = 0x0
                0x00000000                CY_CHECKSUM_EXCLUDE_SIZE = ALIGN (0x0, CY_FLASH_ROW_SIZE)
                0x00000000                CY_APP_FOR_STACK_AND_COPIER = 0x0
                [!provide]                PROVIDE (__cy_heap_start, _end)
                0x00000001                PROVIDE (__cy_region_num, ((__cy_regions_end - __cy_regions) / 0x10))
                0x20001000                PROVIDE (__cy_stack, (ORIGIN (ram) + LENGTH (ram)))
                [!provide]                PROVIDE (__cy_heap_end, (__cy_stack - 0x400))

.cybootloader   0x00000000        0x0
 *(.cybootloader)
                0x00000000                appl1_start = CY_APPL_ORIGIN?CY_APPL_ORIGIN:ALIGN (CY_FLASH_ROW_SIZE)
                0x00003f80                appl2_start = (appl1_start + ALIGN ((((LENGTH (rom) - appl1_start) - (0x2 * CY_FLASH_ROW_SIZE)) / 0x2), CY_FLASH_ROW_SIZE))
                0x00000000                appl_start = (CY_APPL_NUM == 0x1)?appl1_start:appl2_start
                0x00000001                cy_project_type_bootloader = (appl_start == 0x0)?0x1:0x0
                0x00000000                cy_project_type_app_for_stack_and_copier = (CY_APP_FOR_STACK_AND_COPIER == 0x1)?0x1:0x0

.text           0x00000000     0x18d8
 CREATE_OBJECT_SYMBOLS
                0x00000000                PROVIDE (__cy_interrupt_vector, RomVectors)
 *(.romvectors)
 .romvectors    0x00000000       0x10 .\CortexM0\ARM_GCC_541\Debug\Cm0Start.o
                0x00000000                RomVectors
                0x00000001                ASSERT ((. != __cy_interrupt_vector), No interrupt vector)
                0x00000001                ASSERT (CY_APPL_ORIGIN?(SIZEOF (.cybootloader) <= CY_APPL_ORIGIN):0x1, Wrong image location)
                0x00000010                PROVIDE (__cy_reset, Reset)
 *(.text.Reset)
 .text.Reset    0x00000010        0x8 .\CortexM0\ARM_GCC_541\Debug\Cm0Start.o
                0x00000010                Reset
                0x00000001                ASSERT ((. != __cy_reset), No reset code)
 *(.psocinit)
 .psocinit      0x00000018      0x154 .\CortexM0\ARM_GCC_541\Debug\cyfitter_cfg.o
                0x00000074                cyfitter_cfg
                0x0000016c                . = MAX (., 0x100)
 *(.text .text.* .gnu.linkonce.t.*)
 .text          0x0000016c       0x60 c:/program files/cypress/psoc creator/4.2/psoc creator/import/gnu/arm/5.4.1/bin/../lib/gcc/arm-none-eabi/5.4.1/armv6-m/crtbegin.o
 .text.MySinusDac
                0x000001cc       0x4c .\CortexM0\ARM_GCC_541\Debug\main.o
                0x000001cc                MySinusDac
 .text.BtnStart
                0x00000218       0x28 .\CortexM0\ARM_GCC_541\Debug\main.o
                0x00000218                BtnStart
 .text.TimerStop
                0x00000240       0x24 .\CortexM0\ARM_GCC_541\Debug\main.o
                0x00000240                TimerStop
 .text.main     0x00000264       0xbc .\CortexM0\ARM_GCC_541\Debug\main.o
                0x00000264                main
 .text.cfg_write_bytes32
                0x00000320       0x34 .\CortexM0\ARM_GCC_541\Debug\cyfitter_cfg.o
 .text.CYMEMZERO
                0x00000354        0xc .\CortexM0\ARM_GCC_541\Debug\cyfitter_cfg.o
 .text.SetAnalogRoutingPumps
                0x00000360       0x40 .\CortexM0\ARM_GCC_541\Debug\cyfitter_cfg.o
                0x00000360                SetAnalogRoutingPumps
 .text.AnalogSetDefault
                0x000003a0        0xc .\CortexM0\ARM_GCC_541\Debug\cyfitter_cfg.o
 .text.IntDefaultHandler
                0x000003ac       0x10 .\CortexM0\ARM_GCC_541\Debug\Cm0Start.o
                0x000003ac                IntDefaultHandler
 .text.Start_c  0x000003bc       0x48 .\CortexM0\ARM_GCC_541\Debug\Cm0Start.o
                0x000003bc                Start_c
 .text.initialize_psoc
                0x00000404       0x40 .\CortexM0\ARM_GCC_541\Debug\Cm0Start.o
                0x00000404                initialize_psoc
 .text.IDAC_Init
                0x00000444       0x58 .\CortexM0\ARM_GCC_541\Debug\IDAC_lab.a(IDAC.o)
                0x00000444                IDAC_Init
 .text.IDAC_Enable
                0x0000049c       0x2c .\CortexM0\ARM_GCC_541\Debug\IDAC_lab.a(IDAC.o)
                0x0000049c                IDAC_Enable
 .text.IDAC_Start
                0x000004c8       0x20 .\CortexM0\ARM_GCC_541\Debug\IDAC_lab.a(IDAC.o)
                0x000004c8                IDAC_Start
 .text.IDAC_SetValue
                0x000004e8       0x20 .\CortexM0\ARM_GCC_541\Debug\IDAC_lab.a(IDAC.o)
                0x000004e8                IDAC_SetValue
 .text.Timer_Enable
                0x00000508       0x14 .\CortexM0\ARM_GCC_541\Debug\IDAC_lab.a(Timer.o)
                0x00000508                Timer_Enable
 .text.Timer_SetInterruptMode
                0x0000051c        0xc .\CortexM0\ARM_GCC_541\Debug\IDAC_lab.a(Timer.o)
                0x0000051c                Timer_SetInterruptMode
 .text.Timer_ReadStatusRegister
                0x00000528        0xc .\CortexM0\ARM_GCC_541\Debug\IDAC_lab.a(Timer.o)
                0x00000528                Timer_ReadStatusRegister
 .text.Timer_WritePeriod
                0x00000534        0xc .\CortexM0\ARM_GCC_541\Debug\IDAC_lab.a(Timer.o)
                0x00000534                Timer_WritePeriod
 .text.Timer_ReadCapture
                0x00000540        0xc .\CortexM0\ARM_GCC_541\Debug\IDAC_lab.a(Timer.o)
                0x00000540                Timer_ReadCapture
 .text.Timer_WriteCounter
                0x0000054c        0xc .\CortexM0\ARM_GCC_541\Debug\IDAC_lab.a(Timer.o)
                0x0000054c                Timer_WriteCounter
 .text.Timer_ClearFIFO
                0x00000558       0x14 .\CortexM0\ARM_GCC_541\Debug\IDAC_lab.a(Timer.o)
                0x00000558                Timer_ClearFIFO
 .text.Timer_Init
                0x0000056c       0x38 .\CortexM0\ARM_GCC_541\Debug\IDAC_lab.a(Timer.o)
                0x0000056c                Timer_Init
 .text.Timer_Start
                0x000005a4       0x20 .\CortexM0\ARM_GCC_541\Debug\IDAC_lab.a(Timer.o)
                0x000005a4                Timer_Start
 .text.isr_SetVector
                0x000005c4        0xc .\CortexM0\ARM_GCC_541\Debug\IDAC_lab.a(isr.o)
                0x000005c4                isr_SetVector
 .text.isr_SetPriority
                0x000005d0       0x20 .\CortexM0\ARM_GCC_541\Debug\IDAC_lab.a(isr.o)
                0x000005d0                isr_SetPriority
 .text.isr_Enable
                0x000005f0        0xc .\CortexM0\ARM_GCC_541\Debug\IDAC_lab.a(isr.o)
                0x000005f0                isr_Enable
 .text.isr_Disable
                0x000005fc        0xc .\CortexM0\ARM_GCC_541\Debug\IDAC_lab.a(isr.o)
                0x000005fc                isr_Disable
 .text.isr_StartEx
                0x00000608       0x1c .\CortexM0\ARM_GCC_541\Debug\IDAC_lab.a(isr.o)
                0x00000608                isr_StartEx
 .text.CyIntEnable
                0x00000624       0x14 .\CortexM0\ARM_GCC_541\Debug\IDAC_lab.a(CyLib.o)
                0x00000624                CyIntEnable
 .text.CyHalt   0x00000638        0x4 .\CortexM0\ARM_GCC_541\Debug\IDAC_lab.a(CyLib.o)
                0x00000638                CyHalt
 .text.CyIntSetVector
                0x0000063c       0x24 .\CortexM0\ARM_GCC_541\Debug\IDAC_lab.a(CyLib.o)
                0x0000063c                CyIntSetVector
 .text.CyDelay  0x00000660       0x30 .\CortexM0\ARM_GCC_541\Debug\IDAC_lab.a(CyLib.o)
                0x00000660                CyDelay
 .text.CyDelayUs
                0x00000690       0x14 .\CortexM0\ARM_GCC_541\Debug\IDAC_lab.a(CyLib.o)
                0x00000690                CyDelayUs
 .text.CySysClkWriteImoFreq
                0x000006a4      0x164 .\CortexM0\ARM_GCC_541\Debug\IDAC_lab.a(CyLib.o)
                0x000006a4                CySysClkWriteImoFreq
 .text.CySysWdtLocked
                0x00000808       0x14 .\CortexM0\ARM_GCC_541\Debug\IDAC_lab.a(CyLFClk.o)
 .text.CySysWdtLock
                0x0000081c       0x1c .\CortexM0\ARM_GCC_541\Debug\IDAC_lab.a(CyLFClk.o)
                0x0000081c                CySysWdtLock
 .text.CySysWdtUnlock
                0x00000838       0x30 .\CortexM0\ARM_GCC_541\Debug\IDAC_lab.a(CyLFClk.o)
                0x00000838                CySysWdtUnlock
 .text.CySysWdtClearInterrupt
                0x00000868       0x4c .\CortexM0\ARM_GCC_541\Debug\IDAC_lab.a(CyLFClk.o)
                0x00000868                CySysWdtClearInterrupt
 .text.CySysWdtIsr
                0x000008b4       0xa4 .\CortexM0\ARM_GCC_541\Debug\IDAC_lab.a(CyLFClk.o)
                0x000008b4                CySysWdtIsr
 .text.LCD_WrCntrlNib
                0x00000958       0x34 .\CortexM0\ARM_GCC_541\Debug\IDAC_lab.a(LCD.o)
 .text.LCD_WrDatNib
                0x0000098c       0x44 .\CortexM0\ARM_GCC_541\Debug\IDAC_lab.a(LCD.o)
 .text.LCD_IsReady
                0x000009d0       0xb4 .\CortexM0\ARM_GCC_541\Debug\IDAC_lab.a(LCD.o)
                0x000009d0                LCD_IsReady
 .text.LCD_WriteData
                0x00000a84       0x18 .\CortexM0\ARM_GCC_541\Debug\IDAC_lab.a(LCD.o)
                0x00000a84                LCD_WriteData
 .text.LCD_PrintString
                0x00000a9c       0x1c .\CortexM0\ARM_GCC_541\Debug\IDAC_lab.a(LCD.o)
                0x00000a9c                LCD_PrintString
 .text.LCD_WriteControl
                0x00000ab8       0x18 .\CortexM0\ARM_GCC_541\Debug\IDAC_lab.a(LCD.o)
                0x00000ab8                LCD_WriteControl
 .text.LCD_Init
                0x00000ad0       0x6c .\CortexM0\ARM_GCC_541\Debug\IDAC_lab.a(LCD.o)
                0x00000ad0                LCD_Init
 .text.LCD_Position
                0x00000b3c       0x3c .\CortexM0\ARM_GCC_541\Debug\IDAC_lab.a(LCD.o)
                0x00000b3c                LCD_Position
 .text.isr_start_SetVector
                0x00000b78        0xc .\CortexM0\ARM_GCC_541\Debug\IDAC_lab.a(isr_start.o)
                0x00000b78                isr_start_SetVector
 .text.isr_start_SetPriority
                0x00000b84       0x24 .\CortexM0\ARM_GCC_541\Debug\IDAC_lab.a(isr_start.o)
                0x00000b84                isr_start_SetPriority
 .text.isr_start_Enable
                0x00000ba8        0xc .\CortexM0\ARM_GCC_541\Debug\IDAC_lab.a(isr_start.o)
                0x00000ba8                isr_start_Enable
 .text.isr_start_Disable
                0x00000bb4        0xc .\CortexM0\ARM_GCC_541\Debug\IDAC_lab.a(isr_start.o)
                0x00000bb4                isr_start_Disable
 .text.isr_start_StartEx
                0x00000bc0       0x1c .\CortexM0\ARM_GCC_541\Debug\IDAC_lab.a(isr_start.o)
                0x00000bc0                isr_start_StartEx
 .text.Timer_Stop_Enable
                0x00000bdc       0x14 .\CortexM0\ARM_GCC_541\Debug\IDAC_lab.a(Timer_Stop.o)
                0x00000bdc                Timer_Stop_Enable
 .text.Timer_Stop_Stop
                0x00000bf0       0x10 .\CortexM0\ARM_GCC_541\Debug\IDAC_lab.a(Timer_Stop.o)
                0x00000bf0                Timer_Stop_Stop
 .text.Timer_Stop_SetInterruptMode
                0x00000c00        0xc .\CortexM0\ARM_GCC_541\Debug\IDAC_lab.a(Timer_Stop.o)
                0x00000c00                Timer_Stop_SetInterruptMode
 .text.Timer_Stop_ReadStatusRegister
                0x00000c0c        0xc .\CortexM0\ARM_GCC_541\Debug\IDAC_lab.a(Timer_Stop.o)
                0x00000c0c                Timer_Stop_ReadStatusRegister
 .text.Timer_Stop_WritePeriod
                0x00000c18        0xc .\CortexM0\ARM_GCC_541\Debug\IDAC_lab.a(Timer_Stop.o)
                0x00000c18                Timer_Stop_WritePeriod
 .text.Timer_Stop_ReadCapture
                0x00000c24        0xc .\CortexM0\ARM_GCC_541\Debug\IDAC_lab.a(Timer_Stop.o)
                0x00000c24                Timer_Stop_ReadCapture
 .text.Timer_Stop_WriteCounter
                0x00000c30        0xc .\CortexM0\ARM_GCC_541\Debug\IDAC_lab.a(Timer_Stop.o)
                0x00000c30                Timer_Stop_WriteCounter
 .text.Timer_Stop_ClearFIFO
                0x00000c3c       0x14 .\CortexM0\ARM_GCC_541\Debug\IDAC_lab.a(Timer_Stop.o)
                0x00000c3c                Timer_Stop_ClearFIFO
 .text.Timer_Stop_Init
                0x00000c50       0x38 .\CortexM0\ARM_GCC_541\Debug\IDAC_lab.a(Timer_Stop.o)
                0x00000c50                Timer_Stop_Init
 .text.Timer_Stop_Start
                0x00000c88       0x20 .\CortexM0\ARM_GCC_541\Debug\IDAC_lab.a(Timer_Stop.o)
                0x00000c88                Timer_Stop_Start
 .text.isr_stop_SetVector
                0x00000ca8        0xc .\CortexM0\ARM_GCC_541\Debug\IDAC_lab.a(isr_stop.o)
                0x00000ca8                isr_stop_SetVector
 .text.isr_stop_SetPriority
                0x00000cb4       0x20 .\CortexM0\ARM_GCC_541\Debug\IDAC_lab.a(isr_stop.o)
                0x00000cb4                isr_stop_SetPriority
 .text.isr_stop_Enable
                0x00000cd4        0xc .\CortexM0\ARM_GCC_541\Debug\IDAC_lab.a(isr_stop.o)
                0x00000cd4                isr_stop_Enable
 .text.isr_stop_Disable
                0x00000ce0        0xc .\CortexM0\ARM_GCC_541\Debug\IDAC_lab.a(isr_stop.o)
                0x00000ce0                isr_stop_Disable
 .text.isr_stop_StartEx
                0x00000cec       0x1c .\CortexM0\ARM_GCC_541\Debug\IDAC_lab.a(isr_stop.o)
                0x00000cec                isr_stop_StartEx
 .text.Pin_Mode_Read
                0x00000d08       0x10 .\CortexM0\ARM_GCC_541\Debug\IDAC_lab.a(Pin_Mode.o)
                0x00000d08                Pin_Mode_Read
 .text          0x00000d18       0x24 .\CortexM0\ARM_GCC_541\Debug\IDAC_lab.a(CyBootAsmGnu.o)
                0x00000d18                CyDelayCycles
                0x00000d2c                CyEnterCriticalSection
                0x00000d34                CyExitCriticalSection
 .text          0x00000d3c       0x30 c:/program files/cypress/psoc creator/4.2/psoc creator/import/gnu/arm/5.4.1/bin/../lib/gcc/arm-none-eabi/5.4.1/armv6-m\libgcc.a(_fixunssfsi.o)
                0x00000d3c                __fixunssfsi
                0x00000d3c                __aeabi_f2uiz
 .text          0x00000d6c      0x2ec c:/program files/cypress/psoc creator/4.2/psoc creator/import/gnu/arm/5.4.1/bin/../lib/gcc/arm-none-eabi/5.4.1/armv6-m\libgcc.a(addsf3.o)
                0x00000d6c                __aeabi_fadd
 .text          0x00001058      0x228 c:/program files/cypress/psoc creator/4.2/psoc creator/import/gnu/arm/5.4.1/bin/../lib/gcc/arm-none-eabi/5.4.1/armv6-m\libgcc.a(mulsf3.o)
                0x00001058                __aeabi_fmul
 .text          0x00001280      0x30c c:/program files/cypress/psoc creator/4.2/psoc creator/import/gnu/arm/5.4.1/bin/../lib/gcc/arm-none-eabi/5.4.1/armv6-m\libgcc.a(subsf3.o)
                0x00001280                __aeabi_fsub
 .text          0x0000158c       0x44 c:/program files/cypress/psoc creator/4.2/psoc creator/import/gnu/arm/5.4.1/bin/../lib/gcc/arm-none-eabi/5.4.1/armv6-m\libgcc.a(fixsfsi.o)
                0x0000158c                __aeabi_f2iz
 .text          0x000015d0       0x90 c:/program files/cypress/psoc creator/4.2/psoc creator/import/gnu/arm/5.4.1/bin/../lib/gcc/arm-none-eabi/5.4.1/armv6-m\libgcc.a(floatsisf.o)
                0x000015d0                __aeabi_i2f
 .text          0x00001660       0x74 c:/program files/cypress/psoc creator/4.2/psoc creator/import/gnu/arm/5.4.1/bin/../lib/gcc/arm-none-eabi/5.4.1/armv6-m\libgcc.a(_arm_cmpsf2.o)
                0x00001660                __aeabi_cfrcmple
                0x00001668                __aeabi_cfcmpeq
                0x00001668                __aeabi_cfcmple
                0x00001678                __aeabi_fcmpeq
                0x00001684                __aeabi_fcmplt
                0x00001698                __aeabi_fcmple
                0x000016ac                __aeabi_fcmpgt
                0x000016c0                __aeabi_fcmpge
 .text          0x000016d4       0x3c c:/program files/cypress/psoc creator/4.2/psoc creator/import/gnu/arm/5.4.1/bin/../lib/gcc/arm-none-eabi/5.4.1/armv6-m\libgcc.a(_clzsi2.o)
                0x000016d4                __clzsi2
 .text          0x00001710       0x50 c:/program files/cypress/psoc creator/4.2/psoc creator/import/gnu/arm/5.4.1/bin/../lib/gcc/arm-none-eabi/5.4.1/armv6-m\libgcc.a(eqsf2.o)
                0x00001710                __eqsf2
                0x00001710                __nesf2
 .text          0x00001760       0x88 c:/program files/cypress/psoc creator/4.2/psoc creator/import/gnu/arm/5.4.1/bin/../lib/gcc/arm-none-eabi/5.4.1/armv6-m\libgcc.a(gesf2.o)
                0x00001760                __gesf2
                0x00001760                __gtsf2
 .text          0x000017e8       0x88 c:/program files/cypress/psoc creator/4.2/psoc creator/import/gnu/arm/5.4.1/bin/../lib/gcc/arm-none-eabi/5.4.1/armv6-m\libgcc.a(lesf2.o)
                0x000017e8                __ltsf2
                0x000017e8                __lesf2
 .text.__errno  0x00001870        0xc c:/program files/cypress/psoc creator/4.2/psoc creator/import/gnu/arm/5.4.1/bin/../lib/gcc/arm-none-eabi/5.4.1/../../../../arm-none-eabi/lib/armv6-m\libg_nano.a(lib_a-errno.o)
                0x00001870                __errno
 .text.__libc_init_array
                0x0000187c       0x4c c:/program files/cypress/psoc creator/4.2/psoc creator/import/gnu/arm/5.4.1/bin/../lib/gcc/arm-none-eabi/5.4.1/../../../../arm-none-eabi/lib/armv6-m\libg_nano.a(lib_a-init.o)
                0x0000187c                __libc_init_array
 .text.memset   0x000018c8       0x10 c:/program files/cypress/psoc creator/4.2/psoc creator/import/gnu/arm/5.4.1/bin/../lib/gcc/arm-none-eabi/5.4.1/../../../../arm-none-eabi/lib/armv6-m\libg_nano.a(lib_a-memset.o)
                0x000018c8                memset
 *(.plt)
 *(.gnu.warning)
 *(.glue_7t)
 .glue_7t       0x000018d8        0x0 linker stubs
 *(.glue_7)
 .glue_7        0x000018d8        0x0 linker stubs
 *(.vfp11_veneer)
 .vfp11_veneer  0x000018d8        0x0 linker stubs
 *(.bootloader)
 *(.ARM.extab* .gnu.linkonce.armextab.*)
 *(.gcc_except_table)

.v4_bx          0x000018d8        0x0
 .v4_bx         0x000018d8        0x0 linker stubs

.iplt           0x000018d8        0x0
 .iplt          0x000018d8        0x0 c:/program files/cypress/psoc creator/4.2/psoc creator/import/gnu/arm/5.4.1/bin/../lib/gcc/arm-none-eabi/5.4.1/armv6-m/crtbegin.o

.eh_frame_hdr
 *(.eh_frame_hdr)

.eh_frame       0x000018d8        0x4
 *(.eh_frame)
 .eh_frame      0x000018d8        0x0 c:/program files/cypress/psoc creator/4.2/psoc creator/import/gnu/arm/5.4.1/bin/../lib/gcc/arm-none-eabi/5.4.1/armv6-m/crtbegin.o
 .eh_frame      0x000018d8        0x4 c:/program files/cypress/psoc creator/4.2/psoc creator/import/gnu/arm/5.4.1/bin/../lib/gcc/arm-none-eabi/5.4.1/armv6-m/crtend.o
                [!provide]                PROVIDE (__exidx_start, .)

.ARM.exidx
 *(.ARM.exidx* .gnu.linkonce.armexidx.*)
                0x000018dc                __exidx_end = .

.rodata         0x000018dc      0x29c
 *(.rodata .rodata.* .gnu.linkonce.r.*)
 .rodata        0x000018dc       0x14 .\CortexM0\ARM_GCC_541\Debug\main.o
                0x000018dc                sinus
 .rodata.str1.4
                0x000018f0       0x2c .\CortexM0\ARM_GCC_541\Debug\main.o
                                 0x2b (size before relaxing)
 .rodata        0x0000191c      0x1b4 .\CortexM0\ARM_GCC_541\Debug\cyfitter_cfg.o
 .rodata        0x00001ad0       0x2e .\CortexM0\ARM_GCC_541\Debug\IDAC_lab.a(CyLib.o)
                0x00001ad0                cyImoFreqMhz2Reg
 *fill*         0x00001afe        0x2 
 .rodata        0x00001b00       0x40 c:/program files/cypress/psoc creator/4.2/psoc creator/import/gnu/arm/5.4.1/bin/../lib/gcc/arm-none-eabi/5.4.1/armv6-m\libgcc.a(mulsf3.o)
 .rodata.str1.1
                0x00001b40        0x2 c:/program files/cypress/psoc creator/4.2/psoc creator/import/gnu/arm/5.4.1/bin/../lib/gcc/arm-none-eabi/5.4.1/../../../../arm-none-eabi/lib/armv6-m\libg_nano.a(lib_a-impure.o)
                0x00001b44                . = ALIGN (0x4)
 *fill*         0x00001b42        0x2 
 *(.init)
 .init          0x00001b44        0x4 c:/program files/cypress/psoc creator/4.2/psoc creator/import/gnu/arm/5.4.1/bin/../lib/gcc/arm-none-eabi/5.4.1/armv6-m/crti.o
                0x00001b44                _init
 .init          0x00001b48        0x8 c:/program files/cypress/psoc creator/4.2/psoc creator/import/gnu/arm/5.4.1/bin/../lib/gcc/arm-none-eabi/5.4.1/armv6-m/crtn.o
                0x00001b50                . = ALIGN (0x4)
                0x00001b50                __preinit_array_start = .
 *(.preinit_array)
                0x00001b50                __preinit_array_end = .
                0x00001b50                . = ALIGN (0x4)
                0x00001b50                __init_array_start = .
 *(SORT(.init_array.*))
 *(.init_array)
 .init_array    0x00001b50        0x4 c:/program files/cypress/psoc creator/4.2/psoc creator/import/gnu/arm/5.4.1/bin/../lib/gcc/arm-none-eabi/5.4.1/armv6-m/crtbegin.o
 .init_array    0x00001b54        0x4 .\CortexM0\ARM_GCC_541\Debug\Cm0Start.o
                0x00001b58                __init_array_end = .
                0x00001b58                . = ALIGN (0x4)
 *(.fini)
 .fini          0x00001b58        0x4 c:/program files/cypress/psoc creator/4.2/psoc creator/import/gnu/arm/5.4.1/bin/../lib/gcc/arm-none-eabi/5.4.1/armv6-m/crti.o
                0x00001b58                _fini
 .fini          0x00001b5c        0x8 c:/program files/cypress/psoc creator/4.2/psoc creator/import/gnu/arm/5.4.1/bin/../lib/gcc/arm-none-eabi/5.4.1/armv6-m/crtn.o
                0x00001b64                . = ALIGN (0x4)
                0x00001b64                __fini_array_start = .
 *(.fini_array)
 .fini_array    0x00001b64        0x4 c:/program files/cypress/psoc creator/4.2/psoc creator/import/gnu/arm/5.4.1/bin/../lib/gcc/arm-none-eabi/5.4.1/armv6-m/crtbegin.o
 *(SORT(.fini_array.*))
                0x00001b68                __fini_array_end = .
                0x00001b68                . = ALIGN (0x4)
 *crtbegin.o(.ctors)
 *(EXCLUDE_FILE(*crtend.o) .ctors)
 *(SORT(.ctors.*))
 *crtend.o(.ctors)
                0x00001b68                . = ALIGN (0x4)
 *crtbegin.o(.dtors)
 *(EXCLUDE_FILE(*crtend.o) .dtors)
 *(SORT(.dtors.*))
 *crtend.o(.dtors)
                0x00001b68                . = ALIGN (0x4)
                0x00001b68                __cy_regions = .
                0x00001b68        0x4 LONG 0x1b78 __cy_region_init_ram
                0x00001b6c        0x4 LONG 0x200000c0 __cy_region_start_data
                0x00001b70        0x4 LONG 0x88 __cy_region_init_size_ram
                0x00001b74        0x4 LONG 0x58 __cy_region_zero_size_ram
                0x00001b78                __cy_regions_end = .
                0x00001b78                . = ALIGN (0x8)
                0x00001b78                _etext = .

.cy_checksum_exclude
                0x00001b78        0x0
 *(.cy_checksum_exclude)

.ramvectors     0x20000000       0xc0
                0x20000000                __cy_region_start_ram = .
 *(.ramvectors)
 .ramvectors    0x20000000       0xc0 .\CortexM0\ARM_GCC_541\Debug\Cm0Start.o
                0x20000000                CyRamVectors

.noinit
 *(.noinit)

.data           0x200000c0       0x88 load address 0x00001b78
                0x200000c0                __cy_region_start_data = .
 *(.jcr)
 .jcr           0x200000c0        0x0 c:/program files/cypress/psoc creator/4.2/psoc creator/import/gnu/arm/5.4.1/bin/../lib/gcc/arm-none-eabi/5.4.1/armv6-m/crtbegin.o
 .jcr           0x200000c0        0x4 c:/program files/cypress/psoc creator/4.2/psoc creator/import/gnu/arm/5.4.1/bin/../lib/gcc/arm-none-eabi/5.4.1/armv6-m/crtend.o
 *(.got.plt)
 *(.got)
 *(.shdata)
 *(.data .data.* .gnu.linkonce.d.*)
 .data          0x200000c4        0x8 .\CortexM0\ARM_GCC_541\Debug\main.o
                0x200000c4                kMode1
                0x200000c8                kMode2
 .data          0x200000cc       0x14 .\CortexM0\ARM_GCC_541\Debug\IDAC_lab.a(CyLib.o)
                0x200000cc                CySysClkPumpConfig
                0x200000d0                cydelay32kMs
                0x200000d4                cydelayFreqKhz
                0x200000d8                cydelayFreqMhz
                0x200000dc                cydelayFreqHz
 .data          0x200000e0        0x4 .\CortexM0\ARM_GCC_541\Debug\IDAC_lab.a(CyLFClk.o)
 .data.impure_data
                0x200000e4       0x60 c:/program files/cypress/psoc creator/4.2/psoc creator/import/gnu/arm/5.4.1/bin/../lib/gcc/arm-none-eabi/5.4.1/../../../../arm-none-eabi/lib/armv6-m\libg_nano.a(lib_a-impure.o)
 .data._impure_ptr
                0x20000144        0x4 c:/program files/cypress/psoc creator/4.2/psoc creator/import/gnu/arm/5.4.1/bin/../lib/gcc/arm-none-eabi/5.4.1/../../../../arm-none-eabi/lib/armv6-m\libg_nano.a(lib_a-impure.o)
                0x20000144                _impure_ptr
                0x20000148                . = ALIGN (0x8)
 *(.ram)
                0x20000148                _edata = .

.igot.plt       0x20000148        0x0 load address 0x00001c00
 .igot.plt      0x20000148        0x0 c:/program files/cypress/psoc creator/4.2/psoc creator/import/gnu/arm/5.4.1/bin/../lib/gcc/arm-none-eabi/5.4.1/armv6-m/crtbegin.o

.bss            0x20000148       0x58 load address 0x00001c00
                0x20000148                PROVIDE (__bss_start__, .)
 *(.shbss)
 *(.bss .bss.* .gnu.linkonce.b.*)
 .bss           0x20000148       0x1c c:/program files/cypress/psoc creator/4.2/psoc creator/import/gnu/arm/5.4.1/bin/../lib/gcc/arm-none-eabi/5.4.1/armv6-m/crtbegin.o
 .bss           0x20000164       0x10 .\CortexM0\ARM_GCC_541\Debug\main.o
                0x20000164                n
                0x20000168                y
                0x2000016c                k
                0x20000170                n1
 .bss           0x20000174        0x4 .\CortexM0\ARM_GCC_541\Debug\IDAC_lab.a(IDAC.o)
                0x20000174                IDAC_initVar
 .bss           0x20000178        0x1 .\CortexM0\ARM_GCC_541\Debug\IDAC_lab.a(Timer.o)
                0x20000178                Timer_initVar
 *fill*         0x20000179        0x3 
 .bss           0x2000017c       0x20 .\CortexM0\ARM_GCC_541\Debug\IDAC_lab.a(CyLFClk.o)
 .bss           0x2000019c        0x1 .\CortexM0\ARM_GCC_541\Debug\IDAC_lab.a(Timer_Stop.o)
                0x2000019c                Timer_Stop_initVar
 *(COMMON)
 COMMON         0x2000019d        0x1 .\CortexM0\ARM_GCC_541\Debug\main.o
                0x2000019d                pinVal
                0x200001a0                . = ALIGN (0x8)
 *fill*         0x2000019e        0x2 
 *(.ram.b)
                0x200001a0                _end = .
                0x200001a0                __end = .
                0x200001a0                PROVIDE (end, .)
                0x200001a0                PROVIDE (__bss_end__, .)
                0x00001b78                __cy_region_init_ram = LOADADDR (.data)
                0x00000088                __cy_region_init_size_ram = (_edata - ADDR (.data))
                0x00000058                __cy_region_zero_size_ram = (_end - _edata)

.heap           0x200001a0       0x80 load address 0x00001c00
                0x200001a0                . = _end
                0x20000220                . = (. + 0x80)
 *fill*         0x200001a0       0x80 
                0x20000220                __cy_heap_limit = .

.stack          0x20000c00      0x400
                0x20000c00                __cy_stack_limit = .
                0x20001000                . = (. + 0x400)
 *fill*         0x20000c00      0x400 
                0x00000001                ASSERT ((__cy_stack_limit >= __cy_heap_limit), region RAM overflowed with stack)
                0x00000000                cy_checksum_exclude_size = (CY_APPL_LOADABLE == 0x1)?SIZEOF (.cy_checksum_exclude):0x0
                0x00000001                ASSERT ((cy_checksum_exclude_size <= CY_CHECKSUM_EXCLUDE_SIZE), CY_BOOT: Section .cy_checksum_exclude size exceedes specified limit.)
                0x00007fc0                cyloadermeta_start = (cy_project_type_bootloader || cy_project_type_app_for_stack_and_copier)?(LENGTH (rom) - CY_METADATA_SIZE):0xf0000000

.cyloadermeta
 *(.cyloadermeta)
                0x00007fc0                cyloadablemeta_start = cy_project_type_app_for_stack_and_copier?((LENGTH (rom) - CY_FLASH_ROW_SIZE) - CY_METADATA_SIZE):((LENGTH (rom) - (CY_FLASH_ROW_SIZE * (CY_APPL_NUM - 0x1))) - CY_METADATA_SIZE)

.cyloadablemeta
 *(.cyloadablemeta)

.cyflashprotect
                0x90400000       0x20
 *(.cyflashprotect)
 .cyflashprotect
                0x90400000       0x20 .\CortexM0\ARM_GCC_541\Debug\cymetadata.o
                0x90400000                cy_meta_flashprotect

.cymeta         0x90500000        0xc
 *(.cymeta)
 .cymeta        0x90500000        0xc .\CortexM0\ARM_GCC_541\Debug\cymetadata.o
                0x90500000                cy_metadata

.cychipprotect  0x90600000        0x1
 *(.cychipprotect)
 .cychipprotect
                0x90600000        0x1 .\CortexM0\ARM_GCC_541\Debug\cymetadata.o
                0x90600000                cy_meta_chipprotect

.rel.dyn        0x00001c00        0x0 load address 0x90600004
 .rel.iplt      0x00001c00        0x0 c:/program files/cypress/psoc creator/4.2/psoc creator/import/gnu/arm/5.4.1/bin/../lib/gcc/arm-none-eabi/5.4.1/armv6-m/crtbegin.o

.stab
 *(.stab)

.stabstr
 *(.stabstr)

.debug
 *(.debug)

.line
 *(.line)

.debug_srcinfo
 *(.debug_srcinfo)

.debug_sfnames
 *(.debug_sfnames)

.debug_aranges  0x00000000      0x778
 *(.debug_aranges)
 .debug_aranges
                0x00000000       0x38 .\CortexM0\ARM_GCC_541\Debug\main.o
 .debug_aranges
                0x00000038       0x48 .\CortexM0\ARM_GCC_541\Debug\cyfitter_cfg.o
 .debug_aranges
                0x00000080       0x18 .\CortexM0\ARM_GCC_541\Debug\cymetadata.o
 .debug_aranges
                0x00000098       0x48 .\CortexM0\ARM_GCC_541\Debug\Cm0Start.o
 .debug_aranges
                0x000000e0       0x40 .\CortexM0\ARM_GCC_541\Debug\IDAC_lab.a(IDAC.o)
 .debug_aranges
                0x00000120       0x90 .\CortexM0\ARM_GCC_541\Debug\IDAC_lab.a(Timer.o)
 .debug_aranges
                0x000001b0       0x80 .\CortexM0\ARM_GCC_541\Debug\IDAC_lab.a(isr.o)
 .debug_aranges
                0x00000230      0x180 .\CortexM0\ARM_GCC_541\Debug\IDAC_lab.a(CyLib.o)
 .debug_aranges
                0x000003b0      0x138 .\CortexM0\ARM_GCC_541\Debug\IDAC_lab.a(CyLFClk.o)
 .debug_aranges
                0x000004e8       0x98 .\CortexM0\ARM_GCC_541\Debug\IDAC_lab.a(LCD.o)
 .debug_aranges
                0x00000580       0x80 .\CortexM0\ARM_GCC_541\Debug\IDAC_lab.a(isr_start.o)
 .debug_aranges
                0x00000600       0x90 .\CortexM0\ARM_GCC_541\Debug\IDAC_lab.a(Timer_Stop.o)
 .debug_aranges
                0x00000690       0x80 .\CortexM0\ARM_GCC_541\Debug\IDAC_lab.a(isr_stop.o)
 .debug_aranges
                0x00000710       0x48 .\CortexM0\ARM_GCC_541\Debug\IDAC_lab.a(Pin_Mode.o)
 .debug_aranges
                0x00000758       0x20 .\CortexM0\ARM_GCC_541\Debug\IDAC_lab.a(CyBootAsmGnu.o)

.debug_pubnames
 *(.debug_pubnames)

.debug_info     0x00000000     0x3f04
 *(.debug_info .gnu.linkonce.wi.*)
 .debug_info    0x00000000      0x42b .\CortexM0\ARM_GCC_541\Debug\main.o
 .debug_info    0x0000042b      0x404 .\CortexM0\ARM_GCC_541\Debug\cyfitter_cfg.o
 .debug_info    0x0000082f       0xf8 .\CortexM0\ARM_GCC_541\Debug\cymetadata.o
 .debug_info    0x00000927      0x3a2 .\CortexM0\ARM_GCC_541\Debug\Cm0Start.o
 .debug_info    0x00000cc9      0x221 .\CortexM0\ARM_GCC_541\Debug\IDAC_lab.a(IDAC.o)
 .debug_info    0x00000eea      0x2ee .\CortexM0\ARM_GCC_541\Debug\IDAC_lab.a(Timer.o)
 .debug_info    0x000011d8      0x305 .\CortexM0\ARM_GCC_541\Debug\IDAC_lab.a(isr.o)
 .debug_info    0x000014dd      0xaec .\CortexM0\ARM_GCC_541\Debug\IDAC_lab.a(CyLib.o)
 .debug_info    0x00001fc9      0xcfe .\CortexM0\ARM_GCC_541\Debug\IDAC_lab.a(CyLFClk.o)
 .debug_info    0x00002cc7      0x721 .\CortexM0\ARM_GCC_541\Debug\IDAC_lab.a(LCD.o)
 .debug_info    0x000033e8      0x305 .\CortexM0\ARM_GCC_541\Debug\IDAC_lab.a(isr_start.o)
 .debug_info    0x000036ed      0x2ee .\CortexM0\ARM_GCC_541\Debug\IDAC_lab.a(Timer_Stop.o)
 .debug_info    0x000039db      0x305 .\CortexM0\ARM_GCC_541\Debug\IDAC_lab.a(isr_stop.o)
 .debug_info    0x00003ce0      0x19d .\CortexM0\ARM_GCC_541\Debug\IDAC_lab.a(Pin_Mode.o)
 .debug_info    0x00003e7d       0x87 .\CortexM0\ARM_GCC_541\Debug\IDAC_lab.a(CyBootAsmGnu.o)

.debug_abbrev   0x00000000     0x1310
 *(.debug_abbrev)
 .debug_abbrev  0x00000000      0x109 .\CortexM0\ARM_GCC_541\Debug\main.o
 .debug_abbrev  0x00000109      0x1cf .\CortexM0\ARM_GCC_541\Debug\cyfitter_cfg.o
 .debug_abbrev  0x000002d8       0x5d .\CortexM0\ARM_GCC_541\Debug\cymetadata.o
 .debug_abbrev  0x00000335      0x1d7 .\CortexM0\ARM_GCC_541\Debug\Cm0Start.o
 .debug_abbrev  0x0000050c       0xa3 .\CortexM0\ARM_GCC_541\Debug\IDAC_lab.a(IDAC.o)
 .debug_abbrev  0x000005af      0x12b .\CortexM0\ARM_GCC_541\Debug\IDAC_lab.a(Timer.o)
 .debug_abbrev  0x000006da      0x19a .\CortexM0\ARM_GCC_541\Debug\IDAC_lab.a(isr.o)
 .debug_abbrev  0x00000874      0x1e0 .\CortexM0\ARM_GCC_541\Debug\IDAC_lab.a(CyLib.o)
 .debug_abbrev  0x00000a54      0x210 .\CortexM0\ARM_GCC_541\Debug\IDAC_lab.a(CyLFClk.o)
 .debug_abbrev  0x00000c64      0x171 .\CortexM0\ARM_GCC_541\Debug\IDAC_lab.a(LCD.o)
 .debug_abbrev  0x00000dd5      0x19a .\CortexM0\ARM_GCC_541\Debug\IDAC_lab.a(isr_start.o)
 .debug_abbrev  0x00000f6f      0x12b .\CortexM0\ARM_GCC_541\Debug\IDAC_lab.a(Timer_Stop.o)
 .debug_abbrev  0x0000109a      0x19a .\CortexM0\ARM_GCC_541\Debug\IDAC_lab.a(isr_stop.o)
 .debug_abbrev  0x00001234       0xc8 .\CortexM0\ARM_GCC_541\Debug\IDAC_lab.a(Pin_Mode.o)
 .debug_abbrev  0x000012fc       0x14 .\CortexM0\ARM_GCC_541\Debug\IDAC_lab.a(CyBootAsmGnu.o)

.debug_line     0x00000000     0x197c
 *(.debug_line)
 .debug_line    0x00000000      0x113 .\CortexM0\ARM_GCC_541\Debug\main.o
 .debug_line    0x00000113      0x189 .\CortexM0\ARM_GCC_541\Debug\cyfitter_cfg.o
 .debug_line    0x0000029c      0x135 .\CortexM0\ARM_GCC_541\Debug\cymetadata.o
 .debug_line    0x000003d1      0x229 .\CortexM0\ARM_GCC_541\Debug\Cm0Start.o
 .debug_line    0x000005fa       0xc2 .\CortexM0\ARM_GCC_541\Debug\IDAC_lab.a(IDAC.o)
 .debug_line    0x000006bc      0x179 .\CortexM0\ARM_GCC_541\Debug\IDAC_lab.a(Timer.o)
 .debug_line    0x00000835      0x14b .\CortexM0\ARM_GCC_541\Debug\IDAC_lab.a(isr.o)
 .debug_line    0x00000980      0x460 .\CortexM0\ARM_GCC_541\Debug\IDAC_lab.a(CyLib.o)
 .debug_line    0x00000de0      0x466 .\CortexM0\ARM_GCC_541\Debug\IDAC_lab.a(CyLFClk.o)
 .debug_line    0x00001246      0x1e6 .\CortexM0\ARM_GCC_541\Debug\IDAC_lab.a(LCD.o)
 .debug_line    0x0000142c      0x155 .\CortexM0\ARM_GCC_541\Debug\IDAC_lab.a(isr_start.o)
 .debug_line    0x00001581      0x17e .\CortexM0\ARM_GCC_541\Debug\IDAC_lab.a(Timer_Stop.o)
 .debug_line    0x000016ff      0x154 .\CortexM0\ARM_GCC_541\Debug\IDAC_lab.a(isr_stop.o)
 .debug_line    0x00001853       0xc0 .\CortexM0\ARM_GCC_541\Debug\IDAC_lab.a(Pin_Mode.o)
 .debug_line    0x00001913       0x69 .\CortexM0\ARM_GCC_541\Debug\IDAC_lab.a(CyBootAsmGnu.o)

.debug_frame    0x00000000     0x1440
 *(.debug_frame)
 .debug_frame   0x00000000       0x84 .\CortexM0\ARM_GCC_541\Debug\main.o
 .debug_frame   0x00000084       0xb8 .\CortexM0\ARM_GCC_541\Debug\cyfitter_cfg.o
 .debug_frame   0x0000013c       0xbc .\CortexM0\ARM_GCC_541\Debug\Cm0Start.o
 .debug_frame   0x000001f8       0x9c .\CortexM0\ARM_GCC_541\Debug\IDAC_lab.a(IDAC.o)
 .debug_frame   0x00000294      0x124 .\CortexM0\ARM_GCC_541\Debug\IDAC_lab.a(Timer.o)
 .debug_frame   0x000003b8      0x110 .\CortexM0\ARM_GCC_541\Debug\IDAC_lab.a(isr.o)
 .debug_frame   0x000004c8      0x3e0 .\CortexM0\ARM_GCC_541\Debug\IDAC_lab.a(CyLib.o)
 .debug_frame   0x000008a8      0x3a8 .\CortexM0\ARM_GCC_541\Debug\IDAC_lab.a(CyLFClk.o)
 .debug_frame   0x00000c50      0x1f0 .\CortexM0\ARM_GCC_541\Debug\IDAC_lab.a(LCD.o)
 .debug_frame   0x00000e40      0x110 .\CortexM0\ARM_GCC_541\Debug\IDAC_lab.a(isr_start.o)
 .debug_frame   0x00000f50      0x124 .\CortexM0\ARM_GCC_541\Debug\IDAC_lab.a(Timer_Stop.o)
 .debug_frame   0x00001074      0x110 .\CortexM0\ARM_GCC_541\Debug\IDAC_lab.a(isr_stop.o)
 .debug_frame   0x00001184       0x70 .\CortexM0\ARM_GCC_541\Debug\IDAC_lab.a(Pin_Mode.o)
 .debug_frame   0x000011f4       0x20 c:/program files/cypress/psoc creator/4.2/psoc creator/import/gnu/arm/5.4.1/bin/../lib/gcc/arm-none-eabi/5.4.1/armv6-m\libgcc.a(_udivsi3.o)
 .debug_frame   0x00001214       0x28 c:/program files/cypress/psoc creator/4.2/psoc creator/import/gnu/arm/5.4.1/bin/../lib/gcc/arm-none-eabi/5.4.1/armv6-m\libgcc.a(_fixunssfsi.o)
 .debug_frame   0x0000123c       0x30 c:/program files/cypress/psoc creator/4.2/psoc creator/import/gnu/arm/5.4.1/bin/../lib/gcc/arm-none-eabi/5.4.1/armv6-m\libgcc.a(addsf3.o)
 .debug_frame   0x0000126c       0x38 c:/program files/cypress/psoc creator/4.2/psoc creator/import/gnu/arm/5.4.1/bin/../lib/gcc/arm-none-eabi/5.4.1/armv6-m\libgcc.a(mulsf3.o)
 .debug_frame   0x000012a4       0x30 c:/program files/cypress/psoc creator/4.2/psoc creator/import/gnu/arm/5.4.1/bin/../lib/gcc/arm-none-eabi/5.4.1/armv6-m\libgcc.a(subsf3.o)
 .debug_frame   0x000012d4       0x20 c:/program files/cypress/psoc creator/4.2/psoc creator/import/gnu/arm/5.4.1/bin/../lib/gcc/arm-none-eabi/5.4.1/armv6-m\libgcc.a(fixsfsi.o)
 .debug_frame   0x000012f4       0x2c c:/program files/cypress/psoc creator/4.2/psoc creator/import/gnu/arm/5.4.1/bin/../lib/gcc/arm-none-eabi/5.4.1/armv6-m\libgcc.a(floatsisf.o)
 .debug_frame   0x00001320       0x2c c:/program files/cypress/psoc creator/4.2/psoc creator/import/gnu/arm/5.4.1/bin/../lib/gcc/arm-none-eabi/5.4.1/armv6-m\libgcc.a(eqsf2.o)
 .debug_frame   0x0000134c       0x30 c:/program files/cypress/psoc creator/4.2/psoc creator/import/gnu/arm/5.4.1/bin/../lib/gcc/arm-none-eabi/5.4.1/armv6-m\libgcc.a(gesf2.o)
 .debug_frame   0x0000137c       0x30 c:/program files/cypress/psoc creator/4.2/psoc creator/import/gnu/arm/5.4.1/bin/../lib/gcc/arm-none-eabi/5.4.1/armv6-m\libgcc.a(lesf2.o)
 .debug_frame   0x000013ac       0x20 c:/program files/cypress/psoc creator/4.2/psoc creator/import/gnu/arm/5.4.1/bin/../lib/gcc/arm-none-eabi/5.4.1/../../../../arm-none-eabi/lib/armv6-m\libg_nano.a(lib_a-errno.o)
 .debug_frame   0x000013cc       0x28 c:/program files/cypress/psoc creator/4.2/psoc creator/import/gnu/arm/5.4.1/bin/../lib/gcc/arm-none-eabi/5.4.1/../../../../arm-none-eabi/lib/armv6-m\libg_nano.a(lib_a-exit.o)
 .debug_frame   0x000013f4       0x2c c:/program files/cypress/psoc creator/4.2/psoc creator/import/gnu/arm/5.4.1/bin/../lib/gcc/arm-none-eabi/5.4.1/../../../../arm-none-eabi/lib/armv6-m\libg_nano.a(lib_a-init.o)
 .debug_frame   0x00001420       0x20 c:/program files/cypress/psoc creator/4.2/psoc creator/import/gnu/arm/5.4.1/bin/../lib/gcc/arm-none-eabi/5.4.1/../../../../arm-none-eabi/lib/armv6-m\libg_nano.a(lib_a-memset.o)

.debug_str      0x00000000     0x1751
 *(.debug_str)
 .debug_str     0x00000000      0x276 .\CortexM0\ARM_GCC_541\Debug\main.o
                                0x2bc (size before relaxing)
 .debug_str     0x00000276      0x152 .\CortexM0\ARM_GCC_541\Debug\cyfitter_cfg.o
                                0x2f4 (size before relaxing)
 .debug_str     0x000003c8       0x63 .\CortexM0\ARM_GCC_541\Debug\cymetadata.o
                                0x1bf (size before relaxing)
 .debug_str     0x0000042b      0x13a .\CortexM0\ARM_GCC_541\Debug\Cm0Start.o
                                0x2f8 (size before relaxing)
 .debug_str     0x00000565       0xa1 .\CortexM0\ARM_GCC_541\Debug\IDAC_lab.a(IDAC.o)
                                0x24a (size before relaxing)
 .debug_str     0x00000606      0x175 .\CortexM0\ARM_GCC_541\Debug\IDAC_lab.a(Timer.o)
                                0x332 (size before relaxing)
 .debug_str     0x0000077b       0xd6 .\CortexM0\ARM_GCC_541\Debug\IDAC_lab.a(isr.o)
                                0x2c5 (size before relaxing)
 .debug_str     0x00000851      0x485 .\CortexM0\ARM_GCC_541\Debug\IDAC_lab.a(CyLib.o)
                                0x6ad (size before relaxing)
 .debug_str     0x00000cd6      0x527 .\CortexM0\ARM_GCC_541\Debug\IDAC_lab.a(CyLFClk.o)
                                0x734 (size before relaxing)
 .debug_str     0x000011fd      0x14c .\CortexM0\ARM_GCC_541\Debug\IDAC_lab.a(LCD.o)
                                0x323 (size before relaxing)
 .debug_str     0x00001349       0xe9 .\CortexM0\ARM_GCC_541\Debug\IDAC_lab.a(isr_start.o)
                                0x319 (size before relaxing)
 .debug_str     0x00001432      0x18f .\CortexM0\ARM_GCC_541\Debug\IDAC_lab.a(Timer_Stop.o)
                                0x38c (size before relaxing)
 .debug_str     0x000015c1       0xde .\CortexM0\ARM_GCC_541\Debug\IDAC_lab.a(isr_stop.o)
                                0x30b (size before relaxing)
 .debug_str     0x0000169f       0xb2 .\CortexM0\ARM_GCC_541\Debug\IDAC_lab.a(Pin_Mode.o)
                                0x242 (size before relaxing)

.debug_loc      0x00000000     0x18e3
 *(.debug_loc)
 .debug_loc     0x00000000       0x13 .\CortexM0\ARM_GCC_541\Debug\main.o
 .debug_loc     0x00000013      0x14d .\CortexM0\ARM_GCC_541\Debug\cyfitter_cfg.o
 .debug_loc     0x00000160      0x14f .\CortexM0\ARM_GCC_541\Debug\Cm0Start.o
 .debug_loc     0x000002af       0xb5 .\CortexM0\ARM_GCC_541\Debug\IDAC_lab.a(IDAC.o)
 .debug_loc     0x00000364       0x13 .\CortexM0\ARM_GCC_541\Debug\IDAC_lab.a(Timer.o)
 .debug_loc     0x00000377       0x82 .\CortexM0\ARM_GCC_541\Debug\IDAC_lab.a(isr.o)
 .debug_loc     0x000003f9      0x599 .\CortexM0\ARM_GCC_541\Debug\IDAC_lab.a(CyLib.o)
 .debug_loc     0x00000992      0x9b5 .\CortexM0\ARM_GCC_541\Debug\IDAC_lab.a(CyLFClk.o)
 .debug_loc     0x00001347      0x3e3 .\CortexM0\ARM_GCC_541\Debug\IDAC_lab.a(LCD.o)
 .debug_loc     0x0000172a       0x82 .\CortexM0\ARM_GCC_541\Debug\IDAC_lab.a(isr_start.o)
 .debug_loc     0x000017ac       0x13 .\CortexM0\ARM_GCC_541\Debug\IDAC_lab.a(Timer_Stop.o)
 .debug_loc     0x000017bf       0x82 .\CortexM0\ARM_GCC_541\Debug\IDAC_lab.a(isr_stop.o)
 .debug_loc     0x00001841       0xa2 .\CortexM0\ARM_GCC_541\Debug\IDAC_lab.a(Pin_Mode.o)

.debug_macinfo
 *(.debug_macinfo)

.debug_ranges   0x00000000      0x670
 *(.debug_ranges)
 .debug_ranges  0x00000000       0x28 .\CortexM0\ARM_GCC_541\Debug\main.o
 .debug_ranges  0x00000028       0x38 .\CortexM0\ARM_GCC_541\Debug\cyfitter_cfg.o
 .debug_ranges  0x00000060       0x38 .\CortexM0\ARM_GCC_541\Debug\Cm0Start.o
 .debug_ranges  0x00000098       0x30 .\CortexM0\ARM_GCC_541\Debug\IDAC_lab.a(IDAC.o)
 .debug_ranges  0x000000c8       0x80 .\CortexM0\ARM_GCC_541\Debug\IDAC_lab.a(Timer.o)
 .debug_ranges  0x00000148       0x70 .\CortexM0\ARM_GCC_541\Debug\IDAC_lab.a(isr.o)
 .debug_ranges  0x000001b8      0x170 .\CortexM0\ARM_GCC_541\Debug\IDAC_lab.a(CyLib.o)
 .debug_ranges  0x00000328      0x128 .\CortexM0\ARM_GCC_541\Debug\IDAC_lab.a(CyLFClk.o)
 .debug_ranges  0x00000450       0x88 .\CortexM0\ARM_GCC_541\Debug\IDAC_lab.a(LCD.o)
 .debug_ranges  0x000004d8       0x70 .\CortexM0\ARM_GCC_541\Debug\IDAC_lab.a(isr_start.o)
 .debug_ranges  0x00000548       0x80 .\CortexM0\ARM_GCC_541\Debug\IDAC_lab.a(Timer_Stop.o)
 .debug_ranges  0x000005c8       0x70 .\CortexM0\ARM_GCC_541\Debug\IDAC_lab.a(isr_stop.o)
 .debug_ranges  0x00000638       0x38 .\CortexM0\ARM_GCC_541\Debug\IDAC_lab.a(Pin_Mode.o)

.comment        0x00000000       0x6e
 .comment       0x00000000       0x6e .\CortexM0\ARM_GCC_541\Debug\main.o
                                 0x6f (size before relaxing)
 .comment       0x0000006e       0x6f .\CortexM0\ARM_GCC_541\Debug\cyfitter_cfg.o
 .comment       0x0000006e       0x6f .\CortexM0\ARM_GCC_541\Debug\cymetadata.o
 .comment       0x0000006e       0x6f .\CortexM0\ARM_GCC_541\Debug\Cm0Start.o
 .comment       0x0000006e       0x6f .\CortexM0\ARM_GCC_541\Debug\IDAC_lab.a(IDAC.o)
 .comment       0x0000006e       0x6f .\CortexM0\ARM_GCC_541\Debug\IDAC_lab.a(Timer.o)
 .comment       0x0000006e       0x6f .\CortexM0\ARM_GCC_541\Debug\IDAC_lab.a(isr.o)
 .comment       0x0000006e       0x6f .\CortexM0\ARM_GCC_541\Debug\IDAC_lab.a(CyLib.o)
 .comment       0x0000006e       0x6f .\CortexM0\ARM_GCC_541\Debug\IDAC_lab.a(CyLFClk.o)
 .comment       0x0000006e       0x6f .\CortexM0\ARM_GCC_541\Debug\IDAC_lab.a(LCD.o)
 .comment       0x0000006e       0x6f .\CortexM0\ARM_GCC_541\Debug\IDAC_lab.a(isr_start.o)
 .comment       0x0000006e       0x6f .\CortexM0\ARM_GCC_541\Debug\IDAC_lab.a(Timer_Stop.o)
 .comment       0x0000006e       0x6f .\CortexM0\ARM_GCC_541\Debug\IDAC_lab.a(isr_stop.o)
 .comment       0x0000006e       0x6f .\CortexM0\ARM_GCC_541\Debug\IDAC_lab.a(Pin_Mode.o)

.debug_weaknames
 *(.debug_weaknames)

.debug_funcnames
 *(.debug_funcnames)

.debug_typenames
 *(.debug_typenames)

.debug_varnames
 *(.debug_varnames)

.note.gnu.arm.ident
 *(.note.gnu.arm.ident)

.ARM.attributes
                0x00000000       0x28
 *(.ARM.attributes)
 .ARM.attributes
                0x00000000       0x1e c:/program files/cypress/psoc creator/4.2/psoc creator/import/gnu/arm/5.4.1/bin/../lib/gcc/arm-none-eabi/5.4.1/armv6-m/crti.o
 .ARM.attributes
                0x0000001e       0x2c c:/program files/cypress/psoc creator/4.2/psoc creator/import/gnu/arm/5.4.1/bin/../lib/gcc/arm-none-eabi/5.4.1/armv6-m/crtbegin.o
 .ARM.attributes
                0x0000004a       0x1b c:/program files/cypress/psoc creator/4.2/psoc creator/import/gnu/arm/5.4.1/bin/../lib/gcc/arm-none-eabi/5.4.1/../../../../arm-none-eabi/lib/armv6-m/crt0.o
 .ARM.attributes
                0x00000065       0x31 .\CortexM0\ARM_GCC_541\Debug\main.o
 .ARM.attributes
                0x00000096       0x31 .\CortexM0\ARM_GCC_541\Debug\cyfitter_cfg.o
 .ARM.attributes
                0x000000c7       0x31 .\CortexM0\ARM_GCC_541\Debug\cymetadata.o
 .ARM.attributes
                0x000000f8       0x31 .\CortexM0\ARM_GCC_541\Debug\Cm0Start.o
 .ARM.attributes
                0x00000129       0x31 .\CortexM0\ARM_GCC_541\Debug\IDAC_lab.a(IDAC.o)
 .ARM.attributes
                0x0000015a       0x31 .\CortexM0\ARM_GCC_541\Debug\IDAC_lab.a(Timer.o)
 .ARM.attributes
                0x0000018b       0x31 .\CortexM0\ARM_GCC_541\Debug\IDAC_lab.a(isr.o)
 .ARM.attributes
                0x000001bc       0x31 .\CortexM0\ARM_GCC_541\Debug\IDAC_lab.a(CyLib.o)
 .ARM.attributes
                0x000001ed       0x31 .\CortexM0\ARM_GCC_541\Debug\IDAC_lab.a(CyLFClk.o)
 .ARM.attributes
                0x0000021e       0x31 .\CortexM0\ARM_GCC_541\Debug\IDAC_lab.a(LCD.o)
 .ARM.attributes
                0x0000024f       0x31 .\CortexM0\ARM_GCC_541\Debug\IDAC_lab.a(isr_start.o)
 .ARM.attributes
                0x00000280       0x31 .\CortexM0\ARM_GCC_541\Debug\IDAC_lab.a(Timer_Stop.o)
 .ARM.attributes
                0x000002b1       0x31 .\CortexM0\ARM_GCC_541\Debug\IDAC_lab.a(isr_stop.o)
 .ARM.attributes
                0x000002e2       0x31 .\CortexM0\ARM_GCC_541\Debug\IDAC_lab.a(Pin_Mode.o)
 .ARM.attributes
                0x00000313       0x21 .\CortexM0\ARM_GCC_541\Debug\IDAC_lab.a(CyBootAsmGnu.o)
 .ARM.attributes
                0x00000334       0x1e c:/program files/cypress/psoc creator/4.2/psoc creator/import/gnu/arm/5.4.1/bin/../lib/gcc/arm-none-eabi/5.4.1/armv6-m\libgcc.a(_udivsi3.o)
 .ARM.attributes
                0x00000352       0x1e c:/program files/cypress/psoc creator/4.2/psoc creator/import/gnu/arm/5.4.1/bin/../lib/gcc/arm-none-eabi/5.4.1/armv6-m\libgcc.a(_dvmd_tls.o)
 .ARM.attributes
                0x00000370       0x2c c:/program files/cypress/psoc creator/4.2/psoc creator/import/gnu/arm/5.4.1/bin/../lib/gcc/arm-none-eabi/5.4.1/armv6-m\libgcc.a(_fixunssfsi.o)
 .ARM.attributes
                0x0000039c       0x2c c:/program files/cypress/psoc creator/4.2/psoc creator/import/gnu/arm/5.4.1/bin/../lib/gcc/arm-none-eabi/5.4.1/armv6-m\libgcc.a(addsf3.o)
 .ARM.attributes
                0x000003c8       0x2c c:/program files/cypress/psoc creator/4.2/psoc creator/import/gnu/arm/5.4.1/bin/../lib/gcc/arm-none-eabi/5.4.1/armv6-m\libgcc.a(mulsf3.o)
 .ARM.attributes
                0x000003f4       0x2c c:/program files/cypress/psoc creator/4.2/psoc creator/import/gnu/arm/5.4.1/bin/../lib/gcc/arm-none-eabi/5.4.1/armv6-m\libgcc.a(subsf3.o)
 .ARM.attributes
                0x00000420       0x2c c:/program files/cypress/psoc creator/4.2/psoc creator/import/gnu/arm/5.4.1/bin/../lib/gcc/arm-none-eabi/5.4.1/armv6-m\libgcc.a(fixsfsi.o)
 .ARM.attributes
                0x0000044c       0x2c c:/program files/cypress/psoc creator/4.2/psoc creator/import/gnu/arm/5.4.1/bin/../lib/gcc/arm-none-eabi/5.4.1/armv6-m\libgcc.a(floatsisf.o)
 .ARM.attributes
                0x00000478       0x1e c:/program files/cypress/psoc creator/4.2/psoc creator/import/gnu/arm/5.4.1/bin/../lib/gcc/arm-none-eabi/5.4.1/armv6-m\libgcc.a(_arm_cmpsf2.o)
 .ARM.attributes
                0x00000496       0x1e c:/program files/cypress/psoc creator/4.2/psoc creator/import/gnu/arm/5.4.1/bin/../lib/gcc/arm-none-eabi/5.4.1/armv6-m\libgcc.a(_clzsi2.o)
 .ARM.attributes
                0x000004b4       0x2c c:/program files/cypress/psoc creator/4.2/psoc creator/import/gnu/arm/5.4.1/bin/../lib/gcc/arm-none-eabi/5.4.1/armv6-m\libgcc.a(eqsf2.o)
 .ARM.attributes
                0x000004e0       0x2c c:/program files/cypress/psoc creator/4.2/psoc creator/import/gnu/arm/5.4.1/bin/../lib/gcc/arm-none-eabi/5.4.1/armv6-m\libgcc.a(gesf2.o)
 .ARM.attributes
                0x0000050c       0x2c c:/program files/cypress/psoc creator/4.2/psoc creator/import/gnu/arm/5.4.1/bin/../lib/gcc/arm-none-eabi/5.4.1/armv6-m\libgcc.a(lesf2.o)
 .ARM.attributes
                0x00000538       0x2c c:/program files/cypress/psoc creator/4.2/psoc creator/import/gnu/arm/5.4.1/bin/../lib/gcc/arm-none-eabi/5.4.1/../../../../arm-none-eabi/lib/armv6-m\libg_nano.a(lib_a-errno.o)
 .ARM.attributes
                0x00000564       0x2c c:/program files/cypress/psoc creator/4.2/psoc creator/import/gnu/arm/5.4.1/bin/../lib/gcc/arm-none-eabi/5.4.1/../../../../arm-none-eabi/lib/armv6-m\libg_nano.a(lib_a-exit.o)
 .ARM.attributes
                0x00000590       0x2c c:/program files/cypress/psoc creator/4.2/psoc creator/import/gnu/arm/5.4.1/bin/../lib/gcc/arm-none-eabi/5.4.1/../../../../arm-none-eabi/lib/armv6-m\libg_nano.a(lib_a-impure.o)
 .ARM.attributes
                0x000005bc       0x2c c:/program files/cypress/psoc creator/4.2/psoc creator/import/gnu/arm/5.4.1/bin/../lib/gcc/arm-none-eabi/5.4.1/../../../../arm-none-eabi/lib/armv6-m\libg_nano.a(lib_a-init.o)
 .ARM.attributes
                0x000005e8       0x2c c:/program files/cypress/psoc creator/4.2/psoc creator/import/gnu/arm/5.4.1/bin/../lib/gcc/arm-none-eabi/5.4.1/../../../../arm-none-eabi/lib/armv6-m\libg_nano.a(lib_a-memset.o)
 .ARM.attributes
                0x00000614       0x2c c:/program files/cypress/psoc creator/4.2/psoc creator/import/gnu/arm/5.4.1/bin/../lib/gcc/arm-none-eabi/5.4.1/armv6-m/crtend.o
 .ARM.attributes
                0x00000640       0x1e c:/program files/cypress/psoc creator/4.2/psoc creator/import/gnu/arm/5.4.1/bin/../lib/gcc/arm-none-eabi/5.4.1/armv6-m/crtn.o

/DISCARD/
 *(.note.GNU-stack)
OUTPUT(C:\Users\Student_2\Desktop\Micro\IDAC_lab\IDAC_lab.cydsn\CortexM0\ARM_GCC_541\Debug\IDAC_lab.elf elf32-littlearm)
