Archive member included to satisfy reference by file (symbol)

.\CortexM0\ARM_GCC_541\Debug\Timer_lab_Kunc.a(Timer_lol.o)
                              .\CortexM0\ARM_GCC_541\Debug\main.o (Timer_lol_Start)
.\CortexM0\ARM_GCC_541\Debug\Timer_lab_Kunc.a(isr_lol.o)
                              .\CortexM0\ARM_GCC_541\Debug\main.o (isr_lol_StartEx)
.\CortexM0\ARM_GCC_541\Debug\Timer_lab_Kunc.a(LCD_lol.o)
                              .\CortexM0\ARM_GCC_541\Debug\main.o (LCD_lol_PrintString)
.\CortexM0\ARM_GCC_541\Debug\Timer_lab_Kunc.a(CyLib.o)
                              .\CortexM0\ARM_GCC_541\Debug\cyfitter_cfg.o (CyIntEnable)
.\CortexM0\ARM_GCC_541\Debug\Timer_lab_Kunc.a(CyLFClk.o)
                              .\CortexM0\ARM_GCC_541\Debug\cyfitter_cfg.o (CySysWdtIsr)
.\CortexM0\ARM_GCC_541\Debug\Timer_lab_Kunc.a(CyBootAsmGnu.o)
                              .\CortexM0\ARM_GCC_541\Debug\Timer_lab_Kunc.a(CyLib.o) (CyDelayCycles)
c:/program files/cypress/psoc creator/4.2/psoc creator/import/gnu/arm/5.4.1/bin/../lib/gcc/arm-none-eabi/5.4.1/armv6-m\libgcc.a(_udivsi3.o)
                              .\CortexM0\ARM_GCC_541\Debug\Timer_lab_Kunc.a(LCD_lol.o) (__aeabi_uidiv)
c:/program files/cypress/psoc creator/4.2/psoc creator/import/gnu/arm/5.4.1/bin/../lib/gcc/arm-none-eabi/5.4.1/armv6-m\libgcc.a(_dvmd_tls.o)
                              c:/program files/cypress/psoc creator/4.2/psoc creator/import/gnu/arm/5.4.1/bin/../lib/gcc/arm-none-eabi/5.4.1/armv6-m\libgcc.a(_udivsi3.o) (__aeabi_idiv0)
c:/program files/cypress/psoc creator/4.2/psoc creator/import/gnu/arm/5.4.1/bin/../lib/gcc/arm-none-eabi/5.4.1/../../../../arm-none-eabi/lib/armv6-m\libg_nano.a(lib_a-errno.o)
                              .\CortexM0\ARM_GCC_541\Debug\Cm0Start.o (__errno)
c:/program files/cypress/psoc creator/4.2/psoc creator/import/gnu/arm/5.4.1/bin/../lib/gcc/arm-none-eabi/5.4.1/../../../../arm-none-eabi/lib/armv6-m\libg_nano.a(lib_a-exit.o)
                              c:/program files/cypress/psoc creator/4.2/psoc creator/import/gnu/arm/5.4.1/bin/../lib/gcc/arm-none-eabi/5.4.1/../../../../arm-none-eabi/lib/armv6-m/crt0.o (exit)
c:/program files/cypress/psoc creator/4.2/psoc creator/import/gnu/arm/5.4.1/bin/../lib/gcc/arm-none-eabi/5.4.1/../../../../arm-none-eabi/lib/armv6-m\libg_nano.a(lib_a-impure.o)
                              c:/program files/cypress/psoc creator/4.2/psoc creator/import/gnu/arm/5.4.1/bin/../lib/gcc/arm-none-eabi/5.4.1/../../../../arm-none-eabi/lib/armv6-m\libg_nano.a(lib_a-exit.o) (_global_impure_ptr)
c:/program files/cypress/psoc creator/4.2/psoc creator/import/gnu/arm/5.4.1/bin/../lib/gcc/arm-none-eabi/5.4.1/../../../../arm-none-eabi/lib/armv6-m\libg_nano.a(lib_a-init.o)
                              c:/program files/cypress/psoc creator/4.2/psoc creator/import/gnu/arm/5.4.1/bin/../lib/gcc/arm-none-eabi/5.4.1/../../../../arm-none-eabi/lib/armv6-m/crt0.o (__libc_init_array)
c:/program files/cypress/psoc creator/4.2/psoc creator/import/gnu/arm/5.4.1/bin/../lib/gcc/arm-none-eabi/5.4.1/../../../../arm-none-eabi/lib/armv6-m\libg_nano.a(lib_a-memset.o)
                              c:/program files/cypress/psoc creator/4.2/psoc creator/import/gnu/arm/5.4.1/bin/../lib/gcc/arm-none-eabi/5.4.1/../../../../arm-none-eabi/lib/armv6-m/crt0.o (memset)

Discarded input sections

 .text          0x00000000        0x0 c:/program files/cypress/psoc creator/4.2/psoc creator/import/gnu/arm/5.4.1/bin/../lib/gcc/arm-none-eabi/5.4.1/armv6-m/crti.o
 .data          0x00000000        0x0 c:/program files/cypress/psoc creator/4.2/psoc creator/import/gnu/arm/5.4.1/bin/../lib/gcc/arm-none-eabi/5.4.1/armv6-m/crti.o
 .bss           0x00000000        0x0 c:/program files/cypress/psoc creator/4.2/psoc creator/import/gnu/arm/5.4.1/bin/../lib/gcc/arm-none-eabi/5.4.1/armv6-m/crti.o
 .data          0x00000000        0x4 c:/program files/cypress/psoc creator/4.2/psoc creator/import/gnu/arm/5.4.1/bin/../lib/gcc/arm-none-eabi/5.4.1/armv6-m/crtbegin.o
 .text          0x00000000       0x78 c:/program files/cypress/psoc creator/4.2/psoc creator/import/gnu/arm/5.4.1/bin/../lib/gcc/arm-none-eabi/5.4.1/../../../../arm-none-eabi/lib/armv6-m/crt0.o
 .data          0x00000000        0x0 c:/program files/cypress/psoc creator/4.2/psoc creator/import/gnu/arm/5.4.1/bin/../lib/gcc/arm-none-eabi/5.4.1/../../../../arm-none-eabi/lib/armv6-m/crt0.o
 .bss           0x00000000        0x0 c:/program files/cypress/psoc creator/4.2/psoc creator/import/gnu/arm/5.4.1/bin/../lib/gcc/arm-none-eabi/5.4.1/../../../../arm-none-eabi/lib/armv6-m/crt0.o
 .ARM.extab     0x00000000        0x0 c:/program files/cypress/psoc creator/4.2/psoc creator/import/gnu/arm/5.4.1/bin/../lib/gcc/arm-none-eabi/5.4.1/../../../../arm-none-eabi/lib/armv6-m/crt0.o
 .ARM.exidx     0x00000000        0x8 c:/program files/cypress/psoc creator/4.2/psoc creator/import/gnu/arm/5.4.1/bin/../lib/gcc/arm-none-eabi/5.4.1/../../../../arm-none-eabi/lib/armv6-m/crt0.o
 .text          0x00000000        0x0 .\CortexM0\ARM_GCC_541\Debug\main.o
 .data          0x00000000        0x0 .\CortexM0\ARM_GCC_541\Debug\main.o
 .text          0x00000000        0x0 .\CortexM0\ARM_GCC_541\Debug\cyfitter_cfg.o
 .data          0x00000000        0x0 .\CortexM0\ARM_GCC_541\Debug\cyfitter_cfg.o
 .bss           0x00000000        0x0 .\CortexM0\ARM_GCC_541\Debug\cyfitter_cfg.o
 .text          0x00000000        0x0 .\CortexM0\ARM_GCC_541\Debug\cymetadata.o
 .data          0x00000000        0x0 .\CortexM0\ARM_GCC_541\Debug\cymetadata.o
 .bss           0x00000000        0x0 .\CortexM0\ARM_GCC_541\Debug\cymetadata.o
 .text          0x00000000        0x0 .\CortexM0\ARM_GCC_541\Debug\Cm0Start.o
 .data          0x00000000        0x4 .\CortexM0\ARM_GCC_541\Debug\Cm0Start.o
 .bss           0x00000000        0x0 .\CortexM0\ARM_GCC_541\Debug\Cm0Start.o
 .text._exit    0x00000000        0xc .\CortexM0\ARM_GCC_541\Debug\Cm0Start.o
 .text._sbrk    0x00000000       0x30 .\CortexM0\ARM_GCC_541\Debug\Cm0Start.o
 .text          0x00000000        0x0 .\CortexM0\ARM_GCC_541\Debug\Timer_lab_Kunc.a(Timer_lol.o)
 .data          0x00000000        0x0 .\CortexM0\ARM_GCC_541\Debug\Timer_lab_Kunc.a(Timer_lol.o)
 .text.Timer_lol_Stop
                0x00000000       0x10 .\CortexM0\ARM_GCC_541\Debug\Timer_lab_Kunc.a(Timer_lol.o)
 .text.Timer_lol_SoftwareCapture
                0x00000000        0xc .\CortexM0\ARM_GCC_541\Debug\Timer_lab_Kunc.a(Timer_lol.o)
 .text.Timer_lol_ReadControlRegister
                0x00000000        0xc .\CortexM0\ARM_GCC_541\Debug\Timer_lab_Kunc.a(Timer_lol.o)
 .text.Timer_lol_WriteControlRegister
                0x00000000        0xc .\CortexM0\ARM_GCC_541\Debug\Timer_lab_Kunc.a(Timer_lol.o)
 .text.Timer_lol_ReadPeriod
                0x00000000        0xc .\CortexM0\ARM_GCC_541\Debug\Timer_lab_Kunc.a(Timer_lol.o)
 .text.Timer_lol_ReadCounter
                0x00000000       0x14 .\CortexM0\ARM_GCC_541\Debug\Timer_lab_Kunc.a(Timer_lol.o)
 .text          0x00000000        0x0 .\CortexM0\ARM_GCC_541\Debug\Timer_lab_Kunc.a(isr_lol.o)
 .data          0x00000000        0x0 .\CortexM0\ARM_GCC_541\Debug\Timer_lab_Kunc.a(isr_lol.o)
 .bss           0x00000000        0x0 .\CortexM0\ARM_GCC_541\Debug\Timer_lab_Kunc.a(isr_lol.o)
 .text.isr_lol_Interrupt
                0x00000000        0x4 .\CortexM0\ARM_GCC_541\Debug\Timer_lab_Kunc.a(isr_lol.o)
 .text.isr_lol_GetVector
                0x00000000        0xc .\CortexM0\ARM_GCC_541\Debug\Timer_lab_Kunc.a(isr_lol.o)
 .text.isr_lol_GetPriority
                0x00000000       0x10 .\CortexM0\ARM_GCC_541\Debug\Timer_lab_Kunc.a(isr_lol.o)
 .text.isr_lol_GetState
                0x00000000       0x10 .\CortexM0\ARM_GCC_541\Debug\Timer_lab_Kunc.a(isr_lol.o)
 .text.isr_lol_Start
                0x00000000       0x1c .\CortexM0\ARM_GCC_541\Debug\Timer_lab_Kunc.a(isr_lol.o)
 .text.isr_lol_Stop
                0x00000000       0x14 .\CortexM0\ARM_GCC_541\Debug\Timer_lab_Kunc.a(isr_lol.o)
 .text.isr_lol_SetPending
                0x00000000        0xc .\CortexM0\ARM_GCC_541\Debug\Timer_lab_Kunc.a(isr_lol.o)
 .text.isr_lol_ClearPending
                0x00000000        0xc .\CortexM0\ARM_GCC_541\Debug\Timer_lab_Kunc.a(isr_lol.o)
 .text          0x00000000        0x0 .\CortexM0\ARM_GCC_541\Debug\Timer_lab_Kunc.a(LCD_lol.o)
 .data          0x00000000        0x0 .\CortexM0\ARM_GCC_541\Debug\Timer_lab_Kunc.a(LCD_lol.o)
 .bss           0x00000000        0x2 .\CortexM0\ARM_GCC_541\Debug\Timer_lab_Kunc.a(LCD_lol.o)
 .text.LCD_lol_PutChar
                0x00000000        0x8 .\CortexM0\ARM_GCC_541\Debug\Timer_lab_Kunc.a(LCD_lol.o)
 .text.LCD_lol_Enable
                0x00000000       0x14 .\CortexM0\ARM_GCC_541\Debug\Timer_lab_Kunc.a(LCD_lol.o)
 .text.LCD_lol_Start
                0x00000000       0x20 .\CortexM0\ARM_GCC_541\Debug\Timer_lab_Kunc.a(LCD_lol.o)
 .text.LCD_lol_Stop
                0x00000000       0x14 .\CortexM0\ARM_GCC_541\Debug\Timer_lab_Kunc.a(LCD_lol.o)
 .text.LCD_lol_PrintInt8
                0x00000000       0x20 .\CortexM0\ARM_GCC_541\Debug\Timer_lab_Kunc.a(LCD_lol.o)
 .text.LCD_lol_PrintInt16
                0x00000000       0x14 .\CortexM0\ARM_GCC_541\Debug\Timer_lab_Kunc.a(LCD_lol.o)
 .text.LCD_lol_PrintInt32
                0x00000000       0x1c .\CortexM0\ARM_GCC_541\Debug\Timer_lab_Kunc.a(LCD_lol.o)
 .rodata        0x00000000       0x10 .\CortexM0\ARM_GCC_541\Debug\Timer_lab_Kunc.a(LCD_lol.o)
 .text          0x00000000        0x0 .\CortexM0\ARM_GCC_541\Debug\Timer_lab_Kunc.a(CyLib.o)
 .bss           0x00000000       0x18 .\CortexM0\ARM_GCC_541\Debug\Timer_lab_Kunc.a(CyLib.o)
 .text.CySysClkImoStart
                0x00000000       0x14 .\CortexM0\ARM_GCC_541\Debug\Timer_lab_Kunc.a(CyLib.o)
 .text.CySysClkImoStop
                0x00000000       0x10 .\CortexM0\ARM_GCC_541\Debug\Timer_lab_Kunc.a(CyLib.o)
 .text.CySysClkWriteHfclkDirect
                0x00000000       0x20 .\CortexM0\ARM_GCC_541\Debug\Timer_lab_Kunc.a(CyLib.o)
 .text.CySysEnablePumpClock
                0x00000000       0x38 .\CortexM0\ARM_GCC_541\Debug\Timer_lab_Kunc.a(CyLib.o)
 .text.CySysClkGetSysclkSource
                0x00000000       0x1c .\CortexM0\ARM_GCC_541\Debug\Timer_lab_Kunc.a(CyLib.o)
 .text.CySysClkWriteSysclkDiv
                0x00000000       0x30 .\CortexM0\ARM_GCC_541\Debug\Timer_lab_Kunc.a(CyLib.o)
 .text.CySysLvdDisable
                0x00000000       0x20 .\CortexM0\ARM_GCC_541\Debug\Timer_lab_Kunc.a(CyLib.o)
 .text.CySysLvdGetInterruptSource
                0x00000000       0x10 .\CortexM0\ARM_GCC_541\Debug\Timer_lab_Kunc.a(CyLib.o)
 .text.CySysLvdClearInterrupt
                0x00000000        0xc .\CortexM0\ARM_GCC_541\Debug\Timer_lab_Kunc.a(CyLib.o)
 .text.CySysGetResetReason
                0x00000000       0x14 .\CortexM0\ARM_GCC_541\Debug\Timer_lab_Kunc.a(CyLib.o)
 .text.CyDisableInts
                0x00000000       0x10 .\CortexM0\ARM_GCC_541\Debug\Timer_lab_Kunc.a(CyLib.o)
 .text.CyEnableInts
                0x00000000        0xc .\CortexM0\ARM_GCC_541\Debug\Timer_lab_Kunc.a(CyLib.o)
 .text.CyIntGetState
                0x00000000       0x18 .\CortexM0\ARM_GCC_541\Debug\Timer_lab_Kunc.a(CyLib.o)
 .text.CyIntDisable
                0x00000000       0x14 .\CortexM0\ARM_GCC_541\Debug\Timer_lab_Kunc.a(CyLib.o)
 .text.CyIntSetPending
                0x00000000       0x14 .\CortexM0\ARM_GCC_541\Debug\Timer_lab_Kunc.a(CyLib.o)
 .text.CyIntClearPending
                0x00000000       0x14 .\CortexM0\ARM_GCC_541\Debug\Timer_lab_Kunc.a(CyLib.o)
 .text.CyIntSetSysVector
                0x00000000       0x20 .\CortexM0\ARM_GCC_541\Debug\Timer_lab_Kunc.a(CyLib.o)
 .text.CyIntGetSysVector
                0x00000000       0x1c .\CortexM0\ARM_GCC_541\Debug\Timer_lab_Kunc.a(CyLib.o)
 .text.CyIntGetVector
                0x00000000       0x20 .\CortexM0\ARM_GCC_541\Debug\Timer_lab_Kunc.a(CyLib.o)
 .text.CyIntSetPriority
                0x00000000       0x4c .\CortexM0\ARM_GCC_541\Debug\Timer_lab_Kunc.a(CyLib.o)
 .text.CyIntGetPriority
                0x00000000       0x2c .\CortexM0\ARM_GCC_541\Debug\Timer_lab_Kunc.a(CyLib.o)
 .text.CySoftwareReset
                0x00000000       0x18 .\CortexM0\ARM_GCC_541\Debug\Timer_lab_Kunc.a(CyLib.o)
 .text.CySysLvdEnable
                0x00000000       0x44 .\CortexM0\ARM_GCC_541\Debug\Timer_lab_Kunc.a(CyLib.o)
 .text.CyDelayFreq
                0x00000000       0x4c .\CortexM0\ARM_GCC_541\Debug\Timer_lab_Kunc.a(CyLib.o)
 .text.CySysTickStop
                0x00000000       0x10 .\CortexM0\ARM_GCC_541\Debug\Timer_lab_Kunc.a(CyLib.o)
 .text.CySysTickEnableInterrupt
                0x00000000       0x10 .\CortexM0\ARM_GCC_541\Debug\Timer_lab_Kunc.a(CyLib.o)
 .text.CySysTickEnable
                0x00000000       0x18 .\CortexM0\ARM_GCC_541\Debug\Timer_lab_Kunc.a(CyLib.o)
 .text.CySysTickDisableInterrupt
                0x00000000       0x10 .\CortexM0\ARM_GCC_541\Debug\Timer_lab_Kunc.a(CyLib.o)
 .text.CySysTickSetReload
                0x00000000       0x10 .\CortexM0\ARM_GCC_541\Debug\Timer_lab_Kunc.a(CyLib.o)
 .text.CySysTickGetReload
                0x00000000       0x10 .\CortexM0\ARM_GCC_541\Debug\Timer_lab_Kunc.a(CyLib.o)
 .text.CySysTickGetValue
                0x00000000       0x10 .\CortexM0\ARM_GCC_541\Debug\Timer_lab_Kunc.a(CyLib.o)
 .text.CySysTickGetCountFlag
                0x00000000       0x10 .\CortexM0\ARM_GCC_541\Debug\Timer_lab_Kunc.a(CyLib.o)
 .text.CySysTickServiceCallbacks
                0x00000000       0x28 .\CortexM0\ARM_GCC_541\Debug\Timer_lab_Kunc.a(CyLib.o)
 .text.CySysTickClear
                0x00000000        0xc .\CortexM0\ARM_GCC_541\Debug\Timer_lab_Kunc.a(CyLib.o)
 .text.CySysTickInit
                0x00000000       0x40 .\CortexM0\ARM_GCC_541\Debug\Timer_lab_Kunc.a(CyLib.o)
 .text.CySysTickStart
                0x00000000       0x20 .\CortexM0\ARM_GCC_541\Debug\Timer_lab_Kunc.a(CyLib.o)
 .text.CySysTickSetCallback
                0x00000000       0x10 .\CortexM0\ARM_GCC_541\Debug\Timer_lab_Kunc.a(CyLib.o)
 .text.CySysTickGetCallback
                0x00000000        0xc .\CortexM0\ARM_GCC_541\Debug\Timer_lab_Kunc.a(CyLib.o)
 .text.CyGetUniqueId
                0x00000000       0x70 .\CortexM0\ARM_GCC_541\Debug\Timer_lab_Kunc.a(CyLib.o)
 .text          0x00000000        0x0 .\CortexM0\ARM_GCC_541\Debug\Timer_lab_Kunc.a(CyLFClk.o)
 .text.CySysClkIloEnabled
                0x00000000       0x14 .\CortexM0\ARM_GCC_541\Debug\Timer_lab_Kunc.a(CyLFClk.o)
 .text.CySysClkIloStart
                0x00000000       0x14 .\CortexM0\ARM_GCC_541\Debug\Timer_lab_Kunc.a(CyLFClk.o)
 .text.CySysClkIloStartMeasurement
                0x00000000       0x34 .\CortexM0\ARM_GCC_541\Debug\Timer_lab_Kunc.a(CyLFClk.o)
 .text.CySysClkIloStopMeasurement
                0x00000000       0x14 .\CortexM0\ARM_GCC_541\Debug\Timer_lab_Kunc.a(CyLFClk.o)
 .text.CySysClkIloCompensate
                0x00000000      0x104 .\CortexM0\ARM_GCC_541\Debug\Timer_lab_Kunc.a(CyLFClk.o)
 .text.CySysWdtGetEnabledStatus
                0x00000000       0x24 .\CortexM0\ARM_GCC_541\Debug\Timer_lab_Kunc.a(CyLFClk.o)
 .text.CySysWdtSetMode
                0x00000000       0x38 .\CortexM0\ARM_GCC_541\Debug\Timer_lab_Kunc.a(CyLFClk.o)
 .text.CySysClkLfclkPosedgeRestore
                0x00000000       0x2c .\CortexM0\ARM_GCC_541\Debug\Timer_lab_Kunc.a(CyLFClk.o)
 .text.CySysWdtGetMode
                0x00000000       0x14 .\CortexM0\ARM_GCC_541\Debug\Timer_lab_Kunc.a(CyLFClk.o)
 .text.CySysWdtSetClearOnMatch
                0x00000000       0x34 .\CortexM0\ARM_GCC_541\Debug\Timer_lab_Kunc.a(CyLFClk.o)
 .text.CySysWdtGetClearOnMatch
                0x00000000       0x24 .\CortexM0\ARM_GCC_541\Debug\Timer_lab_Kunc.a(CyLFClk.o)
 .text.CySysWdtEnable
                0x00000000       0x40 .\CortexM0\ARM_GCC_541\Debug\Timer_lab_Kunc.a(CyLFClk.o)
 .text.CySysWdtDisable
                0x00000000       0x44 .\CortexM0\ARM_GCC_541\Debug\Timer_lab_Kunc.a(CyLFClk.o)
 .text.CySysWdtSetCascade
                0x00000000       0x34 .\CortexM0\ARM_GCC_541\Debug\Timer_lab_Kunc.a(CyLFClk.o)
 .text.CySysWdtGetCascade
                0x00000000       0x14 .\CortexM0\ARM_GCC_541\Debug\Timer_lab_Kunc.a(CyLFClk.o)
 .text.CySysWdtSetMatch
                0x00000000       0x38 .\CortexM0\ARM_GCC_541\Debug\Timer_lab_Kunc.a(CyLFClk.o)
 .text.CySysWdtSetToggleBit
                0x00000000       0x30 .\CortexM0\ARM_GCC_541\Debug\Timer_lab_Kunc.a(CyLFClk.o)
 .text.CySysWdtGetToggleBit
                0x00000000       0x10 .\CortexM0\ARM_GCC_541\Debug\Timer_lab_Kunc.a(CyLFClk.o)
 .text.CySysWdtGetMatch
                0x00000000       0x20 .\CortexM0\ARM_GCC_541\Debug\Timer_lab_Kunc.a(CyLFClk.o)
 .text.CySysWdtGetCount
                0x00000000       0x3c .\CortexM0\ARM_GCC_541\Debug\Timer_lab_Kunc.a(CyLFClk.o)
 .text.CySysClkLfclkPosedgeCatch
                0x00000000       0x74 .\CortexM0\ARM_GCC_541\Debug\Timer_lab_Kunc.a(CyLFClk.o)
 .text.CySysClkIloStop
                0x00000000       0x38 .\CortexM0\ARM_GCC_541\Debug\Timer_lab_Kunc.a(CyLFClk.o)
 .text.CySysWdtGetInterruptSource
                0x00000000       0x14 .\CortexM0\ARM_GCC_541\Debug\Timer_lab_Kunc.a(CyLFClk.o)
 .text.CySysWdtResetCounters
                0x00000000       0x20 .\CortexM0\ARM_GCC_541\Debug\Timer_lab_Kunc.a(CyLFClk.o)
 .text.CySysWdtSetInterruptCallback
                0x00000000       0x20 .\CortexM0\ARM_GCC_541\Debug\Timer_lab_Kunc.a(CyLFClk.o)
 .text.CySysWdtGetInterruptCallback
                0x00000000       0x20 .\CortexM0\ARM_GCC_541\Debug\Timer_lab_Kunc.a(CyLFClk.o)
 .text.CySysWdtEnableCounterIsr
                0x00000000       0x34 .\CortexM0\ARM_GCC_541\Debug\Timer_lab_Kunc.a(CyLFClk.o)
 .text.CySysWdtDisableCounterIsr
                0x00000000       0x28 .\CortexM0\ARM_GCC_541\Debug\Timer_lab_Kunc.a(CyLFClk.o)
 .text.CySysWatchdogFeed
                0x00000000       0x60 .\CortexM0\ARM_GCC_541\Debug\Timer_lab_Kunc.a(CyLFClk.o)
 .text.CySysTimerDelayUntilMatch
                0x00000000       0x6c .\CortexM0\ARM_GCC_541\Debug\Timer_lab_Kunc.a(CyLFClk.o)
 .text.CySysTimerDelay
                0x00000000       0x3c .\CortexM0\ARM_GCC_541\Debug\Timer_lab_Kunc.a(CyLFClk.o)
 .rodata        0x00000000        0xc .\CortexM0\ARM_GCC_541\Debug\Timer_lab_Kunc.a(CyLFClk.o)
 .data          0x00000000        0x0 .\CortexM0\ARM_GCC_541\Debug\Timer_lab_Kunc.a(CyBootAsmGnu.o)
 .bss           0x00000000        0x0 .\CortexM0\ARM_GCC_541\Debug\Timer_lab_Kunc.a(CyBootAsmGnu.o)
 .data          0x00000000        0x0 c:/program files/cypress/psoc creator/4.2/psoc creator/import/gnu/arm/5.4.1/bin/../lib/gcc/arm-none-eabi/5.4.1/armv6-m\libgcc.a(_udivsi3.o)
 .bss           0x00000000        0x0 c:/program files/cypress/psoc creator/4.2/psoc creator/import/gnu/arm/5.4.1/bin/../lib/gcc/arm-none-eabi/5.4.1/armv6-m\libgcc.a(_udivsi3.o)
 .data          0x00000000        0x0 c:/program files/cypress/psoc creator/4.2/psoc creator/import/gnu/arm/5.4.1/bin/../lib/gcc/arm-none-eabi/5.4.1/armv6-m\libgcc.a(_dvmd_tls.o)
 .bss           0x00000000        0x0 c:/program files/cypress/psoc creator/4.2/psoc creator/import/gnu/arm/5.4.1/bin/../lib/gcc/arm-none-eabi/5.4.1/armv6-m\libgcc.a(_dvmd_tls.o)
 .text          0x00000000        0x0 c:/program files/cypress/psoc creator/4.2/psoc creator/import/gnu/arm/5.4.1/bin/../lib/gcc/arm-none-eabi/5.4.1/../../../../arm-none-eabi/lib/armv6-m\libg_nano.a(lib_a-errno.o)
 .data          0x00000000        0x0 c:/program files/cypress/psoc creator/4.2/psoc creator/import/gnu/arm/5.4.1/bin/../lib/gcc/arm-none-eabi/5.4.1/../../../../arm-none-eabi/lib/armv6-m\libg_nano.a(lib_a-errno.o)
 .bss           0x00000000        0x0 c:/program files/cypress/psoc creator/4.2/psoc creator/import/gnu/arm/5.4.1/bin/../lib/gcc/arm-none-eabi/5.4.1/../../../../arm-none-eabi/lib/armv6-m\libg_nano.a(lib_a-errno.o)
 .text          0x00000000        0x0 c:/program files/cypress/psoc creator/4.2/psoc creator/import/gnu/arm/5.4.1/bin/../lib/gcc/arm-none-eabi/5.4.1/../../../../arm-none-eabi/lib/armv6-m\libg_nano.a(lib_a-exit.o)
 .data          0x00000000        0x0 c:/program files/cypress/psoc creator/4.2/psoc creator/import/gnu/arm/5.4.1/bin/../lib/gcc/arm-none-eabi/5.4.1/../../../../arm-none-eabi/lib/armv6-m\libg_nano.a(lib_a-exit.o)
 .bss           0x00000000        0x0 c:/program files/cypress/psoc creator/4.2/psoc creator/import/gnu/arm/5.4.1/bin/../lib/gcc/arm-none-eabi/5.4.1/../../../../arm-none-eabi/lib/armv6-m\libg_nano.a(lib_a-exit.o)
 .text.exit     0x00000000       0x2c c:/program files/cypress/psoc creator/4.2/psoc creator/import/gnu/arm/5.4.1/bin/../lib/gcc/arm-none-eabi/5.4.1/../../../../arm-none-eabi/lib/armv6-m\libg_nano.a(lib_a-exit.o)
 .text          0x00000000        0x0 c:/program files/cypress/psoc creator/4.2/psoc creator/import/gnu/arm/5.4.1/bin/../lib/gcc/arm-none-eabi/5.4.1/../../../../arm-none-eabi/lib/armv6-m\libg_nano.a(lib_a-impure.o)
 .data          0x00000000        0x0 c:/program files/cypress/psoc creator/4.2/psoc creator/import/gnu/arm/5.4.1/bin/../lib/gcc/arm-none-eabi/5.4.1/../../../../arm-none-eabi/lib/armv6-m\libg_nano.a(lib_a-impure.o)
 .bss           0x00000000        0x0 c:/program files/cypress/psoc creator/4.2/psoc creator/import/gnu/arm/5.4.1/bin/../lib/gcc/arm-none-eabi/5.4.1/../../../../arm-none-eabi/lib/armv6-m\libg_nano.a(lib_a-impure.o)
 .rodata._global_impure_ptr
                0x00000000        0x4 c:/program files/cypress/psoc creator/4.2/psoc creator/import/gnu/arm/5.4.1/bin/../lib/gcc/arm-none-eabi/5.4.1/../../../../arm-none-eabi/lib/armv6-m\libg_nano.a(lib_a-impure.o)
 .text          0x00000000        0x0 c:/program files/cypress/psoc creator/4.2/psoc creator/import/gnu/arm/5.4.1/bin/../lib/gcc/arm-none-eabi/5.4.1/../../../../arm-none-eabi/lib/armv6-m\libg_nano.a(lib_a-init.o)
 .data          0x00000000        0x0 c:/program files/cypress/psoc creator/4.2/psoc creator/import/gnu/arm/5.4.1/bin/../lib/gcc/arm-none-eabi/5.4.1/../../../../arm-none-eabi/lib/armv6-m\libg_nano.a(lib_a-init.o)
 .bss           0x00000000        0x0 c:/program files/cypress/psoc creator/4.2/psoc creator/import/gnu/arm/5.4.1/bin/../lib/gcc/arm-none-eabi/5.4.1/../../../../arm-none-eabi/lib/armv6-m\libg_nano.a(lib_a-init.o)
 .text          0x00000000        0x0 c:/program files/cypress/psoc creator/4.2/psoc creator/import/gnu/arm/5.4.1/bin/../lib/gcc/arm-none-eabi/5.4.1/../../../../arm-none-eabi/lib/armv6-m\libg_nano.a(lib_a-memset.o)
 .data          0x00000000        0x0 c:/program files/cypress/psoc creator/4.2/psoc creator/import/gnu/arm/5.4.1/bin/../lib/gcc/arm-none-eabi/5.4.1/../../../../arm-none-eabi/lib/armv6-m\libg_nano.a(lib_a-memset.o)
 .bss           0x00000000        0x0 c:/program files/cypress/psoc creator/4.2/psoc creator/import/gnu/arm/5.4.1/bin/../lib/gcc/arm-none-eabi/5.4.1/../../../../arm-none-eabi/lib/armv6-m\libg_nano.a(lib_a-memset.o)
 .text          0x00000000        0x0 c:/program files/cypress/psoc creator/4.2/psoc creator/import/gnu/arm/5.4.1/bin/../lib/gcc/arm-none-eabi/5.4.1/armv6-m/crtend.o
 .data          0x00000000        0x0 c:/program files/cypress/psoc creator/4.2/psoc creator/import/gnu/arm/5.4.1/bin/../lib/gcc/arm-none-eabi/5.4.1/armv6-m/crtend.o
 .bss           0x00000000        0x0 c:/program files/cypress/psoc creator/4.2/psoc creator/import/gnu/arm/5.4.1/bin/../lib/gcc/arm-none-eabi/5.4.1/armv6-m/crtend.o
 .text          0x00000000        0x0 c:/program files/cypress/psoc creator/4.2/psoc creator/import/gnu/arm/5.4.1/bin/../lib/gcc/arm-none-eabi/5.4.1/armv6-m/crtn.o
 .data          0x00000000        0x0 c:/program files/cypress/psoc creator/4.2/psoc creator/import/gnu/arm/5.4.1/bin/../lib/gcc/arm-none-eabi/5.4.1/armv6-m/crtn.o
 .bss           0x00000000        0x0 c:/program files/cypress/psoc creator/4.2/psoc creator/import/gnu/arm/5.4.1/bin/../lib/gcc/arm-none-eabi/5.4.1/armv6-m/crtn.o

Memory Configuration

Name             Origin             Length             Attributes
rom              0x00000000         0x00008000         xr
ram              0x20000000         0x00001000         xrw
*default*        0x00000000         0xffffffff

Linker script and memory map

LOAD c:/program files/cypress/psoc creator/4.2/psoc creator/import/gnu/arm/5.4.1/bin/../lib/gcc/arm-none-eabi/5.4.1/armv6-m/crti.o
LOAD c:/program files/cypress/psoc creator/4.2/psoc creator/import/gnu/arm/5.4.1/bin/../lib/gcc/arm-none-eabi/5.4.1/armv6-m/crtbegin.o
LOAD c:/program files/cypress/psoc creator/4.2/psoc creator/import/gnu/arm/5.4.1/bin/../lib/gcc/arm-none-eabi/5.4.1/../../../../arm-none-eabi/lib/armv6-m/crt0.o
START GROUP
LOAD .\CortexM0\ARM_GCC_541\Debug\main.o
LOAD .\CortexM0\ARM_GCC_541\Debug\cyfitter_cfg.o
LOAD .\CortexM0\ARM_GCC_541\Debug\cymetadata.o
LOAD .\CortexM0\ARM_GCC_541\Debug\Cm0Start.o
LOAD .\CortexM0\ARM_GCC_541\Debug\Timer_lab_Kunc.a
END GROUP
START GROUP
LOAD c:/program files/cypress/psoc creator/4.2/psoc creator/import/gnu/arm/5.4.1/bin/../lib/gcc/arm-none-eabi/5.4.1/armv6-m\libgcc.a
LOAD c:/program files/cypress/psoc creator/4.2/psoc creator/import/gnu/arm/5.4.1/bin/../lib/gcc/arm-none-eabi/5.4.1/../../../../arm-none-eabi/lib/armv6-m\libg_nano.a
LOAD c:/program files/cypress/psoc creator/4.2/psoc creator/import/gnu/arm/5.4.1/bin/../lib/gcc/arm-none-eabi/5.4.1/../../../../arm-none-eabi/lib/armv6-m\libc_nano.a
END GROUP
START GROUP
LOAD c:/program files/cypress/psoc creator/4.2/psoc creator/import/gnu/arm/5.4.1/bin/../lib/gcc/arm-none-eabi/5.4.1/armv6-m\libgcc.a
LOAD c:/program files/cypress/psoc creator/4.2/psoc creator/import/gnu/arm/5.4.1/bin/../lib/gcc/arm-none-eabi/5.4.1/../../../../arm-none-eabi/lib/armv6-m\libc_nano.a
END GROUP
LOAD c:/program files/cypress/psoc creator/4.2/psoc creator/import/gnu/arm/5.4.1/bin/../lib/gcc/arm-none-eabi/5.4.1/armv6-m/crtend.o
LOAD c:/program files/cypress/psoc creator/4.2/psoc creator/import/gnu/arm/5.4.1/bin/../lib/gcc/arm-none-eabi/5.4.1/armv6-m/crtn.o
START GROUP
LOAD c:/program files/cypress/psoc creator/4.2/psoc creator/import/gnu/arm/5.4.1/bin/../lib/gcc/arm-none-eabi/5.4.1/armv6-m\libgcc.a
LOAD c:/program files/cypress/psoc creator/4.2/psoc creator/import/gnu/arm/5.4.1/bin/../lib/gcc/arm-none-eabi/5.4.1/../../../../arm-none-eabi/lib/armv6-m\libc.a
LOAD c:/program files/cypress/psoc creator/4.2/psoc creator/import/gnu/arm/5.4.1/bin/../lib/gcc/arm-none-eabi/5.4.1/../../../../arm-none-eabi/lib/armv6-m\libnosys.a
END GROUP
                0x00000000                CY_APPL_ORIGIN = 0x0
                0x00000080                CY_FLASH_ROW_SIZE = 0x80
                0x00000001                CY_APPL_NUM = 0x1
                0x00000001                CY_APPL_MAX = 0x1
                0x00000040                CY_METADATA_SIZE = 0x40
                0x00000000                CY_APPL_LOADABLE = 0x0
                0x00000000                CY_CHECKSUM_EXCLUDE_SIZE = ALIGN (0x0, CY_FLASH_ROW_SIZE)
                0x00000000                CY_APP_FOR_STACK_AND_COPIER = 0x0
                [!provide]                PROVIDE (__cy_heap_start, _end)
                0x00000001                PROVIDE (__cy_region_num, ((__cy_regions_end - __cy_regions) / 0x10))
                0x20001000                PROVIDE (__cy_stack, (ORIGIN (ram) + LENGTH (ram)))
                [!provide]                PROVIDE (__cy_heap_end, (__cy_stack - 0x400))

.cybootloader   0x00000000        0x0
 *(.cybootloader)
                0x00000000                appl1_start = CY_APPL_ORIGIN?CY_APPL_ORIGIN:ALIGN (CY_FLASH_ROW_SIZE)
                0x00003f80                appl2_start = (appl1_start + ALIGN ((((LENGTH (rom) - appl1_start) - (0x2 * CY_FLASH_ROW_SIZE)) / 0x2), CY_FLASH_ROW_SIZE))
                0x00000000                appl_start = (CY_APPL_NUM == 0x1)?appl1_start:appl2_start
                0x00000001                cy_project_type_bootloader = (appl_start == 0x0)?0x1:0x0
                0x00000000                cy_project_type_app_for_stack_and_copier = (CY_APP_FOR_STACK_AND_COPIER == 0x1)?0x1:0x0

.text           0x00000000      0xb44
 CREATE_OBJECT_SYMBOLS
                0x00000000                PROVIDE (__cy_interrupt_vector, RomVectors)
 *(.romvectors)
 .romvectors    0x00000000       0x10 .\CortexM0\ARM_GCC_541\Debug\Cm0Start.o
                0x00000000                RomVectors
                0x00000001                ASSERT ((. != __cy_interrupt_vector), No interrupt vector)
                0x00000001                ASSERT (CY_APPL_ORIGIN?(SIZEOF (.cybootloader) <= CY_APPL_ORIGIN):0x1, Wrong image location)
                0x00000010                PROVIDE (__cy_reset, Reset)
 *(.text.Reset)
 .text.Reset    0x00000010        0x8 .\CortexM0\ARM_GCC_541\Debug\Cm0Start.o
                0x00000010                Reset
                0x00000001                ASSERT ((. != __cy_reset), No reset code)
 *(.psocinit)
 .psocinit      0x00000018      0x148 .\CortexM0\ARM_GCC_541\Debug\cyfitter_cfg.o
                0x0000009c                cyfitter_cfg
                0x00000160                . = MAX (., 0x100)
 *(.text .text.* .gnu.linkonce.t.*)
 .text          0x00000160       0x60 c:/program files/cypress/psoc creator/4.2/psoc creator/import/gnu/arm/5.4.1/bin/../lib/gcc/arm-none-eabi/5.4.1/armv6-m/crtbegin.o
 .text.MyInterrupt
                0x000001c0       0x20 .\CortexM0\ARM_GCC_541\Debug\main.o
                0x000001c0                MyInterrupt
 .text.main     0x000001e0       0x2c .\CortexM0\ARM_GCC_541\Debug\main.o
                0x000001e0                main
 .text.cfg_write_bytes32
                0x0000020c       0x34 .\CortexM0\ARM_GCC_541\Debug\cyfitter_cfg.o
 .text.CYMEMZERO
                0x00000240        0xc .\CortexM0\ARM_GCC_541\Debug\cyfitter_cfg.o
 .text.IntDefaultHandler
                0x0000024c       0x10 .\CortexM0\ARM_GCC_541\Debug\Cm0Start.o
                0x0000024c                IntDefaultHandler
 .text.Start_c  0x0000025c       0x48 .\CortexM0\ARM_GCC_541\Debug\Cm0Start.o
                0x0000025c                Start_c
 .text.initialize_psoc
                0x000002a4       0x40 .\CortexM0\ARM_GCC_541\Debug\Cm0Start.o
                0x000002a4                initialize_psoc
 .text.Timer_lol_Enable
                0x000002e4       0x14 .\CortexM0\ARM_GCC_541\Debug\Timer_lab_Kunc.a(Timer_lol.o)
                0x000002e4                Timer_lol_Enable
 .text.Timer_lol_SetInterruptMode
                0x000002f8        0xc .\CortexM0\ARM_GCC_541\Debug\Timer_lab_Kunc.a(Timer_lol.o)
                0x000002f8                Timer_lol_SetInterruptMode
 .text.Timer_lol_ReadStatusRegister
                0x00000304        0xc .\CortexM0\ARM_GCC_541\Debug\Timer_lab_Kunc.a(Timer_lol.o)
                0x00000304                Timer_lol_ReadStatusRegister
 .text.Timer_lol_WritePeriod
                0x00000310        0xc .\CortexM0\ARM_GCC_541\Debug\Timer_lab_Kunc.a(Timer_lol.o)
                0x00000310                Timer_lol_WritePeriod
 .text.Timer_lol_ReadCapture
                0x0000031c        0xc .\CortexM0\ARM_GCC_541\Debug\Timer_lab_Kunc.a(Timer_lol.o)
                0x0000031c                Timer_lol_ReadCapture
 .text.Timer_lol_WriteCounter
                0x00000328        0xc .\CortexM0\ARM_GCC_541\Debug\Timer_lab_Kunc.a(Timer_lol.o)
                0x00000328                Timer_lol_WriteCounter
 .text.Timer_lol_ClearFIFO
                0x00000334       0x14 .\CortexM0\ARM_GCC_541\Debug\Timer_lab_Kunc.a(Timer_lol.o)
                0x00000334                Timer_lol_ClearFIFO
 .text.Timer_lol_Init
                0x00000348       0x34 .\CortexM0\ARM_GCC_541\Debug\Timer_lab_Kunc.a(Timer_lol.o)
                0x00000348                Timer_lol_Init
 .text.Timer_lol_Start
                0x0000037c       0x20 .\CortexM0\ARM_GCC_541\Debug\Timer_lab_Kunc.a(Timer_lol.o)
                0x0000037c                Timer_lol_Start
 .text.isr_lol_SetVector
                0x0000039c        0xc .\CortexM0\ARM_GCC_541\Debug\Timer_lab_Kunc.a(isr_lol.o)
                0x0000039c                isr_lol_SetVector
 .text.isr_lol_SetPriority
                0x000003a8       0x20 .\CortexM0\ARM_GCC_541\Debug\Timer_lab_Kunc.a(isr_lol.o)
                0x000003a8                isr_lol_SetPriority
 .text.isr_lol_Enable
                0x000003c8        0xc .\CortexM0\ARM_GCC_541\Debug\Timer_lab_Kunc.a(isr_lol.o)
                0x000003c8                isr_lol_Enable
 .text.isr_lol_Disable
                0x000003d4        0xc .\CortexM0\ARM_GCC_541\Debug\Timer_lab_Kunc.a(isr_lol.o)
                0x000003d4                isr_lol_Disable
 .text.isr_lol_StartEx
                0x000003e0       0x1c .\CortexM0\ARM_GCC_541\Debug\Timer_lab_Kunc.a(isr_lol.o)
                0x000003e0                isr_lol_StartEx
 .text.LCD_lol_WrCntrlNib
                0x000003fc       0x34 .\CortexM0\ARM_GCC_541\Debug\Timer_lab_Kunc.a(LCD_lol.o)
 .text.LCD_lol_WrDatNib
                0x00000430       0x44 .\CortexM0\ARM_GCC_541\Debug\Timer_lab_Kunc.a(LCD_lol.o)
 .text.LCD_lol_IsReady
                0x00000474       0xb4 .\CortexM0\ARM_GCC_541\Debug\Timer_lab_Kunc.a(LCD_lol.o)
                0x00000474                LCD_lol_IsReady
 .text.LCD_lol_WriteData
                0x00000528       0x18 .\CortexM0\ARM_GCC_541\Debug\Timer_lab_Kunc.a(LCD_lol.o)
                0x00000528                LCD_lol_WriteData
 .text.LCD_lol_PrintString
                0x00000540       0x1c .\CortexM0\ARM_GCC_541\Debug\Timer_lab_Kunc.a(LCD_lol.o)
                0x00000540                LCD_lol_PrintString
 .text.LCD_lol_WriteControl
                0x0000055c       0x18 .\CortexM0\ARM_GCC_541\Debug\Timer_lab_Kunc.a(LCD_lol.o)
                0x0000055c                LCD_lol_WriteControl
 .text.LCD_lol_Init
                0x00000574       0x6c .\CortexM0\ARM_GCC_541\Debug\Timer_lab_Kunc.a(LCD_lol.o)
                0x00000574                LCD_lol_Init
 .text.LCD_lol_Position
                0x000005e0       0x3c .\CortexM0\ARM_GCC_541\Debug\Timer_lab_Kunc.a(LCD_lol.o)
                0x000005e0                LCD_lol_Position
 .text.LCD_lol_PrintU32Number
                0x0000061c       0x4c .\CortexM0\ARM_GCC_541\Debug\Timer_lab_Kunc.a(LCD_lol.o)
                0x0000061c                LCD_lol_PrintU32Number
 .text.CyIntEnable
                0x00000668       0x14 .\CortexM0\ARM_GCC_541\Debug\Timer_lab_Kunc.a(CyLib.o)
                0x00000668                CyIntEnable
 .text.CyHalt   0x0000067c        0x4 .\CortexM0\ARM_GCC_541\Debug\Timer_lab_Kunc.a(CyLib.o)
                0x0000067c                CyHalt
 .text.CyIntSetVector
                0x00000680       0x24 .\CortexM0\ARM_GCC_541\Debug\Timer_lab_Kunc.a(CyLib.o)
                0x00000680                CyIntSetVector
 .text.CyDelay  0x000006a4       0x30 .\CortexM0\ARM_GCC_541\Debug\Timer_lab_Kunc.a(CyLib.o)
                0x000006a4                CyDelay
 .text.CyDelayUs
                0x000006d4       0x14 .\CortexM0\ARM_GCC_541\Debug\Timer_lab_Kunc.a(CyLib.o)
                0x000006d4                CyDelayUs
 .text.CySysClkWriteImoFreq
                0x000006e8      0x164 .\CortexM0\ARM_GCC_541\Debug\Timer_lab_Kunc.a(CyLib.o)
                0x000006e8                CySysClkWriteImoFreq
 .text.CySysWdtLocked
                0x0000084c       0x14 .\CortexM0\ARM_GCC_541\Debug\Timer_lab_Kunc.a(CyLFClk.o)
 .text.CySysWdtLock
                0x00000860       0x1c .\CortexM0\ARM_GCC_541\Debug\Timer_lab_Kunc.a(CyLFClk.o)
                0x00000860                CySysWdtLock
 .text.CySysWdtUnlock
                0x0000087c       0x30 .\CortexM0\ARM_GCC_541\Debug\Timer_lab_Kunc.a(CyLFClk.o)
                0x0000087c                CySysWdtUnlock
 .text.CySysWdtClearInterrupt
                0x000008ac       0x4c .\CortexM0\ARM_GCC_541\Debug\Timer_lab_Kunc.a(CyLFClk.o)
                0x000008ac                CySysWdtClearInterrupt
 .text.CySysWdtIsr
                0x000008f8       0xa4 .\CortexM0\ARM_GCC_541\Debug\Timer_lab_Kunc.a(CyLFClk.o)
                0x000008f8                CySysWdtIsr
 *fill*         0x0000099c        0x4 
 .text          0x000009a0       0x24 .\CortexM0\ARM_GCC_541\Debug\Timer_lab_Kunc.a(CyBootAsmGnu.o)
                0x000009a0                CyDelayCycles
                0x000009b4                CyEnterCriticalSection
                0x000009bc                CyExitCriticalSection
 .text          0x000009c4      0x114 c:/program files/cypress/psoc creator/4.2/psoc creator/import/gnu/arm/5.4.1/bin/../lib/gcc/arm-none-eabi/5.4.1/armv6-m\libgcc.a(_udivsi3.o)
                0x000009c4                __aeabi_uidiv
                0x000009c4                __udivsi3
                0x00000ad0                __aeabi_uidivmod
 .text          0x00000ad8        0x4 c:/program files/cypress/psoc creator/4.2/psoc creator/import/gnu/arm/5.4.1/bin/../lib/gcc/arm-none-eabi/5.4.1/armv6-m\libgcc.a(_dvmd_tls.o)
                0x00000ad8                __aeabi_idiv0
                0x00000ad8                __aeabi_ldiv0
 .text.__errno  0x00000adc        0xc c:/program files/cypress/psoc creator/4.2/psoc creator/import/gnu/arm/5.4.1/bin/../lib/gcc/arm-none-eabi/5.4.1/../../../../arm-none-eabi/lib/armv6-m\libg_nano.a(lib_a-errno.o)
                0x00000adc                __errno
 .text.__libc_init_array
                0x00000ae8       0x4c c:/program files/cypress/psoc creator/4.2/psoc creator/import/gnu/arm/5.4.1/bin/../lib/gcc/arm-none-eabi/5.4.1/../../../../arm-none-eabi/lib/armv6-m\libg_nano.a(lib_a-init.o)
                0x00000ae8                __libc_init_array
 .text.memset   0x00000b34       0x10 c:/program files/cypress/psoc creator/4.2/psoc creator/import/gnu/arm/5.4.1/bin/../lib/gcc/arm-none-eabi/5.4.1/../../../../arm-none-eabi/lib/armv6-m\libg_nano.a(lib_a-memset.o)
                0x00000b34                memset
 *(.plt)
 *(.gnu.warning)
 *(.glue_7t)
 .glue_7t       0x00000b44        0x0 linker stubs
 *(.glue_7)
 .glue_7        0x00000b44        0x0 linker stubs
 *(.vfp11_veneer)
 .vfp11_veneer  0x00000b44        0x0 linker stubs
 *(.bootloader)
 *(.ARM.extab* .gnu.linkonce.armextab.*)
 *(.gcc_except_table)

.v4_bx          0x00000b44        0x0
 .v4_bx         0x00000b44        0x0 linker stubs

.iplt           0x00000b44        0x0
 .iplt          0x00000b44        0x0 c:/program files/cypress/psoc creator/4.2/psoc creator/import/gnu/arm/5.4.1/bin/../lib/gcc/arm-none-eabi/5.4.1/armv6-m/crtbegin.o

.eh_frame_hdr
 *(.eh_frame_hdr)

.eh_frame       0x00000b44        0x4
 *(.eh_frame)
 .eh_frame      0x00000b44        0x0 c:/program files/cypress/psoc creator/4.2/psoc creator/import/gnu/arm/5.4.1/bin/../lib/gcc/arm-none-eabi/5.4.1/armv6-m/crtbegin.o
 .eh_frame      0x00000b44        0x4 c:/program files/cypress/psoc creator/4.2/psoc creator/import/gnu/arm/5.4.1/bin/../lib/gcc/arm-none-eabi/5.4.1/armv6-m/crtend.o
                [!provide]                PROVIDE (__exidx_start, .)

.ARM.exidx
 *(.ARM.exidx* .gnu.linkonce.armexidx.*)
                0x00000b48                __exidx_end = .

.rodata         0x00000b48      0x130
 *(.rodata .rodata.* .gnu.linkonce.r.*)
 .rodata.str1.4
                0x00000b48        0x8 .\CortexM0\ARM_GCC_541\Debug\main.o
                                  0x5 (size before relaxing)
 .rodata        0x00000b50       0xc0 .\CortexM0\ARM_GCC_541\Debug\cyfitter_cfg.o
 .rodata        0x00000c10       0x2e .\CortexM0\ARM_GCC_541\Debug\Timer_lab_Kunc.a(CyLib.o)
                0x00000c10                cyImoFreqMhz2Reg
 .rodata.str1.1
                0x00000c3e        0x2 c:/program files/cypress/psoc creator/4.2/psoc creator/import/gnu/arm/5.4.1/bin/../lib/gcc/arm-none-eabi/5.4.1/../../../../arm-none-eabi/lib/armv6-m\libg_nano.a(lib_a-impure.o)
                0x00000c40                . = ALIGN (0x4)
 *(.init)
 .init          0x00000c40        0x4 c:/program files/cypress/psoc creator/4.2/psoc creator/import/gnu/arm/5.4.1/bin/../lib/gcc/arm-none-eabi/5.4.1/armv6-m/crti.o
                0x00000c40                _init
 .init          0x00000c44        0x8 c:/program files/cypress/psoc creator/4.2/psoc creator/import/gnu/arm/5.4.1/bin/../lib/gcc/arm-none-eabi/5.4.1/armv6-m/crtn.o
                0x00000c4c                . = ALIGN (0x4)
                0x00000c4c                __preinit_array_start = .
 *(.preinit_array)
                0x00000c4c                __preinit_array_end = .
                0x00000c4c                . = ALIGN (0x4)
                0x00000c4c                __init_array_start = .
 *(SORT(.init_array.*))
 *(.init_array)
 .init_array    0x00000c4c        0x4 c:/program files/cypress/psoc creator/4.2/psoc creator/import/gnu/arm/5.4.1/bin/../lib/gcc/arm-none-eabi/5.4.1/armv6-m/crtbegin.o
 .init_array    0x00000c50        0x4 .\CortexM0\ARM_GCC_541\Debug\Cm0Start.o
                0x00000c54                __init_array_end = .
                0x00000c54                . = ALIGN (0x4)
 *(.fini)
 .fini          0x00000c54        0x4 c:/program files/cypress/psoc creator/4.2/psoc creator/import/gnu/arm/5.4.1/bin/../lib/gcc/arm-none-eabi/5.4.1/armv6-m/crti.o
                0x00000c54                _fini
 .fini          0x00000c58        0x8 c:/program files/cypress/psoc creator/4.2/psoc creator/import/gnu/arm/5.4.1/bin/../lib/gcc/arm-none-eabi/5.4.1/armv6-m/crtn.o
                0x00000c60                . = ALIGN (0x4)
                0x00000c60                __fini_array_start = .
 *(.fini_array)
 .fini_array    0x00000c60        0x4 c:/program files/cypress/psoc creator/4.2/psoc creator/import/gnu/arm/5.4.1/bin/../lib/gcc/arm-none-eabi/5.4.1/armv6-m/crtbegin.o
 *(SORT(.fini_array.*))
                0x00000c64                __fini_array_end = .
                0x00000c64                . = ALIGN (0x4)
 *crtbegin.o(.ctors)
 *(EXCLUDE_FILE(*crtend.o) .ctors)
 *(SORT(.ctors.*))
 *crtend.o(.ctors)
                0x00000c64                . = ALIGN (0x4)
 *crtbegin.o(.dtors)
 *(EXCLUDE_FILE(*crtend.o) .dtors)
 *(SORT(.dtors.*))
 *crtend.o(.dtors)
                0x00000c64                . = ALIGN (0x4)
                0x00000c64                __cy_regions = .
                0x00000c64        0x4 LONG 0xc78 __cy_region_init_ram
                0x00000c68        0x4 LONG 0x200000c0 __cy_region_start_data
                0x00000c6c        0x4 LONG 0x80 __cy_region_init_size_ram
                0x00000c70        0x4 LONG 0x48 __cy_region_zero_size_ram
                0x00000c74                __cy_regions_end = .
                0x00000c78                . = ALIGN (0x8)
 *fill*         0x00000c74        0x4 
                0x00000c78                _etext = .

.cy_checksum_exclude
                0x00000c78        0x0
 *(.cy_checksum_exclude)

.ramvectors     0x20000000       0xc0
                0x20000000                __cy_region_start_ram = .
 *(.ramvectors)
 .ramvectors    0x20000000       0xc0 .\CortexM0\ARM_GCC_541\Debug\Cm0Start.o
                0x20000000                CyRamVectors

.noinit
 *(.noinit)

.data           0x200000c0       0x80 load address 0x00000c78
                0x200000c0                __cy_region_start_data = .
 *(.jcr)
 .jcr           0x200000c0        0x0 c:/program files/cypress/psoc creator/4.2/psoc creator/import/gnu/arm/5.4.1/bin/../lib/gcc/arm-none-eabi/5.4.1/armv6-m/crtbegin.o
 .jcr           0x200000c0        0x4 c:/program files/cypress/psoc creator/4.2/psoc creator/import/gnu/arm/5.4.1/bin/../lib/gcc/arm-none-eabi/5.4.1/armv6-m/crtend.o
 *(.got.plt)
 *(.got)
 *(.shdata)
 *(.data .data.* .gnu.linkonce.d.*)
 .data          0x200000c4       0x14 .\CortexM0\ARM_GCC_541\Debug\Timer_lab_Kunc.a(CyLib.o)
                0x200000c4                CySysClkPumpConfig
                0x200000c8                cydelay32kMs
                0x200000cc                cydelayFreqKhz
                0x200000d0                cydelayFreqMhz
                0x200000d4                cydelayFreqHz
 .data          0x200000d8        0x4 .\CortexM0\ARM_GCC_541\Debug\Timer_lab_Kunc.a(CyLFClk.o)
 .data.impure_data
                0x200000dc       0x60 c:/program files/cypress/psoc creator/4.2/psoc creator/import/gnu/arm/5.4.1/bin/../lib/gcc/arm-none-eabi/5.4.1/../../../../arm-none-eabi/lib/armv6-m\libg_nano.a(lib_a-impure.o)
 .data._impure_ptr
                0x2000013c        0x4 c:/program files/cypress/psoc creator/4.2/psoc creator/import/gnu/arm/5.4.1/bin/../lib/gcc/arm-none-eabi/5.4.1/../../../../arm-none-eabi/lib/armv6-m\libg_nano.a(lib_a-impure.o)
                0x2000013c                _impure_ptr
                0x20000140                . = ALIGN (0x8)
 *(.ram)
                0x20000140                _edata = .

.igot.plt       0x20000140        0x0 load address 0x00000cf8
 .igot.plt      0x20000140        0x0 c:/program files/cypress/psoc creator/4.2/psoc creator/import/gnu/arm/5.4.1/bin/../lib/gcc/arm-none-eabi/5.4.1/armv6-m/crtbegin.o

.bss            0x20000140       0x48 load address 0x00000cf8
                0x20000140                PROVIDE (__bss_start__, .)
 *(.shbss)
 *(.bss .bss.* .gnu.linkonce.b.*)
 .bss           0x20000140       0x1c c:/program files/cypress/psoc creator/4.2/psoc creator/import/gnu/arm/5.4.1/bin/../lib/gcc/arm-none-eabi/5.4.1/armv6-m/crtbegin.o
 .bss           0x2000015c        0x4 .\CortexM0\ARM_GCC_541\Debug\main.o
                0x2000015c                i
 .bss           0x20000160        0x1 .\CortexM0\ARM_GCC_541\Debug\Timer_lab_Kunc.a(Timer_lol.o)
                0x20000160                Timer_lol_initVar
 *fill*         0x20000161        0x3 
 .bss           0x20000164       0x20 .\CortexM0\ARM_GCC_541\Debug\Timer_lab_Kunc.a(CyLFClk.o)
 *(COMMON)
                0x20000188                . = ALIGN (0x8)
 *fill*         0x20000184        0x4 
 *(.ram.b)
                0x20000188                _end = .
                0x20000188                __end = .
                0x20000188                PROVIDE (end, .)
                0x20000188                PROVIDE (__bss_end__, .)
                0x00000c78                __cy_region_init_ram = LOADADDR (.data)
                0x00000080                __cy_region_init_size_ram = (_edata - ADDR (.data))
                0x00000048                __cy_region_zero_size_ram = (_end - _edata)

.heap           0x20000188       0x80 load address 0x00000cf8
                0x20000188                . = _end
                0x20000208                . = (. + 0x80)
 *fill*         0x20000188       0x80 
                0x20000208                __cy_heap_limit = .

.stack          0x20000c00      0x400
                0x20000c00                __cy_stack_limit = .
                0x20001000                . = (. + 0x400)
 *fill*         0x20000c00      0x400 
                0x00000001                ASSERT ((__cy_stack_limit >= __cy_heap_limit), region RAM overflowed with stack)
                0x00000000                cy_checksum_exclude_size = (CY_APPL_LOADABLE == 0x1)?SIZEOF (.cy_checksum_exclude):0x0
                0x00000001                ASSERT ((cy_checksum_exclude_size <= CY_CHECKSUM_EXCLUDE_SIZE), CY_BOOT: Section .cy_checksum_exclude size exceedes specified limit.)
                0x00007fc0                cyloadermeta_start = (cy_project_type_bootloader || cy_project_type_app_for_stack_and_copier)?(LENGTH (rom) - CY_METADATA_SIZE):0xf0000000

.cyloadermeta
 *(.cyloadermeta)
                0x00007fc0                cyloadablemeta_start = cy_project_type_app_for_stack_and_copier?((LENGTH (rom) - CY_FLASH_ROW_SIZE) - CY_METADATA_SIZE):((LENGTH (rom) - (CY_FLASH_ROW_SIZE * (CY_APPL_NUM - 0x1))) - CY_METADATA_SIZE)

.cyloadablemeta
 *(.cyloadablemeta)

.cyflashprotect
                0x90400000       0x20
 *(.cyflashprotect)
 .cyflashprotect
                0x90400000       0x20 .\CortexM0\ARM_GCC_541\Debug\cymetadata.o
                0x90400000                cy_meta_flashprotect

.cymeta         0x90500000        0xc
 *(.cymeta)
 .cymeta        0x90500000        0xc .\CortexM0\ARM_GCC_541\Debug\cymetadata.o
                0x90500000                cy_metadata

.cychipprotect  0x90600000        0x1
 *(.cychipprotect)
 .cychipprotect
                0x90600000        0x1 .\CortexM0\ARM_GCC_541\Debug\cymetadata.o
                0x90600000                cy_meta_chipprotect

.rel.dyn        0x00000cf8        0x0 load address 0x90600004
 .rel.iplt      0x00000cf8        0x0 c:/program files/cypress/psoc creator/4.2/psoc creator/import/gnu/arm/5.4.1/bin/../lib/gcc/arm-none-eabi/5.4.1/armv6-m/crtbegin.o

.stab
 *(.stab)

.stabstr
 *(.stabstr)

.debug
 *(.debug)

.line
 *(.line)

.debug_srcinfo
 *(.debug_srcinfo)

.debug_sfnames
 *(.debug_sfnames)

.debug_aranges  0x00000000      0x540
 *(.debug_aranges)
 .debug_aranges
                0x00000000       0x28 .\CortexM0\ARM_GCC_541\Debug\main.o
 .debug_aranges
                0x00000028       0x38 .\CortexM0\ARM_GCC_541\Debug\cyfitter_cfg.o
 .debug_aranges
                0x00000060       0x18 .\CortexM0\ARM_GCC_541\Debug\cymetadata.o
 .debug_aranges
                0x00000078       0x48 .\CortexM0\ARM_GCC_541\Debug\Cm0Start.o
 .debug_aranges
                0x000000c0       0x90 .\CortexM0\ARM_GCC_541\Debug\Timer_lab_Kunc.a(Timer_lol.o)
 .debug_aranges
                0x00000150       0x80 .\CortexM0\ARM_GCC_541\Debug\Timer_lab_Kunc.a(isr_lol.o)
 .debug_aranges
                0x000001d0       0x98 .\CortexM0\ARM_GCC_541\Debug\Timer_lab_Kunc.a(LCD_lol.o)
 .debug_aranges
                0x00000268      0x180 .\CortexM0\ARM_GCC_541\Debug\Timer_lab_Kunc.a(CyLib.o)
 .debug_aranges
                0x000003e8      0x138 .\CortexM0\ARM_GCC_541\Debug\Timer_lab_Kunc.a(CyLFClk.o)
 .debug_aranges
                0x00000520       0x20 .\CortexM0\ARM_GCC_541\Debug\Timer_lab_Kunc.a(CyBootAsmGnu.o)

.debug_pubnames
 *(.debug_pubnames)

.debug_info     0x00000000     0x2f51
 *(.debug_info .gnu.linkonce.wi.*)
 .debug_info    0x00000000      0x191 .\CortexM0\ARM_GCC_541\Debug\main.o
 .debug_info    0x00000191      0x3a0 .\CortexM0\ARM_GCC_541\Debug\cyfitter_cfg.o
 .debug_info    0x00000531       0xf8 .\CortexM0\ARM_GCC_541\Debug\cymetadata.o
 .debug_info    0x00000629      0x3a2 .\CortexM0\ARM_GCC_541\Debug\Cm0Start.o
 .debug_info    0x000009cb      0x2ee .\CortexM0\ARM_GCC_541\Debug\Timer_lab_Kunc.a(Timer_lol.o)
 .debug_info    0x00000cb9      0x305 .\CortexM0\ARM_GCC_541\Debug\Timer_lab_Kunc.a(isr_lol.o)
 .debug_info    0x00000fbe      0x721 .\CortexM0\ARM_GCC_541\Debug\Timer_lab_Kunc.a(LCD_lol.o)
 .debug_info    0x000016df      0xaec .\CortexM0\ARM_GCC_541\Debug\Timer_lab_Kunc.a(CyLib.o)
 .debug_info    0x000021cb      0xcfe .\CortexM0\ARM_GCC_541\Debug\Timer_lab_Kunc.a(CyLFClk.o)
 .debug_info    0x00002ec9       0x88 .\CortexM0\ARM_GCC_541\Debug\Timer_lab_Kunc.a(CyBootAsmGnu.o)

.debug_abbrev   0x00000000      0xcc8
 *(.debug_abbrev)
 .debug_abbrev  0x00000000       0xc1 .\CortexM0\ARM_GCC_541\Debug\main.o
 .debug_abbrev  0x000000c1      0x199 .\CortexM0\ARM_GCC_541\Debug\cyfitter_cfg.o
 .debug_abbrev  0x0000025a       0x5d .\CortexM0\ARM_GCC_541\Debug\cymetadata.o
 .debug_abbrev  0x000002b7      0x1d7 .\CortexM0\ARM_GCC_541\Debug\Cm0Start.o
 .debug_abbrev  0x0000048e      0x12b .\CortexM0\ARM_GCC_541\Debug\Timer_lab_Kunc.a(Timer_lol.o)
 .debug_abbrev  0x000005b9      0x19a .\CortexM0\ARM_GCC_541\Debug\Timer_lab_Kunc.a(isr_lol.o)
 .debug_abbrev  0x00000753      0x171 .\CortexM0\ARM_GCC_541\Debug\Timer_lab_Kunc.a(LCD_lol.o)
 .debug_abbrev  0x000008c4      0x1e0 .\CortexM0\ARM_GCC_541\Debug\Timer_lab_Kunc.a(CyLib.o)
 .debug_abbrev  0x00000aa4      0x210 .\CortexM0\ARM_GCC_541\Debug\Timer_lab_Kunc.a(CyLFClk.o)
 .debug_abbrev  0x00000cb4       0x14 .\CortexM0\ARM_GCC_541\Debug\Timer_lab_Kunc.a(CyBootAsmGnu.o)

.debug_line     0x00000000     0x1335
 *(.debug_line)
 .debug_line    0x00000000       0x99 .\CortexM0\ARM_GCC_541\Debug\main.o
 .debug_line    0x00000099      0x159 .\CortexM0\ARM_GCC_541\Debug\cyfitter_cfg.o
 .debug_line    0x000001f2      0x135 .\CortexM0\ARM_GCC_541\Debug\cymetadata.o
 .debug_line    0x00000327      0x229 .\CortexM0\ARM_GCC_541\Debug\Cm0Start.o
 .debug_line    0x00000550      0x17d .\CortexM0\ARM_GCC_541\Debug\Timer_lab_Kunc.a(Timer_lol.o)
 .debug_line    0x000006cd      0x14f .\CortexM0\ARM_GCC_541\Debug\Timer_lab_Kunc.a(isr_lol.o)
 .debug_line    0x0000081c      0x1ea .\CortexM0\ARM_GCC_541\Debug\Timer_lab_Kunc.a(LCD_lol.o)
 .debug_line    0x00000a06      0x460 .\CortexM0\ARM_GCC_541\Debug\Timer_lab_Kunc.a(CyLib.o)
 .debug_line    0x00000e66      0x466 .\CortexM0\ARM_GCC_541\Debug\Timer_lab_Kunc.a(CyLFClk.o)
 .debug_line    0x000012cc       0x69 .\CortexM0\ARM_GCC_541\Debug\Timer_lab_Kunc.a(CyBootAsmGnu.o)

.debug_frame    0x00000000      0xdf0
 *(.debug_frame)
 .debug_frame   0x00000000       0x48 .\CortexM0\ARM_GCC_541\Debug\main.o
 .debug_frame   0x00000048       0x8c .\CortexM0\ARM_GCC_541\Debug\cyfitter_cfg.o
 .debug_frame   0x000000d4       0xbc .\CortexM0\ARM_GCC_541\Debug\Cm0Start.o
 .debug_frame   0x00000190      0x124 .\CortexM0\ARM_GCC_541\Debug\Timer_lab_Kunc.a(Timer_lol.o)
 .debug_frame   0x000002b4      0x110 .\CortexM0\ARM_GCC_541\Debug\Timer_lab_Kunc.a(isr_lol.o)
 .debug_frame   0x000003c4      0x1f0 .\CortexM0\ARM_GCC_541\Debug\Timer_lab_Kunc.a(LCD_lol.o)
 .debug_frame   0x000005b4      0x3e0 .\CortexM0\ARM_GCC_541\Debug\Timer_lab_Kunc.a(CyLib.o)
 .debug_frame   0x00000994      0x3a8 .\CortexM0\ARM_GCC_541\Debug\Timer_lab_Kunc.a(CyLFClk.o)
 .debug_frame   0x00000d3c       0x20 c:/program files/cypress/psoc creator/4.2/psoc creator/import/gnu/arm/5.4.1/bin/../lib/gcc/arm-none-eabi/5.4.1/armv6-m\libgcc.a(_udivsi3.o)
 .debug_frame   0x00000d5c       0x20 c:/program files/cypress/psoc creator/4.2/psoc creator/import/gnu/arm/5.4.1/bin/../lib/gcc/arm-none-eabi/5.4.1/../../../../arm-none-eabi/lib/armv6-m\libg_nano.a(lib_a-errno.o)
 .debug_frame   0x00000d7c       0x28 c:/program files/cypress/psoc creator/4.2/psoc creator/import/gnu/arm/5.4.1/bin/../lib/gcc/arm-none-eabi/5.4.1/../../../../arm-none-eabi/lib/armv6-m\libg_nano.a(lib_a-exit.o)
 .debug_frame   0x00000da4       0x2c c:/program files/cypress/psoc creator/4.2/psoc creator/import/gnu/arm/5.4.1/bin/../lib/gcc/arm-none-eabi/5.4.1/../../../../arm-none-eabi/lib/armv6-m\libg_nano.a(lib_a-init.o)
 .debug_frame   0x00000dd0       0x20 c:/program files/cypress/psoc creator/4.2/psoc creator/import/gnu/arm/5.4.1/bin/../lib/gcc/arm-none-eabi/5.4.1/../../../../arm-none-eabi/lib/armv6-m\libg_nano.a(lib_a-memset.o)

.debug_str      0x00000000     0x1296
 *(.debug_str)
 .debug_str     0x00000000      0x1bb .\CortexM0\ARM_GCC_541\Debug\main.o
                                0x1fb (size before relaxing)
 .debug_str     0x000001bb      0x120 .\CortexM0\ARM_GCC_541\Debug\cyfitter_cfg.o
                                0x2bd (size before relaxing)
 .debug_str     0x000002db       0x63 .\CortexM0\ARM_GCC_541\Debug\cymetadata.o
                                0x1c0 (size before relaxing)
 .debug_str     0x0000033e      0x13a .\CortexM0\ARM_GCC_541\Debug\Cm0Start.o
                                0x2f9 (size before relaxing)
 .debug_str     0x00000478      0x1e6 .\CortexM0\ARM_GCC_541\Debug\Timer_lab_Kunc.a(Timer_lol.o)
                                0x37b (size before relaxing)
 .debug_str     0x0000065e      0x10a .\CortexM0\ARM_GCC_541\Debug\Timer_lab_Kunc.a(isr_lol.o)
                                0x2fe (size before relaxing)
 .debug_str     0x00000768      0x198 .\CortexM0\ARM_GCC_541\Debug\Timer_lab_Kunc.a(LCD_lol.o)
                                0x374 (size before relaxing)
 .debug_str     0x00000900      0x466 .\CortexM0\ARM_GCC_541\Debug\Timer_lab_Kunc.a(CyLib.o)
                                0x6ae (size before relaxing)
 .debug_str     0x00000d66      0x530 .\CortexM0\ARM_GCC_541\Debug\Timer_lab_Kunc.a(CyLFClk.o)
                                0x735 (size before relaxing)

.debug_loc      0x00000000     0x162d
 *(.debug_loc)
 .debug_loc     0x00000000      0x118 .\CortexM0\ARM_GCC_541\Debug\cyfitter_cfg.o
 .debug_loc     0x00000118      0x14f .\CortexM0\ARM_GCC_541\Debug\Cm0Start.o
 .debug_loc     0x00000267       0x13 .\CortexM0\ARM_GCC_541\Debug\Timer_lab_Kunc.a(Timer_lol.o)
 .debug_loc     0x0000027a       0x82 .\CortexM0\ARM_GCC_541\Debug\Timer_lab_Kunc.a(isr_lol.o)
 .debug_loc     0x000002fc      0x3e3 .\CortexM0\ARM_GCC_541\Debug\Timer_lab_Kunc.a(LCD_lol.o)
 .debug_loc     0x000006df      0x599 .\CortexM0\ARM_GCC_541\Debug\Timer_lab_Kunc.a(CyLib.o)
 .debug_loc     0x00000c78      0x9b5 .\CortexM0\ARM_GCC_541\Debug\Timer_lab_Kunc.a(CyLFClk.o)

.debug_macinfo
 *(.debug_macinfo)

.debug_ranges   0x00000000      0x488
 *(.debug_ranges)
 .debug_ranges  0x00000000       0x18 .\CortexM0\ARM_GCC_541\Debug\main.o
 .debug_ranges  0x00000018       0x28 .\CortexM0\ARM_GCC_541\Debug\cyfitter_cfg.o
 .debug_ranges  0x00000040       0x38 .\CortexM0\ARM_GCC_541\Debug\Cm0Start.o
 .debug_ranges  0x00000078       0x80 .\CortexM0\ARM_GCC_541\Debug\Timer_lab_Kunc.a(Timer_lol.o)
 .debug_ranges  0x000000f8       0x70 .\CortexM0\ARM_GCC_541\Debug\Timer_lab_Kunc.a(isr_lol.o)
 .debug_ranges  0x00000168       0x88 .\CortexM0\ARM_GCC_541\Debug\Timer_lab_Kunc.a(LCD_lol.o)
 .debug_ranges  0x000001f0      0x170 .\CortexM0\ARM_GCC_541\Debug\Timer_lab_Kunc.a(CyLib.o)
 .debug_ranges  0x00000360      0x128 .\CortexM0\ARM_GCC_541\Debug\Timer_lab_Kunc.a(CyLFClk.o)

.comment        0x00000000       0x6e
 .comment       0x00000000       0x6e .\CortexM0\ARM_GCC_541\Debug\main.o
                                 0x6f (size before relaxing)
 .comment       0x0000006e       0x6f .\CortexM0\ARM_GCC_541\Debug\cyfitter_cfg.o
 .comment       0x0000006e       0x6f .\CortexM0\ARM_GCC_541\Debug\cymetadata.o
 .comment       0x0000006e       0x6f .\CortexM0\ARM_GCC_541\Debug\Cm0Start.o
 .comment       0x0000006e       0x6f .\CortexM0\ARM_GCC_541\Debug\Timer_lab_Kunc.a(Timer_lol.o)
 .comment       0x0000006e       0x6f .\CortexM0\ARM_GCC_541\Debug\Timer_lab_Kunc.a(isr_lol.o)
 .comment       0x0000006e       0x6f .\CortexM0\ARM_GCC_541\Debug\Timer_lab_Kunc.a(LCD_lol.o)
 .comment       0x0000006e       0x6f .\CortexM0\ARM_GCC_541\Debug\Timer_lab_Kunc.a(CyLib.o)
 .comment       0x0000006e       0x6f .\CortexM0\ARM_GCC_541\Debug\Timer_lab_Kunc.a(CyLFClk.o)

.debug_weaknames
 *(.debug_weaknames)

.debug_funcnames
 *(.debug_funcnames)

.debug_typenames
 *(.debug_typenames)

.debug_varnames
 *(.debug_varnames)

.note.gnu.arm.ident
 *(.note.gnu.arm.ident)

.ARM.attributes
                0x00000000       0x28
 *(.ARM.attributes)
 .ARM.attributes
                0x00000000       0x1e c:/program files/cypress/psoc creator/4.2/psoc creator/import/gnu/arm/5.4.1/bin/../lib/gcc/arm-none-eabi/5.4.1/armv6-m/crti.o
 .ARM.attributes
                0x0000001e       0x2c c:/program files/cypress/psoc creator/4.2/psoc creator/import/gnu/arm/5.4.1/bin/../lib/gcc/arm-none-eabi/5.4.1/armv6-m/crtbegin.o
 .ARM.attributes
                0x0000004a       0x1b c:/program files/cypress/psoc creator/4.2/psoc creator/import/gnu/arm/5.4.1/bin/../lib/gcc/arm-none-eabi/5.4.1/../../../../arm-none-eabi/lib/armv6-m/crt0.o
 .ARM.attributes
                0x00000065       0x31 .\CortexM0\ARM_GCC_541\Debug\main.o
 .ARM.attributes
                0x00000096       0x31 .\CortexM0\ARM_GCC_541\Debug\cyfitter_cfg.o
 .ARM.attributes
                0x000000c7       0x31 .\CortexM0\ARM_GCC_541\Debug\cymetadata.o
 .ARM.attributes
                0x000000f8       0x31 .\CortexM0\ARM_GCC_541\Debug\Cm0Start.o
 .ARM.attributes
                0x00000129       0x31 .\CortexM0\ARM_GCC_541\Debug\Timer_lab_Kunc.a(Timer_lol.o)
 .ARM.attributes
                0x0000015a       0x31 .\CortexM0\ARM_GCC_541\Debug\Timer_lab_Kunc.a(isr_lol.o)
 .ARM.attributes
                0x0000018b       0x31 .\CortexM0\ARM_GCC_541\Debug\Timer_lab_Kunc.a(LCD_lol.o)
 .ARM.attributes
                0x000001bc       0x31 .\CortexM0\ARM_GCC_541\Debug\Timer_lab_Kunc.a(CyLib.o)
 .ARM.attributes
                0x000001ed       0x31 .\CortexM0\ARM_GCC_541\Debug\Timer_lab_Kunc.a(CyLFClk.o)
 .ARM.attributes
                0x0000021e       0x21 .\CortexM0\ARM_GCC_541\Debug\Timer_lab_Kunc.a(CyBootAsmGnu.o)
 .ARM.attributes
                0x0000023f       0x1e c:/program files/cypress/psoc creator/4.2/psoc creator/import/gnu/arm/5.4.1/bin/../lib/gcc/arm-none-eabi/5.4.1/armv6-m\libgcc.a(_udivsi3.o)
 .ARM.attributes
                0x0000025d       0x1e c:/program files/cypress/psoc creator/4.2/psoc creator/import/gnu/arm/5.4.1/bin/../lib/gcc/arm-none-eabi/5.4.1/armv6-m\libgcc.a(_dvmd_tls.o)
 .ARM.attributes
                0x0000027b       0x2c c:/program files/cypress/psoc creator/4.2/psoc creator/import/gnu/arm/5.4.1/bin/../lib/gcc/arm-none-eabi/5.4.1/../../../../arm-none-eabi/lib/armv6-m\libg_nano.a(lib_a-errno.o)
 .ARM.attributes
                0x000002a7       0x2c c:/program files/cypress/psoc creator/4.2/psoc creator/import/gnu/arm/5.4.1/bin/../lib/gcc/arm-none-eabi/5.4.1/../../../../arm-none-eabi/lib/armv6-m\libg_nano.a(lib_a-exit.o)
 .ARM.attributes
                0x000002d3       0x2c c:/program files/cypress/psoc creator/4.2/psoc creator/import/gnu/arm/5.4.1/bin/../lib/gcc/arm-none-eabi/5.4.1/../../../../arm-none-eabi/lib/armv6-m\libg_nano.a(lib_a-impure.o)
 .ARM.attributes
                0x000002ff       0x2c c:/program files/cypress/psoc creator/4.2/psoc creator/import/gnu/arm/5.4.1/bin/../lib/gcc/arm-none-eabi/5.4.1/../../../../arm-none-eabi/lib/armv6-m\libg_nano.a(lib_a-init.o)
 .ARM.attributes
                0x0000032b       0x2c c:/program files/cypress/psoc creator/4.2/psoc creator/import/gnu/arm/5.4.1/bin/../lib/gcc/arm-none-eabi/5.4.1/../../../../arm-none-eabi/lib/armv6-m\libg_nano.a(lib_a-memset.o)
 .ARM.attributes
                0x00000357       0x2c c:/program files/cypress/psoc creator/4.2/psoc creator/import/gnu/arm/5.4.1/bin/../lib/gcc/arm-none-eabi/5.4.1/armv6-m/crtend.o
 .ARM.attributes
                0x00000383       0x1e c:/program files/cypress/psoc creator/4.2/psoc creator/import/gnu/arm/5.4.1/bin/../lib/gcc/arm-none-eabi/5.4.1/armv6-m/crtn.o

/DISCARD/
 *(.note.GNU-stack)
OUTPUT(C:\Users\Student_2\Desktop\Timer_lab\Timer_lab_Kunc.cydsn\CortexM0\ARM_GCC_541\Debug\Timer_lab_Kunc.elf elf32-littlearm)
